
Loading design for application trce from file romemu_spi_bringup.ncd.
Design name: top
NCD version: 3.3
Vendor:      LATTICE
Device:      LCMXO2-1200HC
Package:     TQFP100
Performance: 4
Loading device for application trce from file 'xo2c1200.nph' in environment: C:/lscc/diamond/3.14/ispfpga.
Package Status:                     Final          Version 1.44.
Performance Hardware Data Status:   Final          Version 36.4.
Setup and Hold Report

--------------------------------------------------------------------------------
Lattice TRACE Report - Setup, Version Diamond (64-bit) 3.14.0.75.2
Mon Sep 07 19:50:16 2026

Copyright (c) 1991-1994 by NeoCAD Inc. All rights reserved.
Copyright (c) 1995 AT&T Corp.   All rights reserved.
Copyright (c) 1995-2001 Lucent Technologies Inc.  All rights reserved.
Copyright (c) 2001 Agere Systems   All rights reserved.
Copyright (c) 2002-2024 Lattice Semiconductor Corporation,  All rights reserved.

Report Information
------------------
Command line:    trce -v 10 -gt -sethld -sp 4 -sphld m -o RomEmu_spi_bringup.twr -gui -msgset C:/Users/Admin/Documents/diy-gb-flash-cart/fpga/diamond/promote.xml RomEmu_spi_bringup.ncd RomEmu_spi_bringup.prf 
Design file:     romemu_spi_bringup.ncd
Preference file: romemu_spi_bringup.prf
Device,speed:    LCMXO2-1200HC,4
Report level:    verbose report, limited to 10 items per preference
--------------------------------------------------------------------------------

BLOCK ASYNCPATHS
BLOCK RESETPATHS
--------------------------------------------------------------------------------



================================================================================
Preference: FREQUENCY NET "clk" 2.080000 MHz ;
            1074 items scored, 0 timing errors detected.
--------------------------------------------------------------------------------


Passed: The following path meets requirements by 472.723ns

 Logical Details:  Cell type  Pin type       Cell/ASIC name  (clock net +/-)

   Source:         FF         Q              bit_count__i4  (from clk +)
   Destination:    FF         Data in        response__i26  (to clk +)
                   FF                        response__i25

   Delay:               7.764ns  (24.9% logic, 75.1% route), 4 logic levels.

 Constraint Details:

      7.764ns physical path delay SLICE_2 to SLICE_13 meets
    480.769ns delay constraint less
      0.000ns skew and
      0.282ns CE_SET requirement (totaling 480.487ns) by 472.723ns

 Physical Path Details:

      Data path SLICE_2 to SLICE_13:

   Name    Fanout   Delay (ns)          Site               Resource
REG_DEL     ---     0.452     R8C13C.CLK to      R8C13C.Q1 SLICE_2 (from clk)
ROUTE         6     1.376      R8C13C.Q1 to      R7C11C.B1 bit_count_4
CTOF_DEL    ---     0.495      R7C11C.B1 to      R7C11C.F1 SLICE_10
ROUTE         2     0.973      R7C11C.F1 to      R7C12D.A0 n1413
CTOF_DEL    ---     0.495      R7C12D.A0 to      R7C12D.F0 SLICE_49
ROUTE         1     1.004      R7C12D.F0 to      R7C12B.B0 n1408
CTOF_DEL    ---     0.495      R7C12B.B0 to      R7C12B.F0 SLICE_45
ROUTE        25     2.474      R7C12B.F0 to      R9C12B.CE clk_enable_56 (to clk)
                  --------
                    7.764   (24.9% logic, 75.1% route), 4 logic levels.

 Clock Skew Details: 

      Source Clock Path osc to SLICE_2:

   Name    Fanout   Delay (ns)          Site               Resource
ROUTE        43     3.541        OSC.OSC to     R8C13C.CLK clk
                  --------
                    3.541   (0.0% logic, 100.0% route), 0 logic levels.

      Destination Clock Path osc to SLICE_13:

   Name    Fanout   Delay (ns)          Site               Resource
ROUTE        43     3.541        OSC.OSC to     R9C12B.CLK clk
                  --------
                    3.541   (0.0% logic, 100.0% route), 0 logic levels.


Passed: The following path meets requirements by 472.723ns

 Logical Details:  Cell type  Pin type       Cell/ASIC name  (clock net +/-)

   Source:         FF         Q              bit_count__i4  (from clk +)
   Destination:    FF         Data in        response__i28  (to clk +)
                   FF                        response__i27

   Delay:               7.764ns  (24.9% logic, 75.1% route), 4 logic levels.

 Constraint Details:

      7.764ns physical path delay SLICE_2 to SLICE_14 meets
    480.769ns delay constraint less
      0.000ns skew and
      0.282ns CE_SET requirement (totaling 480.487ns) by 472.723ns

 Physical Path Details:

      Data path SLICE_2 to SLICE_14:

   Name    Fanout   Delay (ns)          Site               Resource
REG_DEL     ---     0.452     R8C13C.CLK to      R8C13C.Q1 SLICE_2 (from clk)
ROUTE         6     1.376      R8C13C.Q1 to      R7C11C.B1 bit_count_4
CTOF_DEL    ---     0.495      R7C11C.B1 to      R7C11C.F1 SLICE_10
ROUTE         2     0.973      R7C11C.F1 to      R7C12D.A0 n1413
CTOF_DEL    ---     0.495      R7C12D.A0 to      R7C12D.F0 SLICE_49
ROUTE         1     1.004      R7C12D.F0 to      R7C12B.B0 n1408
CTOF_DEL    ---     0.495      R7C12B.B0 to      R7C12B.F0 SLICE_45
ROUTE        25     2.474      R7C12B.F0 to      R9C12D.CE clk_enable_56 (to clk)
                  --------
                    7.764   (24.9% logic, 75.1% route), 4 logic levels.

 Clock Skew Details: 

      Source Clock Path osc to SLICE_2:

   Name    Fanout   Delay (ns)          Site               Resource
ROUTE        43     3.541        OSC.OSC to     R8C13C.CLK clk
                  --------
                    3.541   (0.0% logic, 100.0% route), 0 logic levels.

      Destination Clock Path osc to SLICE_14:

   Name    Fanout   Delay (ns)          Site               Resource
ROUTE        43     3.541        OSC.OSC to     R9C12D.CLK clk
                  --------
                    3.541   (0.0% logic, 100.0% route), 0 logic levels.


Passed: The following path meets requirements by 472.723ns

 Logical Details:  Cell type  Pin type       Cell/ASIC name  (clock net +/-)

   Source:         FF         Q              bit_count__i4  (from clk +)
   Destination:    FF         Data in        response__i30  (to clk +)
                   FF                        response__i29

   Delay:               7.764ns  (24.9% logic, 75.1% route), 4 logic levels.

 Constraint Details:

      7.764ns physical path delay SLICE_2 to SLICE_15 meets
    480.769ns delay constraint less
      0.000ns skew and
      0.282ns CE_SET requirement (totaling 480.487ns) by 472.723ns

 Physical Path Details:

      Data path SLICE_2 to SLICE_15:

   Name    Fanout   Delay (ns)          Site               Resource
REG_DEL     ---     0.452     R8C13C.CLK to      R8C13C.Q1 SLICE_2 (from clk)
ROUTE         6     1.376      R8C13C.Q1 to      R7C11C.B1 bit_count_4
CTOF_DEL    ---     0.495      R7C11C.B1 to      R7C11C.F1 SLICE_10
ROUTE         2     0.973      R7C11C.F1 to      R7C12D.A0 n1413
CTOF_DEL    ---     0.495      R7C12D.A0 to      R7C12D.F0 SLICE_49
ROUTE         1     1.004      R7C12D.F0 to      R7C12B.B0 n1408
CTOF_DEL    ---     0.495      R7C12B.B0 to      R7C12B.F0 SLICE_45
ROUTE        25     2.474      R7C12B.F0 to      R9C12C.CE clk_enable_56 (to clk)
                  --------
                    7.764   (24.9% logic, 75.1% route), 4 logic levels.

 Clock Skew Details: 

      Source Clock Path osc to SLICE_2:

   Name    Fanout   Delay (ns)          Site               Resource
ROUTE        43     3.541        OSC.OSC to     R8C13C.CLK clk
                  --------
                    3.541   (0.0% logic, 100.0% route), 0 logic levels.

      Destination Clock Path osc to SLICE_15:

   Name    Fanout   Delay (ns)          Site               Resource
ROUTE        43     3.541        OSC.OSC to     R9C12C.CLK clk
                  --------
                    3.541   (0.0% logic, 100.0% route), 0 logic levels.


Passed: The following path meets requirements by 472.723ns

 Logical Details:  Cell type  Pin type       Cell/ASIC name  (clock net +/-)

   Source:         FF         Q              bit_count__i4  (from clk +)
   Destination:    FF         Data in        response__i31  (to clk +)

   Delay:               7.764ns  (24.9% logic, 75.1% route), 4 logic levels.

 Constraint Details:

      7.764ns physical path delay SLICE_2 to SLICE_16 meets
    480.769ns delay constraint less
      0.000ns skew and
      0.282ns CE_SET requirement (totaling 480.487ns) by 472.723ns

 Physical Path Details:

      Data path SLICE_2 to SLICE_16:

   Name    Fanout   Delay (ns)          Site               Resource
REG_DEL     ---     0.452     R8C13C.CLK to      R8C13C.Q1 SLICE_2 (from clk)
ROUTE         6     1.376      R8C13C.Q1 to      R7C11C.B1 bit_count_4
CTOF_DEL    ---     0.495      R7C11C.B1 to      R7C11C.F1 SLICE_10
ROUTE         2     0.973      R7C11C.F1 to      R7C12D.A0 n1413
CTOF_DEL    ---     0.495      R7C12D.A0 to      R7C12D.F0 SLICE_49
ROUTE         1     1.004      R7C12D.F0 to      R7C12B.B0 n1408
CTOF_DEL    ---     0.495      R7C12B.B0 to      R7C12B.F0 SLICE_45
ROUTE        25     2.474      R7C12B.F0 to      R9C11C.CE clk_enable_56 (to clk)
                  --------
                    7.764   (24.9% logic, 75.1% route), 4 logic levels.

 Clock Skew Details: 

      Source Clock Path osc to SLICE_2:

   Name    Fanout   Delay (ns)          Site               Resource
ROUTE        43     3.541        OSC.OSC to     R8C13C.CLK clk
                  --------
                    3.541   (0.0% logic, 100.0% route), 0 logic levels.

      Destination Clock Path osc to SLICE_16:

   Name    Fanout   Delay (ns)          Site               Resource
ROUTE        43     3.541        OSC.OSC to     R9C11C.CLK clk
                  --------
                    3.541   (0.0% logic, 100.0% route), 0 logic levels.


Passed: The following path meets requirements by 472.723ns

 Logical Details:  Cell type  Pin type       Cell/ASIC name  (clock net +/-)

   Source:         FF         Q              bit_count__i4  (from clk +)
   Destination:    FF         Data in        response__i33  (to clk +)
                   FF                        response__i32

   Delay:               7.764ns  (24.9% logic, 75.1% route), 4 logic levels.

 Constraint Details:

      7.764ns physical path delay SLICE_2 to SLICE_17 meets
    480.769ns delay constraint less
      0.000ns skew and
      0.282ns CE_SET requirement (totaling 480.487ns) by 472.723ns

 Physical Path Details:

      Data path SLICE_2 to SLICE_17:

   Name    Fanout   Delay (ns)          Site               Resource
REG_DEL     ---     0.452     R8C13C.CLK to      R8C13C.Q1 SLICE_2 (from clk)
ROUTE         6     1.376      R8C13C.Q1 to      R7C11C.B1 bit_count_4
CTOF_DEL    ---     0.495      R7C11C.B1 to      R7C11C.F1 SLICE_10
ROUTE         2     0.973      R7C11C.F1 to      R7C12D.A0 n1413
CTOF_DEL    ---     0.495      R7C12D.A0 to      R7C12D.F0 SLICE_49
ROUTE         1     1.004      R7C12D.F0 to      R7C12B.B0 n1408
CTOF_DEL    ---     0.495      R7C12B.B0 to      R7C12B.F0 SLICE_45
ROUTE        25     2.474      R7C12B.F0 to      R9C11A.CE clk_enable_56 (to clk)
                  --------
                    7.764   (24.9% logic, 75.1% route), 4 logic levels.

 Clock Skew Details: 

      Source Clock Path osc to SLICE_2:

   Name    Fanout   Delay (ns)          Site               Resource
ROUTE        43     3.541        OSC.OSC to     R8C13C.CLK clk
                  --------
                    3.541   (0.0% logic, 100.0% route), 0 logic levels.

      Destination Clock Path osc to SLICE_17:

   Name    Fanout   Delay (ns)          Site               Resource
ROUTE        43     3.541        OSC.OSC to     R9C11A.CLK clk
                  --------
                    3.541   (0.0% logic, 100.0% route), 0 logic levels.


Passed: The following path meets requirements by 472.723ns

 Logical Details:  Cell type  Pin type       Cell/ASIC name  (clock net +/-)

   Source:         FF         Q              bit_count__i4  (from clk +)
   Destination:    FF         Data in        response__i35  (to clk +)
                   FF                        response__i34

   Delay:               7.764ns  (24.9% logic, 75.1% route), 4 logic levels.

 Constraint Details:

      7.764ns physical path delay SLICE_2 to SLICE_18 meets
    480.769ns delay constraint less
      0.000ns skew and
      0.282ns CE_SET requirement (totaling 480.487ns) by 472.723ns

 Physical Path Details:

      Data path SLICE_2 to SLICE_18:

   Name    Fanout   Delay (ns)          Site               Resource
REG_DEL     ---     0.452     R8C13C.CLK to      R8C13C.Q1 SLICE_2 (from clk)
ROUTE         6     1.376      R8C13C.Q1 to      R7C11C.B1 bit_count_4
CTOF_DEL    ---     0.495      R7C11C.B1 to      R7C11C.F1 SLICE_10
ROUTE         2     0.973      R7C11C.F1 to      R7C12D.A0 n1413
CTOF_DEL    ---     0.495      R7C12D.A0 to      R7C12D.F0 SLICE_49
ROUTE         1     1.004      R7C12D.F0 to      R7C12B.B0 n1408
CTOF_DEL    ---     0.495      R7C12B.B0 to      R7C12B.F0 SLICE_45
ROUTE        25     2.474      R7C12B.F0 to      R9C11D.CE clk_enable_56 (to clk)
                  --------
                    7.764   (24.9% logic, 75.1% route), 4 logic levels.

 Clock Skew Details: 

      Source Clock Path osc to SLICE_2:

   Name    Fanout   Delay (ns)          Site               Resource
ROUTE        43     3.541        OSC.OSC to     R8C13C.CLK clk
                  --------
                    3.541   (0.0% logic, 100.0% route), 0 logic levels.

      Destination Clock Path osc to SLICE_18:

   Name    Fanout   Delay (ns)          Site               Resource
ROUTE        43     3.541        OSC.OSC to     R9C11D.CLK clk
                  --------
                    3.541   (0.0% logic, 100.0% route), 0 logic levels.


Passed: The following path meets requirements by 472.723ns

 Logical Details:  Cell type  Pin type       Cell/ASIC name  (clock net +/-)

   Source:         FF         Q              bit_count__i4  (from clk +)
   Destination:    FF         Data in        response__i37  (to clk +)
                   FF                        response__i36

   Delay:               7.764ns  (24.9% logic, 75.1% route), 4 logic levels.

 Constraint Details:

      7.764ns physical path delay SLICE_2 to SLICE_19 meets
    480.769ns delay constraint less
      0.000ns skew and
      0.282ns CE_SET requirement (totaling 480.487ns) by 472.723ns

 Physical Path Details:

      Data path SLICE_2 to SLICE_19:

   Name    Fanout   Delay (ns)          Site               Resource
REG_DEL     ---     0.452     R8C13C.CLK to      R8C13C.Q1 SLICE_2 (from clk)
ROUTE         6     1.376      R8C13C.Q1 to      R7C11C.B1 bit_count_4
CTOF_DEL    ---     0.495      R7C11C.B1 to      R7C11C.F1 SLICE_10
ROUTE         2     0.973      R7C11C.F1 to      R7C12D.A0 n1413
CTOF_DEL    ---     0.495      R7C12D.A0 to      R7C12D.F0 SLICE_49
ROUTE         1     1.004      R7C12D.F0 to      R7C12B.B0 n1408
CTOF_DEL    ---     0.495      R7C12B.B0 to      R7C12B.F0 SLICE_45
ROUTE        25     2.474      R7C12B.F0 to      R9C10A.CE clk_enable_56 (to clk)
                  --------
                    7.764   (24.9% logic, 75.1% route), 4 logic levels.

 Clock Skew Details: 

      Source Clock Path osc to SLICE_2:

   Name    Fanout   Delay (ns)          Site               Resource
ROUTE        43     3.541        OSC.OSC to     R8C13C.CLK clk
                  --------
                    3.541   (0.0% logic, 100.0% route), 0 logic levels.

      Destination Clock Path osc to SLICE_19:

   Name    Fanout   Delay (ns)          Site               Resource
ROUTE        43     3.541        OSC.OSC to     R9C10A.CLK clk
                  --------
                    3.541   (0.0% logic, 100.0% route), 0 logic levels.


Passed: The following path meets requirements by 472.723ns

 Logical Details:  Cell type  Pin type       Cell/ASIC name  (clock net +/-)

   Source:         FF         Q              bit_count__i4  (from clk +)
   Destination:    FF         Data in        response__i38  (to clk +)

   Delay:               7.764ns  (24.9% logic, 75.1% route), 4 logic levels.

 Constraint Details:

      7.764ns physical path delay SLICE_2 to SLICE_20 meets
    480.769ns delay constraint less
      0.000ns skew and
      0.282ns CE_SET requirement (totaling 480.487ns) by 472.723ns

 Physical Path Details:

      Data path SLICE_2 to SLICE_20:

   Name    Fanout   Delay (ns)          Site               Resource
REG_DEL     ---     0.452     R8C13C.CLK to      R8C13C.Q1 SLICE_2 (from clk)
ROUTE         6     1.376      R8C13C.Q1 to      R7C11C.B1 bit_count_4
CTOF_DEL    ---     0.495      R7C11C.B1 to      R7C11C.F1 SLICE_10
ROUTE         2     0.973      R7C11C.F1 to      R7C12D.A0 n1413
CTOF_DEL    ---     0.495      R7C12D.A0 to      R7C12D.F0 SLICE_49
ROUTE         1     1.004      R7C12D.F0 to      R7C12B.B0 n1408
CTOF_DEL    ---     0.495      R7C12B.B0 to      R7C12B.F0 SLICE_45
ROUTE        25     2.474      R7C12B.F0 to      R9C10C.CE clk_enable_56 (to clk)
                  --------
                    7.764   (24.9% logic, 75.1% route), 4 logic levels.

 Clock Skew Details: 

      Source Clock Path osc to SLICE_2:

   Name    Fanout   Delay (ns)          Site               Resource
ROUTE        43     3.541        OSC.OSC to     R8C13C.CLK clk
                  --------
                    3.541   (0.0% logic, 100.0% route), 0 logic levels.

      Destination Clock Path osc to SLICE_20:

   Name    Fanout   Delay (ns)          Site               Resource
ROUTE        43     3.541        OSC.OSC to     R9C10C.CLK clk
                  --------
                    3.541   (0.0% logic, 100.0% route), 0 logic levels.


Passed: The following path meets requirements by 472.723ns

 Logical Details:  Cell type  Pin type       Cell/ASIC name  (clock net +/-)

   Source:         FF         Q              bit_count__i4  (from clk +)
   Destination:    FF         Data in        response__i40  (to clk +)
                   FF                        response__i39

   Delay:               7.764ns  (24.9% logic, 75.1% route), 4 logic levels.

 Constraint Details:

      7.764ns physical path delay SLICE_2 to SLICE_21 meets
    480.769ns delay constraint less
      0.000ns skew and
      0.282ns CE_SET requirement (totaling 480.487ns) by 472.723ns

 Physical Path Details:

      Data path SLICE_2 to SLICE_21:

   Name    Fanout   Delay (ns)          Site               Resource
REG_DEL     ---     0.452     R8C13C.CLK to      R8C13C.Q1 SLICE_2 (from clk)
ROUTE         6     1.376      R8C13C.Q1 to      R7C11C.B1 bit_count_4
CTOF_DEL    ---     0.495      R7C11C.B1 to      R7C11C.F1 SLICE_10
ROUTE         2     0.973      R7C11C.F1 to      R7C12D.A0 n1413
CTOF_DEL    ---     0.495      R7C12D.A0 to      R7C12D.F0 SLICE_49
ROUTE         1     1.004      R7C12D.F0 to      R7C12B.B0 n1408
CTOF_DEL    ---     0.495      R7C12B.B0 to      R7C12B.F0 SLICE_45
ROUTE        25     2.474      R7C12B.F0 to       R9C9B.CE clk_enable_56 (to clk)
                  --------
                    7.764   (24.9% logic, 75.1% route), 4 logic levels.

 Clock Skew Details: 

      Source Clock Path osc to SLICE_2:

   Name    Fanout   Delay (ns)          Site               Resource
ROUTE        43     3.541        OSC.OSC to     R8C13C.CLK clk
                  --------
                    3.541   (0.0% logic, 100.0% route), 0 logic levels.

      Destination Clock Path osc to SLICE_21:

   Name    Fanout   Delay (ns)          Site               Resource
ROUTE        43     3.541        OSC.OSC to      R9C9B.CLK clk
                  --------
                    3.541   (0.0% logic, 100.0% route), 0 logic levels.


Passed: The following path meets requirements by 472.723ns

 Logical Details:  Cell type  Pin type       Cell/ASIC name  (clock net +/-)

   Source:         FF         Q              bit_count__i4  (from clk +)
   Destination:    FF         Data in        response__i42  (to clk +)
                   FF                        response__i41

   Delay:               7.764ns  (24.9% logic, 75.1% route), 4 logic levels.

 Constraint Details:

      7.764ns physical path delay SLICE_2 to SLICE_22 meets
    480.769ns delay constraint less
      0.000ns skew and
      0.282ns CE_SET requirement (totaling 480.487ns) by 472.723ns

 Physical Path Details:

      Data path SLICE_2 to SLICE_22:

   Name    Fanout   Delay (ns)          Site               Resource
REG_DEL     ---     0.452     R8C13C.CLK to      R8C13C.Q1 SLICE_2 (from clk)
ROUTE         6     1.376      R8C13C.Q1 to      R7C11C.B1 bit_count_4
CTOF_DEL    ---     0.495      R7C11C.B1 to      R7C11C.F1 SLICE_10
ROUTE         2     0.973      R7C11C.F1 to      R7C12D.A0 n1413
CTOF_DEL    ---     0.495      R7C12D.A0 to      R7C12D.F0 SLICE_49
ROUTE         1     1.004      R7C12D.F0 to      R7C12B.B0 n1408
CTOF_DEL    ---     0.495      R7C12B.B0 to      R7C12B.F0 SLICE_45
ROUTE        25     2.474      R7C12B.F0 to       R9C9C.CE clk_enable_56 (to clk)
                  --------
                    7.764   (24.9% logic, 75.1% route), 4 logic levels.

 Clock Skew Details: 

      Source Clock Path osc to SLICE_2:

   Name    Fanout   Delay (ns)          Site               Resource
ROUTE        43     3.541        OSC.OSC to     R8C13C.CLK clk
                  --------
                    3.541   (0.0% logic, 100.0% route), 0 logic levels.

      Destination Clock Path osc to SLICE_22:

   Name    Fanout   Delay (ns)          Site               Resource
ROUTE        43     3.541        OSC.OSC to      R9C9C.CLK clk
                  --------
                    3.541   (0.0% logic, 100.0% route), 0 logic levels.

Report:  124.285MHz is the maximum frequency for this preference.

Report Summary
--------------
----------------------------------------------------------------------------
Preference                              |   Constraint|       Actual|Levels
----------------------------------------------------------------------------
                                        |             |             |
FREQUENCY NET "clk" 2.080000 MHz ;      |    2.080 MHz|  124.285 MHz|   4  
                                        |             |             |
----------------------------------------------------------------------------


All preferences were met.


Clock Domains Analysis
------------------------

Found 1 clocks:

Clock Domain: clk   Source: osc.OSC   Loads: 43
   Covered under: FREQUENCY NET "clk" 2.080000 MHz ;


Timing summary (Setup):
---------------

Timing errors: 0  Score: 0
Cumulative negative slack: 0

Constraints cover 1074 paths, 1 nets, and 456 connections (98.92% coverage)

--------------------------------------------------------------------------------
Lattice TRACE Report - Hold, Version Diamond (64-bit) 3.14.0.75.2
Mon Sep 07 19:50:16 2026

Copyright (c) 1991-1994 by NeoCAD Inc. All rights reserved.
Copyright (c) 1995 AT&T Corp.   All rights reserved.
Copyright (c) 1995-2001 Lucent Technologies Inc.  All rights reserved.
Copyright (c) 2001 Agere Systems   All rights reserved.
Copyright (c) 2002-2024 Lattice Semiconductor Corporation,  All rights reserved.

Report Information
------------------
Command line:    trce -v 10 -gt -sethld -sp 4 -sphld m -o RomEmu_spi_bringup.twr -gui -msgset C:/Users/Admin/Documents/diy-gb-flash-cart/fpga/diamond/promote.xml RomEmu_spi_bringup.ncd RomEmu_spi_bringup.prf 
Design file:     romemu_spi_bringup.ncd
Preference file: romemu_spi_bringup.prf
Device,speed:    LCMXO2-1200HC,m
Report level:    verbose report, limited to 10 items per preference
--------------------------------------------------------------------------------

BLOCK ASYNCPATHS
BLOCK RESETPATHS
--------------------------------------------------------------------------------



================================================================================
Preference: FREQUENCY NET "clk" 2.080000 MHz ;
            1074 items scored, 0 timing errors detected.
--------------------------------------------------------------------------------


Passed: The following path meets requirements by 0.304ns

 Logical Details:  Cell type  Pin type       Cell/ASIC name  (clock net +/-)

   Source:         FF         Q              sck_sync_i0  (from clk +)
   Destination:    FF         Data in        sck_sync_i1  (to clk +)

   Delay:               0.285ns  (46.7% logic, 53.3% route), 1 logic levels.

 Constraint Details:

      0.285ns physical path delay SLICE_39 to SLICE_56 meets
     -0.019ns M_HLD and
      0.000ns delay constraint less
      0.000ns skew requirement (totaling -0.019ns) by 0.304ns

 Physical Path Details:

      Data path SLICE_39 to SLICE_56:

   Name    Fanout   Delay (ns)          Site               Resource
REG_DEL     ---     0.133     R7C11A.CLK to      R7C11A.Q0 SLICE_39 (from clk)
ROUTE         1     0.152      R7C11A.Q0 to      R7C11B.M0 sck_sync_0 (to clk)
                  --------
                    0.285   (46.7% logic, 53.3% route), 1 logic levels.

 Clock Skew Details: 

      Source Clock Path osc to SLICE_39:

   Name    Fanout   Delay (ns)          Site               Resource
ROUTE        43     1.216        OSC.OSC to     R7C11A.CLK clk
                  --------
                    1.216   (0.0% logic, 100.0% route), 0 logic levels.

      Destination Clock Path osc to SLICE_56:

   Name    Fanout   Delay (ns)          Site               Resource
ROUTE        43     1.216        OSC.OSC to     R7C11B.CLK clk
                  --------
                    1.216   (0.0% logic, 100.0% route), 0 logic levels.


Passed: The following path meets requirements by 0.304ns

 Logical Details:  Cell type  Pin type       Cell/ASIC name  (clock net +/-)

   Source:         FF         Q              r0  (from clk +)
   Destination:    FF         Data in        r1  (to clk +)

   Delay:               0.285ns  (46.7% logic, 53.3% route), 1 logic levels.

 Constraint Details:

      0.285ns physical path delay SLICE_42 to SLICE_42 meets
     -0.019ns M_HLD and
      0.000ns delay constraint less
      0.000ns skew requirement (totaling -0.019ns) by 0.304ns

 Physical Path Details:

      Data path SLICE_42 to SLICE_42:

   Name    Fanout   Delay (ns)          Site               Resource
REG_DEL     ---     0.133     R7C14A.CLK to      R7C14A.Q0 SLICE_42 (from clk)
ROUTE         1     0.152      R7C14A.Q0 to      R7C14A.M1 startup_ready_0 (to clk)
                  --------
                    0.285   (46.7% logic, 53.3% route), 1 logic levels.

 Clock Skew Details: 

      Source Clock Path osc to SLICE_42:

   Name    Fanout   Delay (ns)          Site               Resource
ROUTE        43     1.216        OSC.OSC to     R7C14A.CLK clk
                  --------
                    1.216   (0.0% logic, 100.0% route), 0 logic levels.

      Destination Clock Path osc to SLICE_42:

   Name    Fanout   Delay (ns)          Site               Resource
ROUTE        43     1.216        OSC.OSC to     R7C14A.CLK clk
                  --------
                    1.216   (0.0% logic, 100.0% route), 0 logic levels.


Passed: The following path meets requirements by 0.304ns

 Logical Details:  Cell type  Pin type       Cell/ASIC name  (clock net +/-)

   Source:         FF         Q              r1  (from clk +)
   Destination:    FF         Data in        r2  (to clk +)

   Delay:               0.285ns  (46.7% logic, 53.3% route), 1 logic levels.

 Constraint Details:

      0.285ns physical path delay SLICE_42 to SLICE_43 meets
     -0.019ns M_HLD and
      0.000ns delay constraint less
      0.000ns skew requirement (totaling -0.019ns) by 0.304ns

 Physical Path Details:

      Data path SLICE_42 to SLICE_43:

   Name    Fanout   Delay (ns)          Site               Resource
REG_DEL     ---     0.133     R7C14A.CLK to      R7C14A.Q1 SLICE_42 (from clk)
ROUTE         1     0.152      R7C14A.Q1 to      R7C14B.M0 startup_ready_1 (to clk)
                  --------
                    0.285   (46.7% logic, 53.3% route), 1 logic levels.

 Clock Skew Details: 

      Source Clock Path osc to SLICE_42:

   Name    Fanout   Delay (ns)          Site               Resource
ROUTE        43     1.216        OSC.OSC to     R7C14A.CLK clk
                  --------
                    1.216   (0.0% logic, 100.0% route), 0 logic levels.

      Destination Clock Path osc to SLICE_43:

   Name    Fanout   Delay (ns)          Site               Resource
ROUTE        43     1.216        OSC.OSC to     R7C14B.CLK clk
                  --------
                    1.216   (0.0% logic, 100.0% route), 0 logic levels.


Passed: The following path meets requirements by 0.304ns

 Logical Details:  Cell type  Pin type       Cell/ASIC name  (clock net +/-)

   Source:         FF         Q              r2  (from clk +)
   Destination:    FF         Data in        r3  (to clk +)

   Delay:               0.285ns  (46.7% logic, 53.3% route), 1 logic levels.

 Constraint Details:

      0.285ns physical path delay SLICE_43 to SLICE_43 meets
     -0.019ns M_HLD and
      0.000ns delay constraint less
      0.000ns skew requirement (totaling -0.019ns) by 0.304ns

 Physical Path Details:

      Data path SLICE_43 to SLICE_43:

   Name    Fanout   Delay (ns)          Site               Resource
REG_DEL     ---     0.133     R7C14B.CLK to      R7C14B.Q0 SLICE_43 (from clk)
ROUTE         1     0.152      R7C14B.Q0 to      R7C14B.M1 startup_ready_2 (to clk)
                  --------
                    0.285   (46.7% logic, 53.3% route), 1 logic levels.

 Clock Skew Details: 

      Source Clock Path osc to SLICE_43:

   Name    Fanout   Delay (ns)          Site               Resource
ROUTE        43     1.216        OSC.OSC to     R7C14B.CLK clk
                  --------
                    1.216   (0.0% logic, 100.0% route), 0 logic levels.

      Destination Clock Path osc to SLICE_43:

   Name    Fanout   Delay (ns)          Site               Resource
ROUTE        43     1.216        OSC.OSC to     R7C14B.CLK clk
                  --------
                    1.216   (0.0% logic, 100.0% route), 0 logic levels.


Passed: The following path meets requirements by 0.304ns

 Logical Details:  Cell type  Pin type       Cell/ASIC name  (clock net +/-)

   Source:         FF         Q              cs_sync_i0  (from clk +)
   Destination:    FF         Data in        cs_sync_i1  (to clk +)

   Delay:               0.285ns  (46.7% logic, 53.3% route), 1 logic levels.

 Constraint Details:

      0.285ns physical path delay SLICE_44 to SLICE_44 meets
     -0.019ns M_HLD and
      0.000ns delay constraint less
      0.000ns skew requirement (totaling -0.019ns) by 0.304ns

 Physical Path Details:

      Data path SLICE_44 to SLICE_44:

   Name    Fanout   Delay (ns)          Site               Resource
REG_DEL     ---     0.133     R7C11D.CLK to      R7C11D.Q0 SLICE_44 (from clk)
ROUTE         1     0.152      R7C11D.Q0 to      R7C11D.M1 cs_sync_0 (to clk)
                  --------
                    0.285   (46.7% logic, 53.3% route), 1 logic levels.

 Clock Skew Details: 

      Source Clock Path osc to SLICE_44:

   Name    Fanout   Delay (ns)          Site               Resource
ROUTE        43     1.216        OSC.OSC to     R7C11D.CLK clk
                  --------
                    1.216   (0.0% logic, 100.0% route), 0 logic levels.

      Destination Clock Path osc to SLICE_44:

   Name    Fanout   Delay (ns)          Site               Resource
ROUTE        43     1.216        OSC.OSC to     R7C11D.CLK clk
                  --------
                    1.216   (0.0% logic, 100.0% route), 0 logic levels.


Passed: The following path meets requirements by 0.304ns

 Logical Details:  Cell type  Pin type       Cell/ASIC name  (clock net +/-)

   Source:         FF         Q              mosi_sync_i0  (from clk +)
   Destination:    FF         Data in        mosi_sync_i1  (to clk +)

   Delay:               0.285ns  (46.7% logic, 53.3% route), 1 logic levels.

 Constraint Details:

      0.285ns physical path delay SLICE_45 to SLICE_45 meets
     -0.019ns M_HLD and
      0.000ns delay constraint less
      0.000ns skew requirement (totaling -0.019ns) by 0.304ns

 Physical Path Details:

      Data path SLICE_45 to SLICE_45:

   Name    Fanout   Delay (ns)          Site               Resource
REG_DEL     ---     0.133     R7C12B.CLK to      R7C12B.Q0 SLICE_45 (from clk)
ROUTE         1     0.152      R7C12B.Q0 to      R7C12B.M1 mosi_sync_0 (to clk)
                  --------
                    0.285   (46.7% logic, 53.3% route), 1 logic levels.

 Clock Skew Details: 

      Source Clock Path osc to SLICE_45:

   Name    Fanout   Delay (ns)          Site               Resource
ROUTE        43     1.216        OSC.OSC to     R7C12B.CLK clk
                  --------
                    1.216   (0.0% logic, 100.0% route), 0 logic levels.

      Destination Clock Path osc to SLICE_45:

   Name    Fanout   Delay (ns)          Site               Resource
ROUTE        43     1.216        OSC.OSC to     R7C12B.CLK clk
                  --------
                    1.216   (0.0% logic, 100.0% route), 0 logic levels.


Passed: The following path meets requirements by 0.306ns

 Logical Details:  Cell type  Pin type       Cell/ASIC name  (clock net +/-)

   Source:         FF         Q              command__i1  (from clk +)
   Destination:    FF         Data in        command__i2  (to clk +)

   Delay:               0.287ns  (46.3% logic, 53.7% route), 1 logic levels.

 Constraint Details:

      0.287ns physical path delay SLICE_47 to SLICE_48 meets
     -0.019ns M_HLD and
      0.000ns delay constraint less
      0.000ns skew requirement (totaling -0.019ns) by 0.306ns

 Physical Path Details:

      Data path SLICE_47 to SLICE_48:

   Name    Fanout   Delay (ns)          Site               Resource
REG_DEL     ---     0.133     R7C13B.CLK to      R7C13B.Q1 SLICE_47 (from clk)
ROUTE         2     0.154      R7C13B.Q1 to      R7C13D.M0 command_1 (to clk)
                  --------
                    0.287   (46.3% logic, 53.7% route), 1 logic levels.

 Clock Skew Details: 

      Source Clock Path osc to SLICE_47:

   Name    Fanout   Delay (ns)          Site               Resource
ROUTE        43     1.216        OSC.OSC to     R7C13B.CLK clk
                  --------
                    1.216   (0.0% logic, 100.0% route), 0 logic levels.

      Destination Clock Path osc to SLICE_48:

   Name    Fanout   Delay (ns)          Site               Resource
ROUTE        43     1.216        OSC.OSC to     R7C13D.CLK clk
                  --------
                    1.216   (0.0% logic, 100.0% route), 0 logic levels.


Passed: The following path meets requirements by 0.306ns

 Logical Details:  Cell type  Pin type       Cell/ASIC name  (clock net +/-)

   Source:         FF         Q              command__i2  (from clk +)
   Destination:    FF         Data in        command__i3  (to clk +)

   Delay:               0.287ns  (46.3% logic, 53.7% route), 1 logic levels.

 Constraint Details:

      0.287ns physical path delay SLICE_48 to SLICE_48 meets
     -0.019ns M_HLD and
      0.000ns delay constraint less
      0.000ns skew requirement (totaling -0.019ns) by 0.306ns

 Physical Path Details:

      Data path SLICE_48 to SLICE_48:

   Name    Fanout   Delay (ns)          Site               Resource
REG_DEL     ---     0.133     R7C13D.CLK to      R7C13D.Q0 SLICE_48 (from clk)
ROUTE         2     0.154      R7C13D.Q0 to      R7C13D.M1 command_2 (to clk)
                  --------
                    0.287   (46.3% logic, 53.7% route), 1 logic levels.

 Clock Skew Details: 

      Source Clock Path osc to SLICE_48:

   Name    Fanout   Delay (ns)          Site               Resource
ROUTE        43     1.216        OSC.OSC to     R7C13D.CLK clk
                  --------
                    1.216   (0.0% logic, 100.0% route), 0 logic levels.

      Destination Clock Path osc to SLICE_48:

   Name    Fanout   Delay (ns)          Site               Resource
ROUTE        43     1.216        OSC.OSC to     R7C13D.CLK clk
                  --------
                    1.216   (0.0% logic, 100.0% route), 0 logic levels.


Passed: The following path meets requirements by 0.306ns

 Logical Details:  Cell type  Pin type       Cell/ASIC name  (clock net +/-)

   Source:         FF         Q              command__i4  (from clk +)
   Destination:    FF         Data in        command__i5  (to clk +)

   Delay:               0.287ns  (46.3% logic, 53.7% route), 1 logic levels.

 Constraint Details:

      0.287ns physical path delay SLICE_49 to SLICE_49 meets
     -0.019ns M_HLD and
      0.000ns delay constraint less
      0.000ns skew requirement (totaling -0.019ns) by 0.306ns

 Physical Path Details:

      Data path SLICE_49 to SLICE_49:

   Name    Fanout   Delay (ns)          Site               Resource
REG_DEL     ---     0.133     R7C12D.CLK to      R7C12D.Q0 SLICE_49 (from clk)
ROUTE         2     0.154      R7C12D.Q0 to      R7C12D.M1 command_4 (to clk)
                  --------
                    0.287   (46.3% logic, 53.7% route), 1 logic levels.

 Clock Skew Details: 

      Source Clock Path osc to SLICE_49:

   Name    Fanout   Delay (ns)          Site               Resource
ROUTE        43     1.216        OSC.OSC to     R7C12D.CLK clk
                  --------
                    1.216   (0.0% logic, 100.0% route), 0 logic levels.

      Destination Clock Path osc to SLICE_49:

   Name    Fanout   Delay (ns)          Site               Resource
ROUTE        43     1.216        OSC.OSC to     R7C12D.CLK clk
                  --------
                    1.216   (0.0% logic, 100.0% route), 0 logic levels.


Passed: The following path meets requirements by 0.307ns

 Logical Details:  Cell type  Pin type       Cell/ASIC name  (clock net +/-)

   Source:         FF         Q              sck_sync_i1  (from clk +)
   Destination:    FF         Data in        sck_previous_92  (to clk +)

   Delay:               0.288ns  (46.2% logic, 53.8% route), 1 logic levels.

 Constraint Details:

      0.288ns physical path delay SLICE_56 to SLICE_39 meets
     -0.019ns M_HLD and
      0.000ns delay constraint less
      0.000ns skew requirement (totaling -0.019ns) by 0.307ns

 Physical Path Details:

      Data path SLICE_56 to SLICE_39:

   Name    Fanout   Delay (ns)          Site               Resource
REG_DEL     ---     0.133     R7C11B.CLK to      R7C11B.Q0 SLICE_56 (from clk)
ROUTE         6     0.155      R7C11B.Q0 to      R7C11A.M1 sck_sync_1 (to clk)
                  --------
                    0.288   (46.2% logic, 53.8% route), 1 logic levels.

 Clock Skew Details: 

      Source Clock Path osc to SLICE_56:

   Name    Fanout   Delay (ns)          Site               Resource
ROUTE        43     1.216        OSC.OSC to     R7C11B.CLK clk
                  --------
                    1.216   (0.0% logic, 100.0% route), 0 logic levels.

      Destination Clock Path osc to SLICE_39:

   Name    Fanout   Delay (ns)          Site               Resource
ROUTE        43     1.216        OSC.OSC to     R7C11A.CLK clk
                  --------
                    1.216   (0.0% logic, 100.0% route), 0 logic levels.

Report Summary
--------------
----------------------------------------------------------------------------
Preference(MIN Delays)                  |   Constraint|       Actual|Levels
----------------------------------------------------------------------------
                                        |             |             |
FREQUENCY NET "clk" 2.080000 MHz ;      |     0.000 ns|     0.304 ns|   1  
                                        |             |             |
----------------------------------------------------------------------------


All preferences were met.


Clock Domains Analysis
------------------------

Found 1 clocks:

Clock Domain: clk   Source: osc.OSC   Loads: 43
   Covered under: FREQUENCY NET "clk" 2.080000 MHz ;


Timing summary (Hold):
---------------

Timing errors: 0  Score: 0
Cumulative negative slack: 0

Constraints cover 1074 paths, 1 nets, and 456 connections (98.92% coverage)



Timing summary (Setup and Hold):
---------------

Timing errors: 0 (setup), 0 (hold)
Score: 0 (setup), 0 (hold)
Cumulative negative slack: 0 (0+0)
--------------------------------------------------------------------------------

--------------------------------------------------------------------------------

