
             Lattice Mapping Report File for Design Module 'top'


Design Information
------------------

Command line:   map -a MachXO2 -p LCMXO2-1200HC -t TQFP100 -s 4 -oc Commercial
     RomEmu_spi_bringup.ngd -o RomEmu_spi_bringup_map.ncd -pr
     RomEmu_spi_bringup.prf -mp RomEmu_spi_bringup.mrp -lpf C:/Users/Admin/Docum
     ents/diy-gb-flash-cart/fpga/diamond/spi_bringup/RomEmu_spi_bringup.lpf -lpf
      C:/Users/Admin/Documents/diy-gb-flash-cart/fpga/constraints/spi_bringup.lp
     f -c 0 -gui -msgset
     C:/Users/Admin/Documents/diy-gb-flash-cart/fpga/diamond/promote.xml 
Target Vendor:  LATTICE
Target Device:  LCMXO2-1200HCTQFP100
Target Performance:   4
Mapper:  xo2c00,  version:  Diamond (64-bit) 3.14.0.75.2
Mapped on:  09/07/26  19:50:09

Design Summary
--------------

   Number of registers:     68 out of  1520 (4%)
      PFU registers:           68 out of  1280 (5%)
      PIO registers:            0 out of   240 (0%)
   Number of SLICEs:        43 out of   640 (7%)
      SLICEs as Logic/ROM:     43 out of   640 (7%)
      SLICEs as RAM:            0 out of   480 (0%)
      SLICEs as Carry:          4 out of   640 (1%)
   Number of LUT4s:         75 out of  1280 (6%)
      Number used as logic LUTs:         67
      Number used as distributed RAM:     0
      Number used as ripple logic:        8
      Number used as shift registers:     0
   Number of PIO sites used: 39 + 4(JTAG) out of 80 (54%)
   Number of block RAMs:  0 out of 7 (0%)
   Number of GSRs:        0 out of 1 (0%)
   EFB used :        No
   JTAG used :       No
   Readback used :   No
   Oscillator used : Yes
   Startup used :    No
   POR :             On
   Bandgap :         On
   Number of Power Controller:  0 out of 1 (0%)
   Number of Dynamic Bank Controller (BCINRD):  0 out of 4 (0%)
   Number of Dynamic Bank Controller (BCLVDSO):  0 out of 1 (0%)
   Number of DCCA:  0 out of 8 (0%)
   Number of DCMA:  0 out of 2 (0%)
   Number of PLLs:  0 out of 1 (0%)
   Number of DQSDLLs:  0 out of 2 (0%)
   Number of CLKDIVC:  0 out of 4 (0%)
   Number of ECLKSYNCA:  0 out of 4 (0%)
   Number of ECLKBRIDGECS:  0 out of 2 (0%)
   Notes:-
      1. Total number of LUT4s = (Number of logic LUT4s) + 2*(Number of
     distributed RAMs) + 2*(Number of ripple logic)
      2. Number of logic LUT4s does not include count of distributed RAM and
     ripple logic.
   Number of clocks:  1
     Net clk: 43 loads, 43 rising, 0 falling (Driver: osc )

                                    Page 1




Design:  top                                           Date:  09/07/26  19:50:09

Design Summary (cont)
---------------------
   Number of Clock Enables:  6
     Net clk_enable_36: 4 loads, 4 LSLICEs
     Net clk_enable_41: 4 loads, 4 LSLICEs
     Net clk_enable_8: 1 loads, 1 LSLICEs
     Net clk_enable_9: 1 loads, 1 LSLICEs
     Net clk_enable_56: 25 loads, 25 LSLICEs
     Net clk_enable_42: 1 loads, 1 LSLICEs
   Number of LSRs:  3
     Net spi_ready_c_3: 4 loads, 4 LSLICEs
     Net n1419: 19 loads, 19 LSLICEs
     Net n906: 1 loads, 1 LSLICEs
   Number of nets driven by tri-state buffers:  0
   Top 10 highest fanout non-clock nets:
     Net n1419: 50 loads
     Net n1410: 40 loads
     Net n1415: 40 loads
     Net clk_enable_56: 25 loads
     Net known_command_N_183: 14 loads
     Net spi_ready_c_3: 10 loads
     Net bit_count_6: 9 loads
     Net bit_count_5: 7 loads
     Net bit_count_3: 6 loads
     Net sck_sync_1: 6 loads




   Number of warnings:  0
   Number of errors:    0
     

Design Errors/Warnings
----------------------

   No errors or warnings present.

IO (PIO) Attributes
-------------------

+---------------------+-----------+-----------+------------+
| IO Name             | Direction | Levelmode | IO         |
|                     |           |  IO_TYPE  | Register   |
+---------------------+-----------+-----------+------------+
| flash_d[2]          | OUTPUT    | LVCMOS33  |            |
+---------------------+-----------+-----------+------------+
| flash_d[3]          | OUTPUT    | LVCMOS33  |            |
+---------------------+-----------+-----------+------------+
| flash_d[4]          | OUTPUT    | LVCMOS33  |            |
+---------------------+-----------+-----------+------------+
| flash_d[5]          | OUTPUT    | LVCMOS33  |            |
+---------------------+-----------+-----------+------------+
| flash_a[10]         | OUTPUT    | LVCMOS33  |            |
+---------------------+-----------+-----------+------------+
| flash_a[18]         | OUTPUT    | LVCMOS33  |            |
+---------------------+-----------+-----------+------------+
| flash_a[11]         | OUTPUT    | LVCMOS33  |            |

                                    Page 2




Design:  top                                           Date:  09/07/26  19:50:09

IO (PIO) Attributes (cont)
--------------------------
+---------------------+-----------+-----------+------------+
| flash_a[12]         | OUTPUT    | LVCMOS33  |            |
+---------------------+-----------+-----------+------------+
| flash_a[16]         | OUTPUT    | LVCMOS33  |            |
+---------------------+-----------+-----------+------------+
| flash_a[15]         | OUTPUT    | LVCMOS33  |            |
+---------------------+-----------+-----------+------------+
| flash_a[19]         | OUTPUT    | LVCMOS33  |            |
+---------------------+-----------+-----------+------------+
| flash_a[20]         | OUTPUT    | LVCMOS33  |            |
+---------------------+-----------+-----------+------------+
| flash_a[21]         | OUTPUT    | LVCMOS33  |            |
+---------------------+-----------+-----------+------------+
| flash_a[13]         | OUTPUT    | LVCMOS33  |            |
+---------------------+-----------+-----------+------------+
| flash_d[6]          | OUTPUT    | LVCMOS33  |            |
+---------------------+-----------+-----------+------------+
| flash_d[7]          | OUTPUT    | LVCMOS33  |            |
+---------------------+-----------+-----------+------------+
| flash_a[0]          | OUTPUT    | LVCMOS33  |            |
+---------------------+-----------+-----------+------------+
| flash_a[1]          | OUTPUT    | LVCMOS33  |            |
+---------------------+-----------+-----------+------------+
| flash_a[2]          | OUTPUT    | LVCMOS33  |            |
+---------------------+-----------+-----------+------------+
| flash_a[3]          | OUTPUT    | LVCMOS33  |            |
+---------------------+-----------+-----------+------------+
| flash_a[4]          | OUTPUT    | LVCMOS33  |            |
+---------------------+-----------+-----------+------------+
| flash_a[5]          | OUTPUT    | LVCMOS33  |            |
+---------------------+-----------+-----------+------------+
| flash_a[6]          | OUTPUT    | LVCMOS33  |            |
+---------------------+-----------+-----------+------------+
| flash_a[14]         | OUTPUT    | LVCMOS33  |            |
+---------------------+-----------+-----------+------------+
| flash_a[7]          | OUTPUT    | LVCMOS33  |            |
+---------------------+-----------+-----------+------------+
| flash_a[17]         | OUTPUT    | LVCMOS33  |            |
+---------------------+-----------+-----------+------------+
| flash_a[8]          | OUTPUT    | LVCMOS33  |            |
+---------------------+-----------+-----------+------------+
| spi_miso            | OUTPUT    | LVCMOS33  |            |
+---------------------+-----------+-----------+------------+
| flash_a[9]          | OUTPUT    | LVCMOS33  |            |
+---------------------+-----------+-----------+------------+
| flash_d[1]          | OUTPUT    | LVCMOS33  |            |
+---------------------+-----------+-----------+------------+
| flash_d[0]          | OUTPUT    | LVCMOS33  |            |
+---------------------+-----------+-----------+------------+
| flash_ce_n          | OUTPUT    | LVCMOS33  |            |
+---------------------+-----------+-----------+------------+
| flash_oe_n          | OUTPUT    | LVCMOS33  |            |
+---------------------+-----------+-----------+------------+
| flash_we_n          | OUTPUT    | LVCMOS33  |            |
+---------------------+-----------+-----------+------------+
| spi_ready           | OUTPUT    | LVCMOS33  |            |

                                    Page 3




Design:  top                                           Date:  09/07/26  19:50:09

IO (PIO) Attributes (cont)
--------------------------
+---------------------+-----------+-----------+------------+
| spi_seen            | OUTPUT    | LVCMOS33  |            |
+---------------------+-----------+-----------+------------+
| spi_cs_n            | INPUT     | LVCMOS33  |            |
+---------------------+-----------+-----------+------------+
| spi_sck             | INPUT     | LVCMOS33  |            |
+---------------------+-----------+-----------+------------+
| spi_mosi            | INPUT     | LVCMOS33  |            |
+---------------------+-----------+-----------+------------+

Removed logic
-------------

Block GSR_INST undriven or does not drive anything - clipped.
Signal n1416 was merged into signal spi_ready_c_3
Signal add_45_1/S0 undriven or does not drive anything - clipped.
Signal add_45_1/CI undriven or does not drive anything - clipped.
Signal add_45_7/CO undriven or does not drive anything - clipped.
Block startup_ready_3__I_0_1_lut_rep_14 was optimized away.

     

OSC Summary
-----------

OSC 1:                                     Pin/Node Value
  OSC Instance Name:                                osc
  OSC Type:                                         OSCH
  STDBY Input:                                      NONE
  OSC Output:                              NODE     clk
  OSC Nominal Frequency (MHz):                      2.08

ASIC Components
---------------

Instance Name: osc
         Type: OSCH

Run Time and Memory Usage
-------------------------

   Total CPU Time: 0 secs  
   Total REAL Time: 0 secs  
   Peak Memory Usage: 44 MB
        












                                    Page 4


Copyright (c) 1991-1994 by NeoCAD Inc. All rights reserved.
     Copyright (c) 1995 AT&T Corp.   All rights reserved.
     Copyright (c) 1995-2001 Lucent Technologies Inc.  All rights reserved.
     Copyright (c) 2001 Agere Systems   All rights reserved.
     Copyright (c) 2002-2024 Lattice Semiconductor Corporation,  All rights
     reserved.
