
             Lattice Mapping Report File for Design Module 'top'


Design Information
------------------

Command line:   map -a MachXO2 -p LCMXO2-1200HC -t TQFP100 -s 4 -oc Commercial
     RomEmu_game_mbc5.ngd -o RomEmu_game_mbc5_map.ncd -pr RomEmu_game_mbc5.prf
     -mp RomEmu_game_mbc5.mrp -lpf C:/Users/Admin/Documents/diy-gb-flash-cart/fp
     ga/diamond/game_mbc5/RomEmu_game_mbc5.lpf -lpf
     C:/Users/Admin/Documents/diy-gb-flash-cart/fpga/constraints/game_mbc5.lpf
     -c 0 -gui -msgset
     C:/Users/Admin/Documents/diy-gb-flash-cart/fpga/diamond/promote.xml 
Target Vendor:  LATTICE
Target Device:  LCMXO2-1200HCTQFP100
Target Performance:   4
Mapper:  xo2c00,  version:  Diamond (64-bit) 3.14.0.75.2
Mapped on:  09/09/26  23:41:59

Design Summary
--------------

   Number of registers:     11 out of  1520 (1%)
      PFU registers:           11 out of  1280 (1%)
      PIO registers:            0 out of   240 (0%)
   Number of SLICEs:        17 out of   640 (3%)
      SLICEs as Logic/ROM:     17 out of   640 (3%)
      SLICEs as RAM:            0 out of   480 (0%)
      SLICEs as Carry:          0 out of   640 (0%)
   Number of LUT4s:         33 out of  1280 (3%)
      Number used as logic LUTs:         33
      Number used as distributed RAM:     0
      Number used as ripple logic:        0
      Number used as shift registers:     0
   Number of PIO sites used: 66 + 4(JTAG) out of 80 (88%)
   Number of block RAMs:  0 out of 7 (0%)
   Number of GSRs:        1 out of 1 (100%)
   EFB used :        No
   JTAG used :       No
   Readback used :   No
   Oscillator used : No
   Startup used :    No
   POR :             On
   Bandgap :         On
   Number of Power Controller:  0 out of 1 (0%)
   Number of Dynamic Bank Controller (BCINRD):  0 out of 4 (0%)
   Number of Dynamic Bank Controller (BCLVDSO):  0 out of 1 (0%)
   Number of DCCA:  0 out of 8 (0%)
   Number of DCMA:  0 out of 2 (0%)
   Number of PLLs:  0 out of 1 (0%)
   Number of DQSDLLs:  0 out of 2 (0%)
   Number of CLKDIVC:  0 out of 4 (0%)
   Number of ECLKSYNCA:  0 out of 4 (0%)
   Number of ECLKBRIDGECS:  0 out of 2 (0%)
   Notes:-
      1. Total number of LUT4s = (Number of logic LUT4s) + 2*(Number of
     distributed RAMs) + 2*(Number of ripple logic)
      2. Number of logic LUT4s does not include count of distributed RAM and
     ripple logic.
   Number of clocks:  1
     Net gb_wr_n_c: 6 loads, 6 rising, 0 falling (Driver: PIO gb_wr_n )

                                    Page 1




Design:  top                                           Date:  09/09/26  23:41:59

Design Summary (cont)
---------------------
   Number of Clock Enables:  3
     Net gb_wr_n_c_enable_10: 2 loads, 2 LSLICEs
     Net gb_wr_n_c_enable_8: 3 loads, 3 LSLICEs
     Net gb_wr_n_c_enable_11: 1 loads, 1 LSLICEs
   Number of LSRs:  0
   Number of nets driven by tri-state buffers:  0
   Top 10 highest fanout non-clock nets:
     Net gb_a_c_15: 13 loads
     Net gb_a_c_14: 11 loads
     Net n1032: 11 loads
     Net n1035: 11 loads
     Net ram_enabled: 10 loads
     Net ram_write: 9 loads
     Net n1034: 8 loads
     Net n574: 8 loads
     Net gb_rd_n_c: 7 loads
     Net gb_a_c_13: 6 loads




   Number of warnings:  0
   Number of errors:    0
     

Design Errors/Warnings
----------------------

   No errors or warnings present.

IO (PIO) Attributes
-------------------

+---------------------+-----------+-----------+------------+
| IO Name             | Direction | Levelmode | IO         |
|                     |           |  IO_TYPE  | Register   |
+---------------------+-----------+-----------+------------+
| flash_a[0]          | OUTPUT    | LVCMOS33  |            |
+---------------------+-----------+-----------+------------+
| flash_a[1]          | OUTPUT    | LVCMOS33  |            |
+---------------------+-----------+-----------+------------+
| flash_a[2]          | OUTPUT    | LVCMOS33  |            |
+---------------------+-----------+-----------+------------+
| flash_a[3]          | OUTPUT    | LVCMOS33  |            |
+---------------------+-----------+-----------+------------+
| flash_a[4]          | OUTPUT    | LVCMOS33  |            |
+---------------------+-----------+-----------+------------+
| flash_a[5]          | OUTPUT    | LVCMOS33  |            |
+---------------------+-----------+-----------+------------+
| flash_a[6]          | OUTPUT    | LVCMOS33  |            |
+---------------------+-----------+-----------+------------+
| flash_a[7]          | OUTPUT    | LVCMOS33  |            |
+---------------------+-----------+-----------+------------+
| flash_a[8]          | OUTPUT    | LVCMOS33  |            |
+---------------------+-----------+-----------+------------+
| flash_a[9]          | OUTPUT    | LVCMOS33  |            |

                                    Page 2




Design:  top                                           Date:  09/09/26  23:41:59

IO (PIO) Attributes (cont)
--------------------------
+---------------------+-----------+-----------+------------+
| flash_a[10]         | OUTPUT    | LVCMOS33  |            |
+---------------------+-----------+-----------+------------+
| flash_a[11]         | OUTPUT    | LVCMOS33  |            |
+---------------------+-----------+-----------+------------+
| flash_a[12]         | OUTPUT    | LVCMOS33  |            |
+---------------------+-----------+-----------+------------+
| flash_a[13]         | OUTPUT    | LVCMOS33  |            |
+---------------------+-----------+-----------+------------+
| flash_a[14]         | OUTPUT    | LVCMOS33  |            |
+---------------------+-----------+-----------+------------+
| flash_a[15]         | OUTPUT    | LVCMOS33  |            |
+---------------------+-----------+-----------+------------+
| flash_a[16]         | OUTPUT    | LVCMOS33  |            |
+---------------------+-----------+-----------+------------+
| flash_a[17]         | OUTPUT    | LVCMOS33  |            |
+---------------------+-----------+-----------+------------+
| flash_a[18]         | OUTPUT    | LVCMOS33  |            |
+---------------------+-----------+-----------+------------+
| flash_a[19]         | OUTPUT    | LVCMOS33  |            |
+---------------------+-----------+-----------+------------+
| flash_a[20]         | OUTPUT    | LVCMOS33  |            |
+---------------------+-----------+-----------+------------+
| flash_a[21]         | OUTPUT    | LVCMOS33  |            |
+---------------------+-----------+-----------+------------+
| data_dir            | OUTPUT    | LVCMOS33  |            |
+---------------------+-----------+-----------+------------+
| data_oe_n           | OUTPUT    | LVCMOS33  |            |
+---------------------+-----------+-----------+------------+
| flash_ce_n          | OUTPUT    | LVCMOS33  |            |
+---------------------+-----------+-----------+------------+
| flash_d[0]          | BIDIR     | LVCMOS33  |            |
+---------------------+-----------+-----------+------------+
| flash_d[1]          | BIDIR     | LVCMOS33  |            |
+---------------------+-----------+-----------+------------+
| flash_d[2]          | BIDIR     | LVCMOS33  |            |
+---------------------+-----------+-----------+------------+
| flash_d[3]          | BIDIR     | LVCMOS33  |            |
+---------------------+-----------+-----------+------------+
| flash_d[4]          | BIDIR     | LVCMOS33  |            |
+---------------------+-----------+-----------+------------+
| flash_d[5]          | BIDIR     | LVCMOS33  |            |
+---------------------+-----------+-----------+------------+
| flash_d[6]          | BIDIR     | LVCMOS33  |            |
+---------------------+-----------+-----------+------------+
| flash_d[7]          | BIDIR     | LVCMOS33  |            |
+---------------------+-----------+-----------+------------+
| gb_d[0]             | BIDIR     | LVCMOS33  |            |
+---------------------+-----------+-----------+------------+
| gb_d[1]             | BIDIR     | LVCMOS33  |            |
+---------------------+-----------+-----------+------------+
| gb_d[2]             | BIDIR     | LVCMOS33  |            |
+---------------------+-----------+-----------+------------+
| gb_d[3]             | BIDIR     | LVCMOS33  |            |
+---------------------+-----------+-----------+------------+
| gb_d[4]             | BIDIR     | LVCMOS33  |            |

                                    Page 3




Design:  top                                           Date:  09/09/26  23:41:59

IO (PIO) Attributes (cont)
--------------------------
+---------------------+-----------+-----------+------------+
| gb_d[5]             | BIDIR     | LVCMOS33  |            |
+---------------------+-----------+-----------+------------+
| gb_d[6]             | BIDIR     | LVCMOS33  |            |
+---------------------+-----------+-----------+------------+
| gb_d[7]             | BIDIR     | LVCMOS33  |            |
+---------------------+-----------+-----------+------------+
| flash_oe_n          | OUTPUT    | LVCMOS33  |            |
+---------------------+-----------+-----------+------------+
| flash_we_n          | OUTPUT    | LVCMOS33  |            |
+---------------------+-----------+-----------+------------+
| fram_ce_n           | OUTPUT    | LVCMOS33  |            |
+---------------------+-----------+-----------+------------+
| fram_oe_n           | OUTPUT    | LVCMOS33  |            |
+---------------------+-----------+-----------+------------+
| fram_we_n           | OUTPUT    | LVCMOS33  |            |
+---------------------+-----------+-----------+------------+
| gb_a[15]            | INPUT     | LVCMOS33  |            |
+---------------------+-----------+-----------+------------+
| gb_a[14]            | INPUT     | LVCMOS33  |            |
+---------------------+-----------+-----------+------------+
| gb_a[13]            | INPUT     | LVCMOS33  |            |
+---------------------+-----------+-----------+------------+
| gb_a[12]            | INPUT     | LVCMOS33  |            |
+---------------------+-----------+-----------+------------+
| gb_a[11]            | INPUT     | LVCMOS33  |            |
+---------------------+-----------+-----------+------------+
| gb_a[10]            | INPUT     | LVCMOS33  |            |
+---------------------+-----------+-----------+------------+
| gb_a[9]             | INPUT     | LVCMOS33  |            |
+---------------------+-----------+-----------+------------+
| gb_a[8]             | INPUT     | LVCMOS33  |            |
+---------------------+-----------+-----------+------------+
| gb_a[7]             | INPUT     | LVCMOS33  |            |
+---------------------+-----------+-----------+------------+
| gb_a[6]             | INPUT     | LVCMOS33  |            |
+---------------------+-----------+-----------+------------+
| gb_a[5]             | INPUT     | LVCMOS33  |            |
+---------------------+-----------+-----------+------------+
| gb_a[4]             | INPUT     | LVCMOS33  |            |
+---------------------+-----------+-----------+------------+
| gb_a[3]             | INPUT     | LVCMOS33  |            |
+---------------------+-----------+-----------+------------+
| gb_a[2]             | INPUT     | LVCMOS33  |            |
+---------------------+-----------+-----------+------------+
| gb_a[1]             | INPUT     | LVCMOS33  |            |
+---------------------+-----------+-----------+------------+
| gb_a[0]             | INPUT     | LVCMOS33  |            |
+---------------------+-----------+-----------+------------+
| gb_rd_n             | INPUT     | LVCMOS33  |            |
+---------------------+-----------+-----------+------------+
| gb_wr_n             | INPUT     | LVCMOS33  |            |
+---------------------+-----------+-----------+------------+
| gb_cs_n             | INPUT     | LVCMOS33  |            |
+---------------------+-----------+-----------+------------+
| gb_res_n            | INPUT     | LVCMOS33  |            |

                                    Page 4




Design:  top                                           Date:  09/09/26  23:41:59

IO (PIO) Attributes (cont)
--------------------------
+---------------------+-----------+-----------+------------+

Removed logic
-------------


     

GSR Usage
---------

GSR Component:
   The Global Set Reset (GSR) resource has been used to implement a global reset
        of the design. The reset signal used for GSR control is 'gb_res_n_c'.
        

     GSR Property:
   The design components with GSR property set to ENABLED will respond to global
        set reset while the components with GSR property set to DISABLED will
        not.
        

Run Time and Memory Usage
-------------------------

   Total CPU Time: 0 secs  
   Total REAL Time: 0 secs  
   Peak Memory Usage: 44 MB
        




























                                    Page 5


Copyright (c) 1991-1994 by NeoCAD Inc. All rights reserved.
     Copyright (c) 1995 AT&T Corp.   All rights reserved.
     Copyright (c) 1995-2001 Lucent Technologies Inc.  All rights reserved.
     Copyright (c) 2001 Agere Systems   All rights reserved.
     Copyright (c) 2002-2024 Lattice Semiconductor Corporation,  All rights
     reserved.
