
Loading design for application trce from file romemu_game_multi.ncd.
Design name: top
NCD version: 3.3
Vendor:      LATTICE
Device:      LCMXO2-1200HC
Package:     TQFP100
Performance: 4
Loading device for application trce from file 'xo2c1200.nph' in environment: C:/lscc/diamond/3.14/ispfpga.
Package Status:                     Final          Version 1.44.
Performance Hardware Data Status:   Final          Version 36.4.
Setup and Hold Report

--------------------------------------------------------------------------------
Lattice TRACE Report - Setup, Version Diamond (64-bit) 3.14.0.75.2
Wed Sep 09 23:43:16 2026

Copyright (c) 1991-1994 by NeoCAD Inc. All rights reserved.
Copyright (c) 1995 AT&T Corp.   All rights reserved.
Copyright (c) 1995-2001 Lucent Technologies Inc.  All rights reserved.
Copyright (c) 2001 Agere Systems   All rights reserved.
Copyright (c) 2002-2024 Lattice Semiconductor Corporation,  All rights reserved.

Report Information
------------------
Command line:    trce -v 10 -gt -sethld -sp 4 -sphld m -o RomEmu_game_multi.twr -gui -msgset C:/Users/Admin/Documents/diy-gb-flash-cart/fpga/diamond/promote.xml RomEmu_game_multi.ncd RomEmu_game_multi.prf 
Design file:     romemu_game_multi.ncd
Preference file: romemu_game_multi.prf
Device,speed:    LCMXO2-1200HC,4
Report level:    verbose report, limited to 10 items per preference
--------------------------------------------------------------------------------



================================================================================
Preference: FREQUENCY NET "clk" 53.200000 MHz ;
            3711 items scored, 0 timing errors detected.
--------------------------------------------------------------------------------


Passed: The following path meets requirements by 5.826ns

 Logical Details:  Cell type  Pin type       Cell/ASIC name  (clock net +/-)

   Source:         FF         Q              game/header/index__i0  (from clk +)
   Destination:    FF         Data in        game/header/logo_match_85  (to clk +)

   Delay:              12.805ns  (37.2% logic, 62.8% route), 8 logic levels.

 Constraint Details:

     12.805ns physical path delay SLICE_52 to game/header/SLICE_44 meets
     18.797ns delay constraint less
      0.000ns skew and
      0.166ns DIN_SET requirement (totaling 18.631ns) by 5.826ns

 Physical Path Details:

      Data path SLICE_52 to game/header/SLICE_44:

   Name    Fanout   Delay (ns)          Site               Resource
REG_DEL     ---     0.452      R7C9B.CLK to       R7C9B.Q0 SLICE_52 (from clk)
ROUTE        42     1.346       R7C9B.Q0 to      R4C10A.C1 game/index_0
CTOF_DEL    ---     0.495      R4C10A.C1 to      R4C10A.F1 game/header/SLICE_260
ROUTE        20     0.718      R4C10A.F1 to      R4C10A.B0 game/header/n10717
CTOF_DEL    ---     0.495      R4C10A.B0 to      R4C10A.F0 game/header/SLICE_260
ROUTE        11     1.216      R4C10A.F0 to      R5C10B.C0 game/header/n11124
CTOOFX_DEL  ---     0.721      R5C10B.C0 to    R5C10B.OFX0 game/header/i9800/SLICE_166
ROUTE         1     0.964    R5C10B.OFX0 to       R5C9B.A1 game/header/n10766
CTOOFX_DEL  ---     0.721       R5C9B.A1 to     R5C9B.OFX0 game/header/logo_byte_7__I_0_i3074/SLICE_154
ROUTE         1     1.004     R5C9B.OFX0 to       R5C9D.B1 game/header/n3074
CTOF_DEL    ---     0.495       R5C9D.B1 to       R5C9D.F1 game/header/SLICE_284
ROUTE         1     1.336       R5C9D.F1 to      R5C11C.B0 game/header/logo_byte_1
CTOF1_DEL   ---     0.889      R5C11C.B0 to      R5C11C.F1 game/header/SLICE_28
ROUTE         2     1.458      R5C11C.F1 to       R7C9A.D0 game/header/multicart_N_219
CTOF_DEL    ---     0.495       R7C9A.D0 to       R7C9A.F0 game/header/SLICE_44
ROUTE         1     0.000       R7C9A.F0 to      R7C9A.DI0 game/header/n3789 (to clk)
                  --------
                   12.805   (37.2% logic, 62.8% route), 8 logic levels.

 Clock Skew Details: 

      Source Clock Path osc to SLICE_52:

   Name    Fanout   Delay (ns)          Site               Resource
ROUTE        73     3.541        OSC.OSC to      R7C9B.CLK clk
                  --------
                    3.541   (0.0% logic, 100.0% route), 0 logic levels.

      Destination Clock Path osc to game/header/SLICE_44:

   Name    Fanout   Delay (ns)          Site               Resource
ROUTE        73     3.541        OSC.OSC to      R7C9A.CLK clk
                  --------
                    3.541   (0.0% logic, 100.0% route), 0 logic levels.


Passed: The following path meets requirements by 5.826ns

 Logical Details:  Cell type  Pin type       Cell/ASIC name  (clock net +/-)

   Source:         FF         Q              game/header/index__i0  (from clk +)
   Destination:    FF         Data in        game/header/multicart_84  (to clk +)

   Delay:              12.805ns  (37.2% logic, 62.8% route), 8 logic levels.

 Constraint Details:

     12.805ns physical path delay SLICE_52 to game/header/SLICE_63 meets
     18.797ns delay constraint less
      0.000ns skew and
      0.166ns DIN_SET requirement (totaling 18.631ns) by 5.826ns

 Physical Path Details:

      Data path SLICE_52 to game/header/SLICE_63:

   Name    Fanout   Delay (ns)          Site               Resource
REG_DEL     ---     0.452      R7C9B.CLK to       R7C9B.Q0 SLICE_52 (from clk)
ROUTE        42     1.346       R7C9B.Q0 to      R4C10A.C1 game/index_0
CTOF_DEL    ---     0.495      R4C10A.C1 to      R4C10A.F1 game/header/SLICE_260
ROUTE        20     0.718      R4C10A.F1 to      R4C10A.B0 game/header/n10717
CTOF_DEL    ---     0.495      R4C10A.B0 to      R4C10A.F0 game/header/SLICE_260
ROUTE        11     1.216      R4C10A.F0 to      R5C10B.C1 game/header/n11124
CTOOFX_DEL  ---     0.721      R5C10B.C1 to    R5C10B.OFX0 game/header/i9800/SLICE_166
ROUTE         1     0.964    R5C10B.OFX0 to       R5C9B.A1 game/header/n10766
CTOOFX_DEL  ---     0.721       R5C9B.A1 to     R5C9B.OFX0 game/header/logo_byte_7__I_0_i3074/SLICE_154
ROUTE         1     1.004     R5C9B.OFX0 to       R5C9D.B1 game/header/n3074
CTOF_DEL    ---     0.495       R5C9D.B1 to       R5C9D.F1 game/header/SLICE_284
ROUTE         1     1.336       R5C9D.F1 to      R5C11C.B0 game/header/logo_byte_1
CTOF1_DEL   ---     0.889      R5C11C.B0 to      R5C11C.F1 game/header/SLICE_28
ROUTE         2     1.458      R5C11C.F1 to       R7C9D.D0 game/header/multicart_N_219
CTOF_DEL    ---     0.495       R7C9D.D0 to       R7C9D.F0 game/header/SLICE_63
ROUTE         1     0.000       R7C9D.F0 to      R7C9D.DI0 game/header/multicart_N_218 (to clk)
                  --------
                   12.805   (37.2% logic, 62.8% route), 8 logic levels.

 Clock Skew Details: 

      Source Clock Path osc to SLICE_52:

   Name    Fanout   Delay (ns)          Site               Resource
ROUTE        73     3.541        OSC.OSC to      R7C9B.CLK clk
                  --------
                    3.541   (0.0% logic, 100.0% route), 0 logic levels.

      Destination Clock Path osc to game/header/SLICE_63:

   Name    Fanout   Delay (ns)          Site               Resource
ROUTE        73     3.541        OSC.OSC to      R7C9D.CLK clk
                  --------
                    3.541   (0.0% logic, 100.0% route), 0 logic levels.


Passed: The following path meets requirements by 5.826ns

 Logical Details:  Cell type  Pin type       Cell/ASIC name  (clock net +/-)

   Source:         FF         Q              game/header/index__i0  (from clk +)
   Destination:    FF         Data in        game/header/logo_match_85  (to clk +)

   Delay:              12.805ns  (37.2% logic, 62.8% route), 8 logic levels.

 Constraint Details:

     12.805ns physical path delay SLICE_52 to game/header/SLICE_44 meets
     18.797ns delay constraint less
      0.000ns skew and
      0.166ns DIN_SET requirement (totaling 18.631ns) by 5.826ns

 Physical Path Details:

      Data path SLICE_52 to game/header/SLICE_44:

   Name    Fanout   Delay (ns)          Site               Resource
REG_DEL     ---     0.452      R7C9B.CLK to       R7C9B.Q0 SLICE_52 (from clk)
ROUTE        42     1.346       R7C9B.Q0 to      R4C10A.C1 game/index_0
CTOF_DEL    ---     0.495      R4C10A.C1 to      R4C10A.F1 game/header/SLICE_260
ROUTE        20     0.718      R4C10A.F1 to      R4C10A.B0 game/header/n10717
CTOF_DEL    ---     0.495      R4C10A.B0 to      R4C10A.F0 game/header/SLICE_260
ROUTE        11     1.216      R4C10A.F0 to      R5C10B.C1 game/header/n11124
CTOOFX_DEL  ---     0.721      R5C10B.C1 to    R5C10B.OFX0 game/header/i9800/SLICE_166
ROUTE         1     0.964    R5C10B.OFX0 to       R5C9B.A1 game/header/n10766
CTOOFX_DEL  ---     0.721       R5C9B.A1 to     R5C9B.OFX0 game/header/logo_byte_7__I_0_i3074/SLICE_154
ROUTE         1     1.004     R5C9B.OFX0 to       R5C9D.B1 game/header/n3074
CTOF_DEL    ---     0.495       R5C9D.B1 to       R5C9D.F1 game/header/SLICE_284
ROUTE         1     1.336       R5C9D.F1 to      R5C11C.B0 game/header/logo_byte_1
CTOF1_DEL   ---     0.889      R5C11C.B0 to      R5C11C.F1 game/header/SLICE_28
ROUTE         2     1.458      R5C11C.F1 to       R7C9A.D0 game/header/multicart_N_219
CTOF_DEL    ---     0.495       R7C9A.D0 to       R7C9A.F0 game/header/SLICE_44
ROUTE         1     0.000       R7C9A.F0 to      R7C9A.DI0 game/header/n3789 (to clk)
                  --------
                   12.805   (37.2% logic, 62.8% route), 8 logic levels.

 Clock Skew Details: 

      Source Clock Path osc to SLICE_52:

   Name    Fanout   Delay (ns)          Site               Resource
ROUTE        73     3.541        OSC.OSC to      R7C9B.CLK clk
                  --------
                    3.541   (0.0% logic, 100.0% route), 0 logic levels.

      Destination Clock Path osc to game/header/SLICE_44:

   Name    Fanout   Delay (ns)          Site               Resource
ROUTE        73     3.541        OSC.OSC to      R7C9A.CLK clk
                  --------
                    3.541   (0.0% logic, 100.0% route), 0 logic levels.


Passed: The following path meets requirements by 5.826ns

 Logical Details:  Cell type  Pin type       Cell/ASIC name  (clock net +/-)

   Source:         FF         Q              game/header/index__i0  (from clk +)
   Destination:    FF         Data in        game/header/multicart_84  (to clk +)

   Delay:              12.805ns  (37.2% logic, 62.8% route), 8 logic levels.

 Constraint Details:

     12.805ns physical path delay SLICE_52 to game/header/SLICE_63 meets
     18.797ns delay constraint less
      0.000ns skew and
      0.166ns DIN_SET requirement (totaling 18.631ns) by 5.826ns

 Physical Path Details:

      Data path SLICE_52 to game/header/SLICE_63:

   Name    Fanout   Delay (ns)          Site               Resource
REG_DEL     ---     0.452      R7C9B.CLK to       R7C9B.Q0 SLICE_52 (from clk)
ROUTE        42     1.346       R7C9B.Q0 to      R4C10A.C1 game/index_0
CTOF_DEL    ---     0.495      R4C10A.C1 to      R4C10A.F1 game/header/SLICE_260
ROUTE        20     0.718      R4C10A.F1 to      R4C10A.B0 game/header/n10717
CTOF_DEL    ---     0.495      R4C10A.B0 to      R4C10A.F0 game/header/SLICE_260
ROUTE        11     1.216      R4C10A.F0 to      R5C10B.C0 game/header/n11124
CTOOFX_DEL  ---     0.721      R5C10B.C0 to    R5C10B.OFX0 game/header/i9800/SLICE_166
ROUTE         1     0.964    R5C10B.OFX0 to       R5C9B.A1 game/header/n10766
CTOOFX_DEL  ---     0.721       R5C9B.A1 to     R5C9B.OFX0 game/header/logo_byte_7__I_0_i3074/SLICE_154
ROUTE         1     1.004     R5C9B.OFX0 to       R5C9D.B1 game/header/n3074
CTOF_DEL    ---     0.495       R5C9D.B1 to       R5C9D.F1 game/header/SLICE_284
ROUTE         1     1.336       R5C9D.F1 to      R5C11C.B0 game/header/logo_byte_1
CTOF1_DEL   ---     0.889      R5C11C.B0 to      R5C11C.F1 game/header/SLICE_28
ROUTE         2     1.458      R5C11C.F1 to       R7C9D.D0 game/header/multicart_N_219
CTOF_DEL    ---     0.495       R7C9D.D0 to       R7C9D.F0 game/header/SLICE_63
ROUTE         1     0.000       R7C9D.F0 to      R7C9D.DI0 game/header/multicart_N_218 (to clk)
                  --------
                   12.805   (37.2% logic, 62.8% route), 8 logic levels.

 Clock Skew Details: 

      Source Clock Path osc to SLICE_52:

   Name    Fanout   Delay (ns)          Site               Resource
ROUTE        73     3.541        OSC.OSC to      R7C9B.CLK clk
                  --------
                    3.541   (0.0% logic, 100.0% route), 0 logic levels.

      Destination Clock Path osc to game/header/SLICE_63:

   Name    Fanout   Delay (ns)          Site               Resource
ROUTE        73     3.541        OSC.OSC to      R7C9D.CLK clk
                  --------
                    3.541   (0.0% logic, 100.0% route), 0 logic levels.


Passed: The following path meets requirements by 6.085ns

 Logical Details:  Cell type  Pin type       Cell/ASIC name  (clock net +/-)

   Source:         FF         Q              game/header/index__i1  (from clk +)
   Destination:    FF         Data in        game/header/logo_match_85  (to clk +)

   Delay:              12.546ns  (38.0% logic, 62.0% route), 8 logic levels.

 Constraint Details:

     12.546ns physical path delay game/header/SLICE_41 to game/header/SLICE_44 meets
     18.797ns delay constraint less
      0.000ns skew and
      0.166ns DIN_SET requirement (totaling 18.631ns) by 6.085ns

 Physical Path Details:

      Data path game/header/SLICE_41 to game/header/SLICE_44:

   Name    Fanout   Delay (ns)          Site               Resource
REG_DEL     ---     0.452      R4C7D.CLK to       R4C7D.Q0 game/header/SLICE_41 (from clk)
ROUTE        40     1.087       R4C7D.Q0 to      R4C10A.D1 game/header/index_1
CTOF_DEL    ---     0.495      R4C10A.D1 to      R4C10A.F1 game/header/SLICE_260
ROUTE        20     0.718      R4C10A.F1 to      R4C10A.B0 game/header/n10717
CTOF_DEL    ---     0.495      R4C10A.B0 to      R4C10A.F0 game/header/SLICE_260
ROUTE        11     1.216      R4C10A.F0 to      R5C10B.C1 game/header/n11124
CTOOFX_DEL  ---     0.721      R5C10B.C1 to    R5C10B.OFX0 game/header/i9800/SLICE_166
ROUTE         1     0.964    R5C10B.OFX0 to       R5C9B.A1 game/header/n10766
CTOOFX_DEL  ---     0.721       R5C9B.A1 to     R5C9B.OFX0 game/header/logo_byte_7__I_0_i3074/SLICE_154
ROUTE         1     1.004     R5C9B.OFX0 to       R5C9D.B1 game/header/n3074
CTOF_DEL    ---     0.495       R5C9D.B1 to       R5C9D.F1 game/header/SLICE_284
ROUTE         1     1.336       R5C9D.F1 to      R5C11C.B0 game/header/logo_byte_1
CTOF1_DEL   ---     0.889      R5C11C.B0 to      R5C11C.F1 game/header/SLICE_28
ROUTE         2     1.458      R5C11C.F1 to       R7C9A.D0 game/header/multicart_N_219
CTOF_DEL    ---     0.495       R7C9A.D0 to       R7C9A.F0 game/header/SLICE_44
ROUTE         1     0.000       R7C9A.F0 to      R7C9A.DI0 game/header/n3789 (to clk)
                  --------
                   12.546   (38.0% logic, 62.0% route), 8 logic levels.

 Clock Skew Details: 

      Source Clock Path osc to game/header/SLICE_41:

   Name    Fanout   Delay (ns)          Site               Resource
ROUTE        73     3.541        OSC.OSC to      R4C7D.CLK clk
                  --------
                    3.541   (0.0% logic, 100.0% route), 0 logic levels.

      Destination Clock Path osc to game/header/SLICE_44:

   Name    Fanout   Delay (ns)          Site               Resource
ROUTE        73     3.541        OSC.OSC to      R7C9A.CLK clk
                  --------
                    3.541   (0.0% logic, 100.0% route), 0 logic levels.


Passed: The following path meets requirements by 6.085ns

 Logical Details:  Cell type  Pin type       Cell/ASIC name  (clock net +/-)

   Source:         FF         Q              game/header/index__i1  (from clk +)
   Destination:    FF         Data in        game/header/logo_match_85  (to clk +)

   Delay:              12.546ns  (38.0% logic, 62.0% route), 8 logic levels.

 Constraint Details:

     12.546ns physical path delay game/header/SLICE_41 to game/header/SLICE_44 meets
     18.797ns delay constraint less
      0.000ns skew and
      0.166ns DIN_SET requirement (totaling 18.631ns) by 6.085ns

 Physical Path Details:

      Data path game/header/SLICE_41 to game/header/SLICE_44:

   Name    Fanout   Delay (ns)          Site               Resource
REG_DEL     ---     0.452      R4C7D.CLK to       R4C7D.Q0 game/header/SLICE_41 (from clk)
ROUTE        40     1.087       R4C7D.Q0 to      R4C10A.D1 game/header/index_1
CTOF_DEL    ---     0.495      R4C10A.D1 to      R4C10A.F1 game/header/SLICE_260
ROUTE        20     0.718      R4C10A.F1 to      R4C10A.B0 game/header/n10717
CTOF_DEL    ---     0.495      R4C10A.B0 to      R4C10A.F0 game/header/SLICE_260
ROUTE        11     1.216      R4C10A.F0 to      R5C10B.C0 game/header/n11124
CTOOFX_DEL  ---     0.721      R5C10B.C0 to    R5C10B.OFX0 game/header/i9800/SLICE_166
ROUTE         1     0.964    R5C10B.OFX0 to       R5C9B.A1 game/header/n10766
CTOOFX_DEL  ---     0.721       R5C9B.A1 to     R5C9B.OFX0 game/header/logo_byte_7__I_0_i3074/SLICE_154
ROUTE         1     1.004     R5C9B.OFX0 to       R5C9D.B1 game/header/n3074
CTOF_DEL    ---     0.495       R5C9D.B1 to       R5C9D.F1 game/header/SLICE_284
ROUTE         1     1.336       R5C9D.F1 to      R5C11C.B0 game/header/logo_byte_1
CTOF1_DEL   ---     0.889      R5C11C.B0 to      R5C11C.F1 game/header/SLICE_28
ROUTE         2     1.458      R5C11C.F1 to       R7C9A.D0 game/header/multicart_N_219
CTOF_DEL    ---     0.495       R7C9A.D0 to       R7C9A.F0 game/header/SLICE_44
ROUTE         1     0.000       R7C9A.F0 to      R7C9A.DI0 game/header/n3789 (to clk)
                  --------
                   12.546   (38.0% logic, 62.0% route), 8 logic levels.

 Clock Skew Details: 

      Source Clock Path osc to game/header/SLICE_41:

   Name    Fanout   Delay (ns)          Site               Resource
ROUTE        73     3.541        OSC.OSC to      R4C7D.CLK clk
                  --------
                    3.541   (0.0% logic, 100.0% route), 0 logic levels.

      Destination Clock Path osc to game/header/SLICE_44:

   Name    Fanout   Delay (ns)          Site               Resource
ROUTE        73     3.541        OSC.OSC to      R7C9A.CLK clk
                  --------
                    3.541   (0.0% logic, 100.0% route), 0 logic levels.


Passed: The following path meets requirements by 6.085ns

 Logical Details:  Cell type  Pin type       Cell/ASIC name  (clock net +/-)

   Source:         FF         Q              game/header/index__i1  (from clk +)
   Destination:    FF         Data in        game/header/multicart_84  (to clk +)

   Delay:              12.546ns  (38.0% logic, 62.0% route), 8 logic levels.

 Constraint Details:

     12.546ns physical path delay game/header/SLICE_41 to game/header/SLICE_63 meets
     18.797ns delay constraint less
      0.000ns skew and
      0.166ns DIN_SET requirement (totaling 18.631ns) by 6.085ns

 Physical Path Details:

      Data path game/header/SLICE_41 to game/header/SLICE_63:

   Name    Fanout   Delay (ns)          Site               Resource
REG_DEL     ---     0.452      R4C7D.CLK to       R4C7D.Q0 game/header/SLICE_41 (from clk)
ROUTE        40     1.087       R4C7D.Q0 to      R4C10A.D1 game/header/index_1
CTOF_DEL    ---     0.495      R4C10A.D1 to      R4C10A.F1 game/header/SLICE_260
ROUTE        20     0.718      R4C10A.F1 to      R4C10A.B0 game/header/n10717
CTOF_DEL    ---     0.495      R4C10A.B0 to      R4C10A.F0 game/header/SLICE_260
ROUTE        11     1.216      R4C10A.F0 to      R5C10B.C1 game/header/n11124
CTOOFX_DEL  ---     0.721      R5C10B.C1 to    R5C10B.OFX0 game/header/i9800/SLICE_166
ROUTE         1     0.964    R5C10B.OFX0 to       R5C9B.A1 game/header/n10766
CTOOFX_DEL  ---     0.721       R5C9B.A1 to     R5C9B.OFX0 game/header/logo_byte_7__I_0_i3074/SLICE_154
ROUTE         1     1.004     R5C9B.OFX0 to       R5C9D.B1 game/header/n3074
CTOF_DEL    ---     0.495       R5C9D.B1 to       R5C9D.F1 game/header/SLICE_284
ROUTE         1     1.336       R5C9D.F1 to      R5C11C.B0 game/header/logo_byte_1
CTOF1_DEL   ---     0.889      R5C11C.B0 to      R5C11C.F1 game/header/SLICE_28
ROUTE         2     1.458      R5C11C.F1 to       R7C9D.D0 game/header/multicart_N_219
CTOF_DEL    ---     0.495       R7C9D.D0 to       R7C9D.F0 game/header/SLICE_63
ROUTE         1     0.000       R7C9D.F0 to      R7C9D.DI0 game/header/multicart_N_218 (to clk)
                  --------
                   12.546   (38.0% logic, 62.0% route), 8 logic levels.

 Clock Skew Details: 

      Source Clock Path osc to game/header/SLICE_41:

   Name    Fanout   Delay (ns)          Site               Resource
ROUTE        73     3.541        OSC.OSC to      R4C7D.CLK clk
                  --------
                    3.541   (0.0% logic, 100.0% route), 0 logic levels.

      Destination Clock Path osc to game/header/SLICE_63:

   Name    Fanout   Delay (ns)          Site               Resource
ROUTE        73     3.541        OSC.OSC to      R7C9D.CLK clk
                  --------
                    3.541   (0.0% logic, 100.0% route), 0 logic levels.


Passed: The following path meets requirements by 6.085ns

 Logical Details:  Cell type  Pin type       Cell/ASIC name  (clock net +/-)

   Source:         FF         Q              game/header/index__i1  (from clk +)
   Destination:    FF         Data in        game/header/multicart_84  (to clk +)

   Delay:              12.546ns  (38.0% logic, 62.0% route), 8 logic levels.

 Constraint Details:

     12.546ns physical path delay game/header/SLICE_41 to game/header/SLICE_63 meets
     18.797ns delay constraint less
      0.000ns skew and
      0.166ns DIN_SET requirement (totaling 18.631ns) by 6.085ns

 Physical Path Details:

      Data path game/header/SLICE_41 to game/header/SLICE_63:

   Name    Fanout   Delay (ns)          Site               Resource
REG_DEL     ---     0.452      R4C7D.CLK to       R4C7D.Q0 game/header/SLICE_41 (from clk)
ROUTE        40     1.087       R4C7D.Q0 to      R4C10A.D1 game/header/index_1
CTOF_DEL    ---     0.495      R4C10A.D1 to      R4C10A.F1 game/header/SLICE_260
ROUTE        20     0.718      R4C10A.F1 to      R4C10A.B0 game/header/n10717
CTOF_DEL    ---     0.495      R4C10A.B0 to      R4C10A.F0 game/header/SLICE_260
ROUTE        11     1.216      R4C10A.F0 to      R5C10B.C0 game/header/n11124
CTOOFX_DEL  ---     0.721      R5C10B.C0 to    R5C10B.OFX0 game/header/i9800/SLICE_166
ROUTE         1     0.964    R5C10B.OFX0 to       R5C9B.A1 game/header/n10766
CTOOFX_DEL  ---     0.721       R5C9B.A1 to     R5C9B.OFX0 game/header/logo_byte_7__I_0_i3074/SLICE_154
ROUTE         1     1.004     R5C9B.OFX0 to       R5C9D.B1 game/header/n3074
CTOF_DEL    ---     0.495       R5C9D.B1 to       R5C9D.F1 game/header/SLICE_284
ROUTE         1     1.336       R5C9D.F1 to      R5C11C.B0 game/header/logo_byte_1
CTOF1_DEL   ---     0.889      R5C11C.B0 to      R5C11C.F1 game/header/SLICE_28
ROUTE         2     1.458      R5C11C.F1 to       R7C9D.D0 game/header/multicart_N_219
CTOF_DEL    ---     0.495       R7C9D.D0 to       R7C9D.F0 game/header/SLICE_63
ROUTE         1     0.000       R7C9D.F0 to      R7C9D.DI0 game/header/multicart_N_218 (to clk)
                  --------
                   12.546   (38.0% logic, 62.0% route), 8 logic levels.

 Clock Skew Details: 

      Source Clock Path osc to game/header/SLICE_41:

   Name    Fanout   Delay (ns)          Site               Resource
ROUTE        73     3.541        OSC.OSC to      R4C7D.CLK clk
                  --------
                    3.541   (0.0% logic, 100.0% route), 0 logic levels.

      Destination Clock Path osc to game/header/SLICE_63:

   Name    Fanout   Delay (ns)          Site               Resource
ROUTE        73     3.541        OSC.OSC to      R7C9D.CLK clk
                  --------
                    3.541   (0.0% logic, 100.0% route), 0 logic levels.


Passed: The following path meets requirements by 6.154ns

 Logical Details:  Cell type  Pin type       Cell/ASIC name  (clock net +/-)

   Source:         FF         Q              game/header/index__i0  (from clk +)
   Destination:    FF         Data in        game/header/logo_match_85  (to clk +)

   Delay:              12.477ns  (42.6% logic, 57.4% route), 9 logic levels.

 Constraint Details:

     12.477ns physical path delay SLICE_52 to game/header/SLICE_44 meets
     18.797ns delay constraint less
      0.000ns skew and
      0.166ns DIN_SET requirement (totaling 18.631ns) by 6.154ns

 Physical Path Details:

      Data path SLICE_52 to game/header/SLICE_44:

   Name    Fanout   Delay (ns)          Site               Resource
REG_DEL     ---     0.452      R7C9B.CLK to       R7C9B.Q0 SLICE_52 (from clk)
ROUTE        42     1.346       R7C9B.Q0 to      R4C10A.C1 game/index_0
CTOF_DEL    ---     0.495      R4C10A.C1 to      R4C10A.F1 game/header/SLICE_260
ROUTE        20     1.195      R4C10A.F1 to       R5C7A.D0 game/header/n10717
CTOF_DEL    ---     0.495       R5C7A.D0 to       R5C7A.F0 game/header/SLICE_273
ROUTE         7     0.814       R5C7A.F0 to       R5C6A.C0 game/header/n10661
CTOOFX_DEL  ---     0.721       R5C6A.C0 to     R5C6A.OFX0 game/header/i9786/SLICE_159
ROUTE         1     0.958     R5C6A.OFX0 to       R5C9D.D0 game/header/n10744
CTOF_DEL    ---     0.495       R5C9D.D0 to       R5C9D.F0 game/header/SLICE_284
ROUTE         1     0.626       R5C9D.F0 to       R5C9A.D1 game/header/n8900
CTOF_DEL    ---     0.495       R5C9A.D1 to       R5C9A.F1 game/header/SLICE_254
ROUTE         1     0.766       R5C9A.F1 to      R5C11B.C0 game/header/logo_byte_4
C0TOFCO_DE  ---     1.023      R5C11B.C0 to     R5C11B.FCO game/header/SLICE_27
ROUTE         1     0.000     R5C11B.FCO to     R5C11C.FCI game/header/n8860
FCITOF1_DE  ---     0.643     R5C11C.FCI to      R5C11C.F1 game/header/SLICE_28
ROUTE         2     1.458      R5C11C.F1 to       R7C9A.D0 game/header/multicart_N_219
CTOF_DEL    ---     0.495       R7C9A.D0 to       R7C9A.F0 game/header/SLICE_44
ROUTE         1     0.000       R7C9A.F0 to      R7C9A.DI0 game/header/n3789 (to clk)
                  --------
                   12.477   (42.6% logic, 57.4% route), 9 logic levels.

 Clock Skew Details: 

      Source Clock Path osc to SLICE_52:

   Name    Fanout   Delay (ns)          Site               Resource
ROUTE        73     3.541        OSC.OSC to      R7C9B.CLK clk
                  --------
                    3.541   (0.0% logic, 100.0% route), 0 logic levels.

      Destination Clock Path osc to game/header/SLICE_44:

   Name    Fanout   Delay (ns)          Site               Resource
ROUTE        73     3.541        OSC.OSC to      R7C9A.CLK clk
                  --------
                    3.541   (0.0% logic, 100.0% route), 0 logic levels.


Passed: The following path meets requirements by 6.154ns

 Logical Details:  Cell type  Pin type       Cell/ASIC name  (clock net +/-)

   Source:         FF         Q              game/header/index__i0  (from clk +)
   Destination:    FF         Data in        game/header/logo_match_85  (to clk +)

   Delay:              12.477ns  (42.6% logic, 57.4% route), 9 logic levels.

 Constraint Details:

     12.477ns physical path delay SLICE_52 to game/header/SLICE_44 meets
     18.797ns delay constraint less
      0.000ns skew and
      0.166ns DIN_SET requirement (totaling 18.631ns) by 6.154ns

 Physical Path Details:

      Data path SLICE_52 to game/header/SLICE_44:

   Name    Fanout   Delay (ns)          Site               Resource
REG_DEL     ---     0.452      R7C9B.CLK to       R7C9B.Q0 SLICE_52 (from clk)
ROUTE        42     1.346       R7C9B.Q0 to      R4C10A.C1 game/index_0
CTOF_DEL    ---     0.495      R4C10A.C1 to      R4C10A.F1 game/header/SLICE_260
ROUTE        20     1.195      R4C10A.F1 to       R5C7A.D0 game/header/n10717
CTOF_DEL    ---     0.495       R5C7A.D0 to       R5C7A.F0 game/header/SLICE_273
ROUTE         7     0.814       R5C7A.F0 to       R5C6A.C1 game/header/n10661
CTOOFX_DEL  ---     0.721       R5C6A.C1 to     R5C6A.OFX0 game/header/i9786/SLICE_159
ROUTE         1     0.958     R5C6A.OFX0 to       R5C9D.D0 game/header/n10744
CTOF_DEL    ---     0.495       R5C9D.D0 to       R5C9D.F0 game/header/SLICE_284
ROUTE         1     0.626       R5C9D.F0 to       R5C9A.D1 game/header/n8900
CTOF_DEL    ---     0.495       R5C9A.D1 to       R5C9A.F1 game/header/SLICE_254
ROUTE         1     0.766       R5C9A.F1 to      R5C11B.C0 game/header/logo_byte_4
C0TOFCO_DE  ---     1.023      R5C11B.C0 to     R5C11B.FCO game/header/SLICE_27
ROUTE         1     0.000     R5C11B.FCO to     R5C11C.FCI game/header/n8860
FCITOF1_DE  ---     0.643     R5C11C.FCI to      R5C11C.F1 game/header/SLICE_28
ROUTE         2     1.458      R5C11C.F1 to       R7C9A.D0 game/header/multicart_N_219
CTOF_DEL    ---     0.495       R7C9A.D0 to       R7C9A.F0 game/header/SLICE_44
ROUTE         1     0.000       R7C9A.F0 to      R7C9A.DI0 game/header/n3789 (to clk)
                  --------
                   12.477   (42.6% logic, 57.4% route), 9 logic levels.

 Clock Skew Details: 

      Source Clock Path osc to SLICE_52:

   Name    Fanout   Delay (ns)          Site               Resource
ROUTE        73     3.541        OSC.OSC to      R7C9B.CLK clk
                  --------
                    3.541   (0.0% logic, 100.0% route), 0 logic levels.

      Destination Clock Path osc to game/header/SLICE_44:

   Name    Fanout   Delay (ns)          Site               Resource
ROUTE        73     3.541        OSC.OSC to      R7C9A.CLK clk
                  --------
                    3.541   (0.0% logic, 100.0% route), 0 logic levels.

Report:   77.095MHz is the maximum frequency for this preference.

Report Summary
--------------
----------------------------------------------------------------------------
Preference                              |   Constraint|       Actual|Levels
----------------------------------------------------------------------------
                                        |             |             |
FREQUENCY NET "clk" 53.200000 MHz ;     |   53.200 MHz|   77.095 MHz|   8  
                                        |             |             |
----------------------------------------------------------------------------


All preferences were met.


Clock Domains Analysis
------------------------

Found 2 clocks:

Clock Domain: gb_wr_n_c   Source: gb_wr_n.PAD   Loads: 30
   No transfer within this clock domain is found

Clock Domain: clk   Source: osc.OSC   Loads: 73
   Covered under: FREQUENCY NET "clk" 53.200000 MHz ;

   Data transfers from:
   Clock Domain: gb_wr_n_c   Source: gb_wr_n.PAD
      Not reported because source and destination domains are unrelated.


Timing summary (Setup):
---------------

Timing errors: 0  Score: 0
Cumulative negative slack: 0

Constraints cover 3711 paths, 1 nets, and 1662 connections (72.61% coverage)

--------------------------------------------------------------------------------
Lattice TRACE Report - Hold, Version Diamond (64-bit) 3.14.0.75.2
Wed Sep 09 23:43:16 2026

Copyright (c) 1991-1994 by NeoCAD Inc. All rights reserved.
Copyright (c) 1995 AT&T Corp.   All rights reserved.
Copyright (c) 1995-2001 Lucent Technologies Inc.  All rights reserved.
Copyright (c) 2001 Agere Systems   All rights reserved.
Copyright (c) 2002-2024 Lattice Semiconductor Corporation,  All rights reserved.

Report Information
------------------
Command line:    trce -v 10 -gt -sethld -sp 4 -sphld m -o RomEmu_game_multi.twr -gui -msgset C:/Users/Admin/Documents/diy-gb-flash-cart/fpga/diamond/promote.xml RomEmu_game_multi.ncd RomEmu_game_multi.prf 
Design file:     romemu_game_multi.ncd
Preference file: romemu_game_multi.prf
Device,speed:    LCMXO2-1200HC,m
Report level:    verbose report, limited to 10 items per preference
--------------------------------------------------------------------------------



================================================================================
Preference: FREQUENCY NET "clk" 53.200000 MHz ;
            3711 items scored, 0 timing errors detected.
--------------------------------------------------------------------------------


Passed: The following path meets requirements by 0.304ns

 Logical Details:  Cell type  Pin type       Cell/ASIC name  (clock net +/-)

   Source:         FF         Q              r0  (from clk +)
   Destination:    FF         Data in        r1  (to clk +)

   Delay:               0.285ns  (46.7% logic, 53.3% route), 1 logic levels.

 Constraint Details:

      0.285ns physical path delay SLICE_117 to SLICE_117 meets
     -0.019ns M_HLD and
      0.000ns delay constraint less
      0.000ns skew requirement (totaling -0.019ns) by 0.304ns

 Physical Path Details:

      Data path SLICE_117 to SLICE_117:

   Name    Fanout   Delay (ns)          Site               Resource
REG_DEL     ---     0.133     R7C14D.CLK to      R7C14D.Q0 SLICE_117 (from clk)
ROUTE         1     0.152      R7C14D.Q0 to      R7C14D.M1 ready_0 (to clk)
                  --------
                    0.285   (46.7% logic, 53.3% route), 1 logic levels.

 Clock Skew Details: 

      Source Clock Path osc to SLICE_117:

   Name    Fanout   Delay (ns)          Site               Resource
ROUTE        73     1.216        OSC.OSC to     R7C14D.CLK clk
                  --------
                    1.216   (0.0% logic, 100.0% route), 0 logic levels.

      Destination Clock Path osc to SLICE_117:

   Name    Fanout   Delay (ns)          Site               Resource
ROUTE        73     1.216        OSC.OSC to     R7C14D.CLK clk
                  --------
                    1.216   (0.0% logic, 100.0% route), 0 logic levels.


Passed: The following path meets requirements by 0.304ns

 Logical Details:  Cell type  Pin type       Cell/ASIC name  (clock net +/-)

   Source:         FF         Q              r1  (from clk +)
   Destination:    FF         Data in        r2  (to clk +)

   Delay:               0.285ns  (46.7% logic, 53.3% route), 1 logic levels.

 Constraint Details:

      0.285ns physical path delay SLICE_117 to SLICE_118 meets
     -0.019ns M_HLD and
      0.000ns delay constraint less
      0.000ns skew requirement (totaling -0.019ns) by 0.304ns

 Physical Path Details:

      Data path SLICE_117 to SLICE_118:

   Name    Fanout   Delay (ns)          Site               Resource
REG_DEL     ---     0.133     R7C14D.CLK to      R7C14D.Q1 SLICE_117 (from clk)
ROUTE         1     0.152      R7C14D.Q1 to      R7C14B.M0 ready_1 (to clk)
                  --------
                    0.285   (46.7% logic, 53.3% route), 1 logic levels.

 Clock Skew Details: 

      Source Clock Path osc to SLICE_117:

   Name    Fanout   Delay (ns)          Site               Resource
ROUTE        73     1.216        OSC.OSC to     R7C14D.CLK clk
                  --------
                    1.216   (0.0% logic, 100.0% route), 0 logic levels.

      Destination Clock Path osc to SLICE_118:

   Name    Fanout   Delay (ns)          Site               Resource
ROUTE        73     1.216        OSC.OSC to     R7C14B.CLK clk
                  --------
                    1.216   (0.0% logic, 100.0% route), 0 logic levels.


Passed: The following path meets requirements by 0.304ns

 Logical Details:  Cell type  Pin type       Cell/ASIC name  (clock net +/-)

   Source:         FF         Q              r2  (from clk +)
   Destination:    FF         Data in        r3  (to clk +)

   Delay:               0.285ns  (46.7% logic, 53.3% route), 1 logic levels.

 Constraint Details:

      0.285ns physical path delay SLICE_118 to SLICE_118 meets
     -0.019ns M_HLD and
      0.000ns delay constraint less
      0.000ns skew requirement (totaling -0.019ns) by 0.304ns

 Physical Path Details:

      Data path SLICE_118 to SLICE_118:

   Name    Fanout   Delay (ns)          Site               Resource
REG_DEL     ---     0.133     R7C14B.CLK to      R7C14B.Q0 SLICE_118 (from clk)
ROUTE         1     0.152      R7C14B.Q0 to      R7C14B.M1 ready_2 (to clk)
                  --------
                    0.285   (46.7% logic, 53.3% route), 1 logic levels.

 Clock Skew Details: 

      Source Clock Path osc to SLICE_118:

   Name    Fanout   Delay (ns)          Site               Resource
ROUTE        73     1.216        OSC.OSC to     R7C14B.CLK clk
                  --------
                    1.216   (0.0% logic, 100.0% route), 0 logic levels.

      Destination Clock Path osc to SLICE_118:

   Name    Fanout   Delay (ns)          Site               Resource
ROUTE        73     1.216        OSC.OSC to     R7C14B.CLK clk
                  --------
                    1.216   (0.0% logic, 100.0% route), 0 logic levels.


Passed: The following path meets requirements by 0.304ns

 Logical Details:  Cell type  Pin type       Cell/ASIC name  (clock net +/-)

   Source:         FF         Q              game/rtc/write_sync__i0  (from clk +)
   Destination:    FF         Data in        game/rtc/write_sync__i1  (to clk +)

   Delay:               0.285ns  (46.7% logic, 53.3% route), 1 logic levels.

 Constraint Details:

      0.285ns physical path delay SLICE_179 to SLICE_179 meets
     -0.019ns M_HLD and
      0.000ns delay constraint less
      0.000ns skew requirement (totaling -0.019ns) by 0.304ns

 Physical Path Details:

      Data path SLICE_179 to SLICE_179:

   Name    Fanout   Delay (ns)          Site               Resource
REG_DEL     ---     0.133     R8C15A.CLK to      R8C15A.Q0 SLICE_179 (from clk)
ROUTE         1     0.152      R8C15A.Q0 to      R8C15A.M1 game/rtc/write_sync_0 (to clk)
                  --------
                    0.285   (46.7% logic, 53.3% route), 1 logic levels.

 Clock Skew Details: 

      Source Clock Path osc to SLICE_179:

   Name    Fanout   Delay (ns)          Site               Resource
ROUTE        73     1.216        OSC.OSC to     R8C15A.CLK clk
                  --------
                    1.216   (0.0% logic, 100.0% route), 0 logic levels.

      Destination Clock Path osc to SLICE_179:

   Name    Fanout   Delay (ns)          Site               Resource
ROUTE        73     1.216        OSC.OSC to     R8C15A.CLK clk
                  --------
                    1.216   (0.0% logic, 100.0% route), 0 logic levels.


Passed: The following path meets requirements by 0.304ns

 Logical Details:  Cell type  Pin type       Cell/ASIC name  (clock net +/-)

   Source:         FF         Q              game/rtc/latch_sync__i0  (from clk +)
   Destination:    FF         Data in        game/rtc/latch_sync__i1  (to clk +)

   Delay:               0.285ns  (46.7% logic, 53.3% route), 1 logic levels.

 Constraint Details:

      0.285ns physical path delay SLICE_196 to SLICE_196 meets
     -0.019ns M_HLD and
      0.000ns delay constraint less
      0.000ns skew requirement (totaling -0.019ns) by 0.304ns

 Physical Path Details:

      Data path SLICE_196 to SLICE_196:

   Name    Fanout   Delay (ns)          Site               Resource
REG_DEL     ---     0.133     R7C13C.CLK to      R7C13C.Q0 SLICE_196 (from clk)
ROUTE         1     0.152      R7C13C.Q0 to      R7C13C.M1 game/rtc/latch_sync_0 (to clk)
                  --------
                    0.285   (46.7% logic, 53.3% route), 1 logic levels.

 Clock Skew Details: 

      Source Clock Path osc to SLICE_196:

   Name    Fanout   Delay (ns)          Site               Resource
ROUTE        73     1.216        OSC.OSC to     R7C13C.CLK clk
                  --------
                    1.216   (0.0% logic, 100.0% route), 0 logic levels.

      Destination Clock Path osc to SLICE_196:

   Name    Fanout   Delay (ns)          Site               Resource
ROUTE        73     1.216        OSC.OSC to     R7C13C.CLK clk
                  --------
                    1.216   (0.0% logic, 100.0% route), 0 logic levels.


Passed: The following path meets requirements by 0.379ns

 Logical Details:  Cell type  Pin type       Cell/ASIC name  (clock net +/-)

   Source:         FF         Q              game/rtc/divider_1082__i3  (from clk +)
   Destination:    FF         Data in        game/rtc/divider_1082__i3  (to clk +)

   Delay:               0.366ns  (63.9% logic, 36.1% route), 2 logic levels.

 Constraint Details:

      0.366ns physical path delay game/rtc/SLICE_14 to game/rtc/SLICE_14 meets
     -0.013ns DIN_HLD and
      0.000ns delay constraint less
      0.000ns skew requirement (totaling -0.013ns) by 0.379ns

 Physical Path Details:

      Data path game/rtc/SLICE_14 to game/rtc/SLICE_14:

   Name    Fanout   Delay (ns)          Site               Resource
REG_DEL     ---     0.133    R10C18C.CLK to     R10C18C.Q0 game/rtc/SLICE_14 (from clk)
ROUTE         3     0.132     R10C18C.Q0 to     R10C18C.A0 game/rtc/divider_3
CTOF_DEL    ---     0.101     R10C18C.A0 to     R10C18C.F0 game/rtc/SLICE_14
ROUTE         1     0.000     R10C18C.F0 to    R10C18C.DI0 game/rtc/n132 (to clk)
                  --------
                    0.366   (63.9% logic, 36.1% route), 2 logic levels.

 Clock Skew Details: 

      Source Clock Path osc to game/rtc/SLICE_14:

   Name    Fanout   Delay (ns)          Site               Resource
ROUTE        73     1.216        OSC.OSC to    R10C18C.CLK clk
                  --------
                    1.216   (0.0% logic, 100.0% route), 0 logic levels.

      Destination Clock Path osc to game/rtc/SLICE_14:

   Name    Fanout   Delay (ns)          Site               Resource
ROUTE        73     1.216        OSC.OSC to    R10C18C.CLK clk
                  --------
                    1.216   (0.0% logic, 100.0% route), 0 logic levels.


Passed: The following path meets requirements by 0.379ns

 Logical Details:  Cell type  Pin type       Cell/ASIC name  (clock net +/-)

   Source:         FF         Q              game/rtc/divider_1082__i8  (from clk +)
   Destination:    FF         Data in        game/rtc/divider_1082__i8  (to clk +)

   Delay:               0.366ns  (63.9% logic, 36.1% route), 2 logic levels.

 Constraint Details:

      0.366ns physical path delay game/rtc/SLICE_11 to game/rtc/SLICE_11 meets
     -0.013ns DIN_HLD and
      0.000ns delay constraint less
      0.000ns skew requirement (totaling -0.013ns) by 0.379ns

 Physical Path Details:

      Data path game/rtc/SLICE_11 to game/rtc/SLICE_11:

   Name    Fanout   Delay (ns)          Site               Resource
REG_DEL     ---     0.133    R10C19A.CLK to     R10C19A.Q1 game/rtc/SLICE_11 (from clk)
ROUTE         2     0.132     R10C19A.Q1 to     R10C19A.A1 game/rtc/divider_8
CTOF_DEL    ---     0.101     R10C19A.A1 to     R10C19A.F1 game/rtc/SLICE_11
ROUTE         1     0.000     R10C19A.F1 to    R10C19A.DI1 game/rtc/n127 (to clk)
                  --------
                    0.366   (63.9% logic, 36.1% route), 2 logic levels.

 Clock Skew Details: 

      Source Clock Path osc to game/rtc/SLICE_11:

   Name    Fanout   Delay (ns)          Site               Resource
ROUTE        73     1.216        OSC.OSC to    R10C19A.CLK clk
                  --------
                    1.216   (0.0% logic, 100.0% route), 0 logic levels.

      Destination Clock Path osc to game/rtc/SLICE_11:

   Name    Fanout   Delay (ns)          Site               Resource
ROUTE        73     1.216        OSC.OSC to    R10C19A.CLK clk
                  --------
                    1.216   (0.0% logic, 100.0% route), 0 logic levels.


Passed: The following path meets requirements by 0.379ns

 Logical Details:  Cell type  Pin type       Cell/ASIC name  (clock net +/-)

   Source:         FF         Q              game/rtc/divider_1082__i6  (from clk +)
   Destination:    FF         Data in        game/rtc/divider_1082__i6  (to clk +)

   Delay:               0.366ns  (63.9% logic, 36.1% route), 2 logic levels.

 Constraint Details:

      0.366ns physical path delay game/rtc/SLICE_12 to game/rtc/SLICE_12 meets
     -0.013ns DIN_HLD and
      0.000ns delay constraint less
      0.000ns skew requirement (totaling -0.013ns) by 0.379ns

 Physical Path Details:

      Data path game/rtc/SLICE_12 to game/rtc/SLICE_12:

   Name    Fanout   Delay (ns)          Site               Resource
REG_DEL     ---     0.133    R10C18D.CLK to     R10C18D.Q1 game/rtc/SLICE_12 (from clk)
ROUTE         2     0.132     R10C18D.Q1 to     R10C18D.A1 game/rtc/divider_6
CTOF_DEL    ---     0.101     R10C18D.A1 to     R10C18D.F1 game/rtc/SLICE_12
ROUTE         1     0.000     R10C18D.F1 to    R10C18D.DI1 game/rtc/n129 (to clk)
                  --------
                    0.366   (63.9% logic, 36.1% route), 2 logic levels.

 Clock Skew Details: 

      Source Clock Path osc to game/rtc/SLICE_12:

   Name    Fanout   Delay (ns)          Site               Resource
ROUTE        73     1.216        OSC.OSC to    R10C18D.CLK clk
                  --------
                    1.216   (0.0% logic, 100.0% route), 0 logic levels.

      Destination Clock Path osc to game/rtc/SLICE_12:

   Name    Fanout   Delay (ns)          Site               Resource
ROUTE        73     1.216        OSC.OSC to    R10C18D.CLK clk
                  --------
                    1.216   (0.0% logic, 100.0% route), 0 logic levels.


Passed: The following path meets requirements by 0.379ns

 Logical Details:  Cell type  Pin type       Cell/ASIC name  (clock net +/-)

   Source:         FF         Q              game/rtc/divider_1082__i9  (from clk +)
   Destination:    FF         Data in        game/rtc/divider_1082__i9  (to clk +)

   Delay:               0.366ns  (63.9% logic, 36.1% route), 2 logic levels.

 Constraint Details:

      0.366ns physical path delay game/rtc/SLICE_10 to game/rtc/SLICE_10 meets
     -0.013ns DIN_HLD and
      0.000ns delay constraint less
      0.000ns skew requirement (totaling -0.013ns) by 0.379ns

 Physical Path Details:

      Data path game/rtc/SLICE_10 to game/rtc/SLICE_10:

   Name    Fanout   Delay (ns)          Site               Resource
REG_DEL     ---     0.133    R10C19B.CLK to     R10C19B.Q0 game/rtc/SLICE_10 (from clk)
ROUTE         2     0.132     R10C19B.Q0 to     R10C19B.A0 game/rtc/divider_9
CTOF_DEL    ---     0.101     R10C19B.A0 to     R10C19B.F0 game/rtc/SLICE_10
ROUTE         1     0.000     R10C19B.F0 to    R10C19B.DI0 game/rtc/n126 (to clk)
                  --------
                    0.366   (63.9% logic, 36.1% route), 2 logic levels.

 Clock Skew Details: 

      Source Clock Path osc to game/rtc/SLICE_10:

   Name    Fanout   Delay (ns)          Site               Resource
ROUTE        73     1.216        OSC.OSC to    R10C19B.CLK clk
                  --------
                    1.216   (0.0% logic, 100.0% route), 0 logic levels.

      Destination Clock Path osc to game/rtc/SLICE_10:

   Name    Fanout   Delay (ns)          Site               Resource
ROUTE        73     1.216        OSC.OSC to    R10C19B.CLK clk
                  --------
                    1.216   (0.0% logic, 100.0% route), 0 logic levels.


Passed: The following path meets requirements by 0.379ns

 Logical Details:  Cell type  Pin type       Cell/ASIC name  (clock net +/-)

   Source:         FF         Q              game/rtc/divider_1082__i18  (from clk +)
   Destination:    FF         Data in        game/rtc/divider_1082__i18  (to clk +)

   Delay:               0.366ns  (63.9% logic, 36.1% route), 2 logic levels.

 Constraint Details:

      0.366ns physical path delay game/rtc/SLICE_6 to game/rtc/SLICE_6 meets
     -0.013ns DIN_HLD and
      0.000ns delay constraint less
      0.000ns skew requirement (totaling -0.013ns) by 0.379ns

 Physical Path Details:

      Data path game/rtc/SLICE_6 to game/rtc/SLICE_6:

   Name    Fanout   Delay (ns)          Site               Resource
REG_DEL     ---     0.133    R10C20B.CLK to     R10C20B.Q1 game/rtc/SLICE_6 (from clk)
ROUTE         3     0.132     R10C20B.Q1 to     R10C20B.A1 game/rtc/divider_18
CTOF_DEL    ---     0.101     R10C20B.A1 to     R10C20B.F1 game/rtc/SLICE_6
ROUTE         1     0.000     R10C20B.F1 to    R10C20B.DI1 game/rtc/n117 (to clk)
                  --------
                    0.366   (63.9% logic, 36.1% route), 2 logic levels.

 Clock Skew Details: 

      Source Clock Path osc to game/rtc/SLICE_6:

   Name    Fanout   Delay (ns)          Site               Resource
ROUTE        73     1.216        OSC.OSC to    R10C20B.CLK clk
                  --------
                    1.216   (0.0% logic, 100.0% route), 0 logic levels.

      Destination Clock Path osc to game/rtc/SLICE_6:

   Name    Fanout   Delay (ns)          Site               Resource
ROUTE        73     1.216        OSC.OSC to    R10C20B.CLK clk
                  --------
                    1.216   (0.0% logic, 100.0% route), 0 logic levels.

Report Summary
--------------
----------------------------------------------------------------------------
Preference(MIN Delays)                  |   Constraint|       Actual|Levels
----------------------------------------------------------------------------
                                        |             |             |
FREQUENCY NET "clk" 53.200000 MHz ;     |     0.000 ns|     0.304 ns|   1  
                                        |             |             |
----------------------------------------------------------------------------


All preferences were met.


Clock Domains Analysis
------------------------

Found 2 clocks:

Clock Domain: gb_wr_n_c   Source: gb_wr_n.PAD   Loads: 30
   No transfer within this clock domain is found

Clock Domain: clk   Source: osc.OSC   Loads: 73
   Covered under: FREQUENCY NET "clk" 53.200000 MHz ;

   Data transfers from:
   Clock Domain: gb_wr_n_c   Source: gb_wr_n.PAD
      Not reported because source and destination domains are unrelated.


Timing summary (Hold):
---------------

Timing errors: 0  Score: 0
Cumulative negative slack: 0

Constraints cover 3711 paths, 1 nets, and 1662 connections (72.61% coverage)



Timing summary (Setup and Hold):
---------------

Timing errors: 0 (setup), 0 (hold)
Score: 0 (setup), 0 (hold)
Cumulative negative slack: 0 (0+0)
--------------------------------------------------------------------------------

--------------------------------------------------------------------------------

