
             Lattice Mapping Report File for Design Module 'top'


Design Information
------------------

Command line:   map -a MachXO2 -p LCMXO2-1200HC -t TQFP100 -s 4 -oc Commercial
     RomEmu_flash_bringup.ngd -o RomEmu_flash_bringup_map.ncd -pr
     RomEmu_flash_bringup.prf -mp RomEmu_flash_bringup.mrp -lpf C:/Users/Admin/D
     ocuments/diy-gb-flash-cart/fpga/diamond/flash_bringup/RomEmu_flash_bringup.
     lpf -lpf C:/Users/Admin/Documents/diy-gb-flash-cart/fpga/constraints/intern
     al_rom.lpf -c 0 -gui -msgset
     C:/Users/Admin/Documents/diy-gb-flash-cart/fpga/diamond/promote.xml 
Target Vendor:  LATTICE
Target Device:  LCMXO2-1200HCTQFP100
Target Performance:   4
Mapper:  xo2c00,  version:  Diamond (64-bit) 3.14.0.75.2
Mapped on:  09/06/26  22:05:58

Design Summary
--------------

   Number of registers:    143 out of  1520 (9%)
      PFU registers:          108 out of  1280 (8%)
      PIO registers:           35 out of   240 (15%)
   Number of SLICEs:       559 out of   640 (87%)
      SLICEs as Logic/ROM:    559 out of   640 (87%)
      SLICEs as RAM:            0 out of   480 (0%)
      SLICEs as Carry:         13 out of   640 (2%)
   Number of LUT4s:        1099 out of  1280 (86%)
      Number used as logic LUTs:        1073
      Number used as distributed RAM:     0
      Number used as ripple logic:       26
      Number used as shift registers:     0
   Number of PIO sites used: 35 + 4(JTAG) out of 80 (49%)
   Number of block RAMs:  0 out of 7 (0%)
   Number of GSRs:        0 out of 1 (0%)
   EFB used :        No
   JTAG used :       No
   Readback used :   No
   Oscillator used : Yes
   Startup used :    No
   POR :             On
   Bandgap :         On
   Number of Power Controller:  0 out of 1 (0%)
   Number of Dynamic Bank Controller (BCINRD):  0 out of 4 (0%)
   Number of Dynamic Bank Controller (BCLVDSO):  0 out of 1 (0%)
   Number of DCCA:  0 out of 8 (0%)
   Number of DCMA:  0 out of 2 (0%)
   Number of PLLs:  0 out of 1 (0%)
   Number of DQSDLLs:  0 out of 2 (0%)
   Number of CLKDIVC:  0 out of 4 (0%)
   Number of ECLKSYNCA:  0 out of 4 (0%)
   Number of ECLKBRIDGECS:  0 out of 2 (0%)
   Notes:-
      1. Total number of LUT4s = (Number of logic LUT4s) + 2*(Number of
     distributed RAMs) + 2*(Number of ripple logic)
      2. Number of logic LUT4s does not include count of distributed RAM and
     ripple logic.
   Number of clocks:  1
     Net clk: 124 loads, 124 rising, 0 falling (Driver: OSCH_inst )

                                    Page 1




Design:  top                                           Date:  09/06/26  22:05:58

Design Summary (cont)
---------------------
   Number of Clock Enables:  16
     Net bus/clk_enable_49: 8 loads, 0 LSLICEs
     Net bus/clk_enable_22: 4 loads, 4 LSLICEs
     Net bus/clk_enable_82: 1 loads, 0 LSLICEs
     Net bus/clk_enable_81: 1 loads, 0 LSLICEs
     Net bus/clk_enable_80: 1 loads, 0 LSLICEs
     Net bus/clk_enable_83: 22 loads, 0 LSLICEs
     Net bus/clk_enable_70: 1 loads, 1 LSLICEs
     Net bus/clk_enable_77: 4 loads, 4 LSLICEs
     Net bus/clk_enable_71: 1 loads, 1 LSLICEs
     Net clk_enable_1: 1 loads, 1 LSLICEs
     Net clk_enable_56: 4 loads, 4 LSLICEs
     Net clk_enable_14: 2 loads, 0 LSLICEs
     Net clk_enable_57: 4 loads, 4 LSLICEs
     Net clk_enable_79: 2 loads, 2 LSLICEs
     Net clk_enable_78: 8 loads, 8 LSLICEs
     Net clk_enable_76: 3 loads, 3 LSLICEs
   Number of LSRs:  69
     Net bus/n3: 1 loads, 1 LSLICEs
     Net bus/state_3: 2 loads, 2 LSLICEs
     Net bus/n6736: 1 loads, 1 LSLICEs
     Net bus/n6723: 1 loads, 0 LSLICEs
     Net bus/n6721: 1 loads, 0 LSLICEs
     Net bus/n21104: 1 loads, 1 LSLICEs
     Net bus/n16082: 1 loads, 1 LSLICEs
     Net bus/n6725: 1 loads, 0 LSLICEs
     Net n16552: 1 loads, 1 LSLICEs
     Net delay_counter_23__N_124: 4 loads, 4 LSLICEs
     Net n4_adj_1259: 1 loads, 1 LSLICEs
     Net n4859: 1 loads, 1 LSLICEs
     Net n4_adj_1264: 1 loads, 1 LSLICEs
     Net n4_adj_1125: 1 loads, 1 LSLICEs
     Net n4_adj_1209: 1 loads, 1 LSLICEs
     Net n4_adj_1005: 1 loads, 1 LSLICEs
     Net n4_adj_971: 1 loads, 1 LSLICEs
     Net n4_adj_1262: 1 loads, 1 LSLICEs
     Net n4_adj_1184: 1 loads, 1 LSLICEs
     Net n4_adj_1191: 1 loads, 1 LSLICEs
     Net n4_adj_1090: 1 loads, 1 LSLICEs
     Net n4_adj_976: 1 loads, 1 LSLICEs
     Net n4_adj_1039: 1 loads, 1 LSLICEs
     Net n4: 1 loads, 1 LSLICEs
     Net n4_adj_1263: 1 loads, 1 LSLICEs
     Net n4_adj_1161: 1 loads, 1 LSLICEs
     Net n4_adj_1203: 1 loads, 1 LSLICEs
     Net n4_adj_1158: 1 loads, 1 LSLICEs
     Net n6726: 2 loads, 2 LSLICEs
     Net n6_adj_1229: 1 loads, 1 LSLICEs
     Net n4_adj_1000: 1 loads, 1 LSLICEs
     Net n4_adj_1231: 1 loads, 1 LSLICEs
     Net n4_adj_1169: 1 loads, 1 LSLICEs
     Net n4_adj_1052: 1 loads, 1 LSLICEs
     Net n4_adj_1150: 1 loads, 1 LSLICEs
     Net n17889: 1 loads, 1 LSLICEs
     Net n16550: 1 loads, 1 LSLICEs
     Net n16548: 1 loads, 1 LSLICEs

                                    Page 2




Design:  top                                           Date:  09/06/26  22:05:58

Design Summary (cont)
---------------------
     Net n16554: 1 loads, 1 LSLICEs
     Net n6_adj_981: 1 loads, 1 LSLICEs
     Net n6_adj_996: 1 loads, 1 LSLICEs
     Net n6_adj_1003: 1 loads, 1 LSLICEs
     Net n6_adj_1001: 1 loads, 1 LSLICEs
     Net n6_adj_1007: 1 loads, 1 LSLICEs
     Net n6_adj_1010: 1 loads, 1 LSLICEs
     Net n6_adj_1022: 1 loads, 1 LSLICEs
     Net n6_adj_1020: 1 loads, 1 LSLICEs
     Net n6_adj_1047: 1 loads, 1 LSLICEs
     Net n6_adj_1050: 1 loads, 1 LSLICEs
     Net n6_adj_1103: 1 loads, 1 LSLICEs
     Net n6_adj_1123: 1 loads, 1 LSLICEs
     Net n6_adj_1137: 1 loads, 1 LSLICEs
     Net n6_adj_1143: 1 loads, 1 LSLICEs
     Net n6_adj_1162: 1 loads, 1 LSLICEs
     Net n6_adj_1180: 1 loads, 1 LSLICEs
     Net n6_adj_1220: 1 loads, 1 LSLICEs
     Net n6_adj_1216: 1 loads, 1 LSLICEs
     Net n6_adj_1218: 1 loads, 1 LSLICEs
     Net n6_adj_1222: 1 loads, 1 LSLICEs
     Net n6_adj_1224: 1 loads, 1 LSLICEs
     Net n6_adj_1226: 1 loads, 1 LSLICEs
     Net n6_adj_1232: 1 loads, 1 LSLICEs
     Net n6745: 1 loads, 1 LSLICEs
     Net n6727: 2 loads, 2 LSLICEs
     Net n6743: 1 loads, 1 LSLICEs
     Net n6742: 1 loads, 1 LSLICEs
     Net n10066: 2 loads, 2 LSLICEs
     Net n6740: 1 loads, 1 LSLICEs
     Net n6730: 3 loads, 3 LSLICEs
   Number of nets driven by tri-state buffers:  0
   Top 10 highest fanout non-clock nets:
     Net state_0: 215 loads
     Net state_1: 204 loads
     Net bus_busy: 196 loads
     Net state_3: 181 loads
     Net state_2: 166 loads
     Net state_5: 165 loads
     Net state_4: 94 loads
     Net bus_done: 88 loads
     Net cmd_step_0: 53 loads
     Net n7_adj_1252: 52 loads




   Number of warnings:  54
   Number of errors:    0
     

Design Errors/Warnings
----------------------

WARNING - map: C:/Users/Admin/Documents/diy-gb-flash-cart/fpga/constraints/inter
     nal_rom.lpf(3): Semantic error in "LOCATE COMP "gb_a[0]" SITE "27" ;": COMP

                                    Page 3




Design:  top                                           Date:  09/06/26  22:05:58

Design Errors/Warnings (cont)
-----------------------------
     "gb_a[0]" cannot be found in design. This preference has been disabled.
WARNING - map: C:/Users/Admin/Documents/diy-gb-flash-cart/fpga/constraints/inter
     nal_rom.lpf(4): Semantic error in "IOBUF PORT "gb_a[0]" IO_TYPE=LVCMOS33
     ;": Port "gb_a[0]" does not exist in the design. This preference has been
     disabled.
WARNING - map: C:/Users/Admin/Documents/diy-gb-flash-cart/fpga/constraints/inter
     nal_rom.lpf(5): Semantic error in "IOBUF PORT "gb_a[1]" IO_TYPE=LVCMOS33
     ;": Port "gb_a[1]" does not exist in the design. This preference has been
     disabled.
WARNING - map: C:/Users/Admin/Documents/diy-gb-flash-cart/fpga/constraints/inter
     nal_rom.lpf(6): Semantic error in "IOBUF PORT "gb_a[2]" IO_TYPE=LVCMOS33
     ;": Port "gb_a[2]" does not exist in the design. This preference has been
     disabled.
WARNING - map: C:/Users/Admin/Documents/diy-gb-flash-cart/fpga/constraints/inter
     nal_rom.lpf(7): Semantic error in "IOBUF PORT "gb_a[3]" IO_TYPE=LVCMOS33
     ;": Port "gb_a[3]" does not exist in the design. This preference has been
     disabled.
WARNING - map: C:/Users/Admin/Documents/diy-gb-flash-cart/fpga/constraints/inter
     nal_rom.lpf(8): Semantic error in "IOBUF PORT "gb_a[4]" IO_TYPE=LVCMOS33
     ;": Port "gb_a[4]" does not exist in the design. This preference has been
     disabled.
WARNING - map: C:/Users/Admin/Documents/diy-gb-flash-cart/fpga/constraints/inter
     nal_rom.lpf(9): Semantic error in "IOBUF PORT "gb_a[5]" IO_TYPE=LVCMOS33
     ;": Port "gb_a[5]" does not exist in the design. This preference has been
     disabled.
WARNING - map: C:/Users/Admin/Documents/diy-gb-flash-cart/fpga/constraints/inter
     nal_rom.lpf(10): Semantic error in "IOBUF PORT "gb_a[6]" IO_TYPE=LVCMOS33
     ;": Port "gb_a[6]" does not exist in the design. This preference has been
     disabled.
WARNING - map: C:/Users/Admin/Documents/diy-gb-flash-cart/fpga/constraints/inter
     nal_rom.lpf(11): Semantic error in "IOBUF PORT "gb_a[7]" IO_TYPE=LVCMOS33
     ;": Port "gb_a[7]" does not exist in the design. This preference has been
     disabled.
WARNING - map: C:/Users/Admin/Documents/diy-gb-flash-cart/fpga/constraints/inter
     nal_rom.lpf(12): Semantic error in "IOBUF PORT "gb_a[9]" IO_TYPE=LVCMOS33
     ;": Port "gb_a[9]" does not exist in the design. This preference has been
     disabled.
WARNING - map: C:/Users/Admin/Documents/diy-gb-flash-cart/fpga/constraints/inter
     nal_rom.lpf(13): Semantic error in "IOBUF PORT "gb_a[8]" IO_TYPE=LVCMOS33
     ;": Port "gb_a[8]" does not exist in the design. This preference has been
     disabled.
WARNING - map: C:/Users/Admin/Documents/diy-gb-flash-cart/fpga/constraints/inter
     nal_rom.lpf(14): Semantic error in "IOBUF PORT "gb_a[10]" IO_TYPE=LVCMOS33
     ;": Port "gb_a[10]" does not exist in the design. This preference has been
     disabled.
WARNING - map: C:/Users/Admin/Documents/diy-gb-flash-cart/fpga/constraints/inter
     nal_rom.lpf(15): Semantic error in "IOBUF PORT "gb_a[11]" IO_TYPE=LVCMOS33
     ;": Port "gb_a[11]" does not exist in the design. This preference has been
     disabled.
WARNING - map: C:/Users/Admin/Documents/diy-gb-flash-cart/fpga/constraints/inter
     nal_rom.lpf(16): Semantic error in "IOBUF PORT "gb_a[12]" IO_TYPE=LVCMOS33
     ;": Port "gb_a[12]" does not exist in the design. This preference has been
     disabled.
WARNING - map: C:/Users/Admin/Documents/diy-gb-flash-cart/fpga/constraints/inter
     nal_rom.lpf(17): Semantic error in "IOBUF PORT "gb_a[13]" IO_TYPE=LVCMOS33
     ;": Port "gb_a[13]" does not exist in the design. This preference has been

                                    Page 4




Design:  top                                           Date:  09/06/26  22:05:58

Design Errors/Warnings (cont)
-----------------------------
     disabled.
WARNING - map: C:/Users/Admin/Documents/diy-gb-flash-cart/fpga/constraints/inter
     nal_rom.lpf(18): Semantic error in "IOBUF PORT "gb_a[14]" IO_TYPE=LVCMOS33
     ;": Port "gb_a[14]" does not exist in the design. This preference has been
     disabled.
WARNING - map: C:/Users/Admin/Documents/diy-gb-flash-cart/fpga/constraints/inter
     nal_rom.lpf(19): Semantic error in "IOBUF PORT "gb_a[15]" IO_TYPE=LVCMOS33
     ;": Port "gb_a[15]" does not exist in the design. This preference has been
     disabled.
WARNING - map: C:/Users/Admin/Documents/diy-gb-flash-cart/fpga/constraints/inter
     nal_rom.lpf(20): Semantic error in "IOBUF PORT "gb_rd_n" IO_TYPE=LVCMOS33
     ;": Port "gb_rd_n" does not exist in the design. This preference has been
     disabled.
WARNING - map: C:/Users/Admin/Documents/diy-gb-flash-cart/fpga/constraints/inter
     nal_rom.lpf(21): Semantic error in "IOBUF PORT "data_oe_n" IO_TYPE=LVCMOS33
     ;": Port "data_oe_n" does not exist in the design. This preference has been
     disabled.
WARNING - map: C:/Users/Admin/Documents/diy-gb-flash-cart/fpga/constraints/inter
     nal_rom.lpf(22): Semantic error in "IOBUF PORT "gb_d[0]" IO_TYPE=LVCMOS33
     ;": Port "gb_d[0]" does not exist in the design. This preference has been
     disabled.
WARNING - map: C:/Users/Admin/Documents/diy-gb-flash-cart/fpga/constraints/inter
     nal_rom.lpf(23): Semantic error in "IOBUF PORT "gb_d[1]" IO_TYPE=LVCMOS33
     ;": Port "gb_d[1]" does not exist in the design. This preference has been
     disabled.
WARNING - map: C:/Users/Admin/Documents/diy-gb-flash-cart/fpga/constraints/inter
     nal_rom.lpf(24): Semantic error in "IOBUF PORT "gb_d[2]" IO_TYPE=LVCMOS33
     ;": Port "gb_d[2]" does not exist in the design. This preference has been
     disabled.
WARNING - map: C:/Users/Admin/Documents/diy-gb-flash-cart/fpga/constraints/inter
     nal_rom.lpf(25): Semantic error in "IOBUF PORT "gb_d[3]" IO_TYPE=LVCMOS33
     ;": Port "gb_d[3]" does not exist in the design. This preference has been
     disabled.
WARNING - map: C:/Users/Admin/Documents/diy-gb-flash-cart/fpga/constraints/inter
     nal_rom.lpf(26): Semantic error in "IOBUF PORT "gb_d[4]" IO_TYPE=LVCMOS33
     ;": Port "gb_d[4]" does not exist in the design. This preference has been
     disabled.
WARNING - map: C:/Users/Admin/Documents/diy-gb-flash-cart/fpga/constraints/inter
     nal_rom.lpf(27): Semantic error in "IOBUF PORT "gb_d[5]" IO_TYPE=LVCMOS33
     ;": Port "gb_d[5]" does not exist in the design. This preference has been
     disabled.
WARNING - map: C:/Users/Admin/Documents/diy-gb-flash-cart/fpga/constraints/inter
     nal_rom.lpf(28): Semantic error in "IOBUF PORT "gb_d[6]" IO_TYPE=LVCMOS33
     ;": Port "gb_d[6]" does not exist in the design. This preference has been
     disabled.
WARNING - map: C:/Users/Admin/Documents/diy-gb-flash-cart/fpga/constraints/inter
     nal_rom.lpf(29): Semantic error in "IOBUF PORT "gb_d[7]" IO_TYPE=LVCMOS33
     ;": Port "gb_d[7]" does not exist in the design. This preference has been
     disabled.
WARNING - map: C:/Users/Admin/Documents/diy-gb-flash-cart/fpga/constraints/inter
     nal_rom.lpf(30): Semantic error in "LOCATE COMP "gb_a[2]" SITE "29" ;":
     COMP "gb_a[2]" cannot be found in design. This preference has been
     disabled.
WARNING - map: C:/Users/Admin/Documents/diy-gb-flash-cart/fpga/constraints/inter
     nal_rom.lpf(31): Semantic error in "LOCATE COMP "gb_d[3]" SITE "49" ;":
     COMP "gb_d[3]" cannot be found in design. This preference has been

                                    Page 5




Design:  top                                           Date:  09/06/26  22:05:58

Design Errors/Warnings (cont)
-----------------------------
     disabled.
WARNING - map: C:/Users/Admin/Documents/diy-gb-flash-cart/fpga/constraints/inter
     nal_rom.lpf(32): Semantic error in "LOCATE COMP "gb_d[4]" SITE "51" ;":
     COMP "gb_d[4]" cannot be found in design. This preference has been
     disabled.
WARNING - map: C:/Users/Admin/Documents/diy-gb-flash-cart/fpga/constraints/inter
     nal_rom.lpf(33): Semantic error in "LOCATE COMP "gb_d[5]" SITE "52" ;":
     COMP "gb_d[5]" cannot be found in design. This preference has been
     disabled.
WARNING - map: C:/Users/Admin/Documents/diy-gb-flash-cart/fpga/constraints/inter
     nal_rom.lpf(34): Semantic error in "LOCATE COMP "gb_d[6]" SITE "53" ;":
     COMP "gb_d[6]" cannot be found in design. This preference has been
     disabled.
WARNING - map: C:/Users/Admin/Documents/diy-gb-flash-cart/fpga/constraints/inter
     nal_rom.lpf(35): Semantic error in "LOCATE COMP "gb_d[7]" SITE "54" ;":
     COMP "gb_d[7]" cannot be found in design. This preference has been
     disabled.
WARNING - map: C:/Users/Admin/Documents/diy-gb-flash-cart/fpga/constraints/inter
     nal_rom.lpf(36): Semantic error in "LOCATE COMP "gb_a[3]" SITE "30" ;":
     COMP "gb_a[3]" cannot be found in design. This preference has been
     disabled.
WARNING - map: C:/Users/Admin/Documents/diy-gb-flash-cart/fpga/constraints/inter
     nal_rom.lpf(37): Semantic error in "LOCATE COMP "gb_a[4]" SITE "31" ;":
     COMP "gb_a[4]" cannot be found in design. This preference has been
     disabled.
WARNING - map: C:/Users/Admin/Documents/diy-gb-flash-cart/fpga/constraints/inter
     nal_rom.lpf(38): Semantic error in "LOCATE COMP "gb_a[5]" SITE "32" ;":
     COMP "gb_a[5]" cannot be found in design. This preference has been
     disabled.
WARNING - map: C:/Users/Admin/Documents/diy-gb-flash-cart/fpga/constraints/inter
     nal_rom.lpf(39): Semantic error in "LOCATE COMP "gb_a[6]" SITE "34" ;":
     COMP "gb_a[6]" cannot be found in design. This preference has been
     disabled.
WARNING - map: C:/Users/Admin/Documents/diy-gb-flash-cart/fpga/constraints/inter
     nal_rom.lpf(40): Semantic error in "LOCATE COMP "gb_a[7]" SITE "35" ;":
     COMP "gb_a[7]" cannot be found in design. This preference has been
     disabled.
WARNING - map: C:/Users/Admin/Documents/diy-gb-flash-cart/fpga/constraints/inter
     nal_rom.lpf(41): Semantic error in "LOCATE COMP "gb_a[8]" SITE "36" ;":
     COMP "gb_a[8]" cannot be found in design. This preference has been
     disabled.
WARNING - map: C:/Users/Admin/Documents/diy-gb-flash-cart/fpga/constraints/inter
     nal_rom.lpf(42): Semantic error in "LOCATE COMP "gb_a[9]" SITE "37" ;":
     COMP "gb_a[9]" cannot be found in design. This preference has been
     disabled.
WARNING - map: C:/Users/Admin/Documents/diy-gb-flash-cart/fpga/constraints/inter
     nal_rom.lpf(43): Semantic error in "LOCATE COMP "gb_a[10]" SITE "38" ;":
     COMP "gb_a[10]" cannot be found in design. This preference has been
     disabled.
WARNING - map: C:/Users/Admin/Documents/diy-gb-flash-cart/fpga/constraints/inter
     nal_rom.lpf(44): Semantic error in "LOCATE COMP "gb_a[11]" SITE "39" ;":
     COMP "gb_a[11]" cannot be found in design. This preference has been
     disabled.
WARNING - map: C:/Users/Admin/Documents/diy-gb-flash-cart/fpga/constraints/inter
     nal_rom.lpf(45): Semantic error in "LOCATE COMP "gb_a[12]" SITE "40" ;":
     COMP "gb_a[12]" cannot be found in design. This preference has been

                                    Page 6




Design:  top                                           Date:  09/06/26  22:05:58

Design Errors/Warnings (cont)
-----------------------------
     disabled.
WARNING - map: C:/Users/Admin/Documents/diy-gb-flash-cart/fpga/constraints/inter
     nal_rom.lpf(46): Semantic error in "LOCATE COMP "gb_a[13]" SITE "41" ;":
     COMP "gb_a[13]" cannot be found in design. This preference has been
     disabled.
WARNING - map: C:/Users/Admin/Documents/diy-gb-flash-cart/fpga/constraints/inter
     nal_rom.lpf(47): Semantic error in "LOCATE COMP "gb_a[14]" SITE "42" ;":
     COMP "gb_a[14]" cannot be found in design. This preference has been
     disabled.
WARNING - map: C:/Users/Admin/Documents/diy-gb-flash-cart/fpga/constraints/inter
     nal_rom.lpf(48): Semantic error in "LOCATE COMP "gb_a[15]" SITE "43" ;":
     COMP "gb_a[15]" cannot be found in design. This preference has been
     disabled.
WARNING - map: C:/Users/Admin/Documents/diy-gb-flash-cart/fpga/constraints/inter
     nal_rom.lpf(49): Semantic error in "LOCATE COMP "gb_d[0]" SITE "45" ;":
     COMP "gb_d[0]" cannot be found in design. This preference has been
     disabled.
WARNING - map: C:/Users/Admin/Documents/diy-gb-flash-cart/fpga/constraints/inter
     nal_rom.lpf(50): Semantic error in "LOCATE COMP "gb_d[1]" SITE "47" ;":
     COMP "gb_d[1]" cannot be found in design. This preference has been
     disabled.
WARNING - map: C:/Users/Admin/Documents/diy-gb-flash-cart/fpga/constraints/inter
     nal_rom.lpf(51): Semantic error in "LOCATE COMP "gb_d[2]" SITE "48" ;":
     COMP "gb_d[2]" cannot be found in design. This preference has been
     disabled.
WARNING - map: C:/Users/Admin/Documents/diy-gb-flash-cart/fpga/constraints/inter
     nal_rom.lpf(52): Semantic error in "LOCATE COMP "data_oe_n" SITE "58" ;":
     COMP "data_oe_n" cannot be found in design. This preference has been
     disabled.
WARNING - map: C:/Users/Admin/Documents/diy-gb-flash-cart/fpga/constraints/inter
     nal_rom.lpf(53): Semantic error in "LOCATE COMP "gb_rd_n" SITE "60" ;":
     COMP "gb_rd_n" cannot be found in design. This preference has been
     disabled.
WARNING - map: C:/Users/Admin/Documents/diy-gb-flash-cart/fpga/constraints/inter
     nal_rom.lpf(54): Semantic error in "LOCATE COMP "gb_a[1]" SITE "28" ;":
     COMP "gb_a[1]" cannot be found in design. This preference has been
     disabled.
WARNING - map: C:/Users/Admin/Documents/diy-gb-flash-cart/fpga/constraints/inter
     nal_rom.lpf(55): Semantic error in "LOCATE COMP "data_dir" SITE "57" ;":
     COMP "data_dir" cannot be found in design. This preference has been
     disabled.
WARNING - map: C:/Users/Admin/Documents/diy-gb-flash-cart/fpga/constraints/inter
     nal_rom.lpf(56): Semantic error in "IOBUF PORT "data_dir" IO_TYPE=LVCMOS33
     ;": Port "data_dir" does not exist in the design. This preference has been
     disabled.

IO (PIO) Attributes
-------------------

+---------------------+-----------+-----------+------------+
| IO Name             | Direction | Levelmode | IO         |
|                     |           |  IO_TYPE  | Register   |
+---------------------+-----------+-----------+------------+
| flash_d[7]          | BIDIR     | LVCMOS33  | OUT        |
+---------------------+-----------+-----------+------------+
| test_fail           | OUTPUT    | LVCMOS33  | OUT        |

                                    Page 7




Design:  top                                           Date:  09/06/26  22:05:58

IO (PIO) Attributes (cont)
--------------------------
+---------------------+-----------+-----------+------------+
| test_pass           | OUTPUT    | LVCMOS33  | OUT        |
+---------------------+-----------+-----------+------------+
| flash_we_n          | OUTPUT    | LVCMOS33  | OUT        |
+---------------------+-----------+-----------+------------+
| flash_oe_n          | OUTPUT    | LVCMOS33  | OUT        |
+---------------------+-----------+-----------+------------+
| flash_ce_n          | OUTPUT    | LVCMOS33  | OUT        |
+---------------------+-----------+-----------+------------+
| flash_a[0]          | OUTPUT    | LVCMOS33  | OUT        |
+---------------------+-----------+-----------+------------+
| flash_a[1]          | OUTPUT    | LVCMOS33  | OUT        |
+---------------------+-----------+-----------+------------+
| flash_a[2]          | OUTPUT    | LVCMOS33  | OUT        |
+---------------------+-----------+-----------+------------+
| flash_a[3]          | OUTPUT    | LVCMOS33  | OUT        |
+---------------------+-----------+-----------+------------+
| flash_a[4]          | OUTPUT    | LVCMOS33  | OUT        |
+---------------------+-----------+-----------+------------+
| flash_a[5]          | OUTPUT    | LVCMOS33  | OUT        |
+---------------------+-----------+-----------+------------+
| flash_a[6]          | OUTPUT    | LVCMOS33  | OUT        |
+---------------------+-----------+-----------+------------+
| flash_a[7]          | OUTPUT    | LVCMOS33  | OUT        |
+---------------------+-----------+-----------+------------+
| flash_a[8]          | OUTPUT    | LVCMOS33  | OUT        |
+---------------------+-----------+-----------+------------+
| flash_a[9]          | OUTPUT    | LVCMOS33  | OUT        |
+---------------------+-----------+-----------+------------+
| flash_a[10]         | OUTPUT    | LVCMOS33  | OUT        |
+---------------------+-----------+-----------+------------+
| flash_a[11]         | OUTPUT    | LVCMOS33  | OUT        |
+---------------------+-----------+-----------+------------+
| flash_a[12]         | OUTPUT    | LVCMOS33  | OUT        |
+---------------------+-----------+-----------+------------+
| flash_a[13]         | OUTPUT    | LVCMOS33  | OUT        |
+---------------------+-----------+-----------+------------+
| flash_a[14]         | OUTPUT    | LVCMOS33  | OUT        |
+---------------------+-----------+-----------+------------+
| flash_a[15]         | OUTPUT    | LVCMOS33  | OUT        |
+---------------------+-----------+-----------+------------+
| flash_a[16]         | OUTPUT    | LVCMOS33  | OUT        |
+---------------------+-----------+-----------+------------+
| flash_a[17]         | OUTPUT    | LVCMOS33  | OUT        |
+---------------------+-----------+-----------+------------+
| flash_a[18]         | OUTPUT    | LVCMOS33  | OUT        |
+---------------------+-----------+-----------+------------+
| flash_a[19]         | OUTPUT    | LVCMOS33  | OUT        |
+---------------------+-----------+-----------+------------+
| flash_a[20]         | OUTPUT    | LVCMOS33  | OUT        |
+---------------------+-----------+-----------+------------+
| flash_a[21]         | OUTPUT    | LVCMOS33  | OUT        |
+---------------------+-----------+-----------+------------+
| flash_d[0]          | BIDIR     | LVCMOS33  | OUT        |
+---------------------+-----------+-----------+------------+
| flash_d[1]          | BIDIR     | LVCMOS33  | OUT        |

                                    Page 8




Design:  top                                           Date:  09/06/26  22:05:58

IO (PIO) Attributes (cont)
--------------------------
+---------------------+-----------+-----------+------------+
| flash_d[2]          | BIDIR     | LVCMOS33  | OUT        |
+---------------------+-----------+-----------+------------+
| flash_d[3]          | BIDIR     | LVCMOS33  | OUT        |
+---------------------+-----------+-----------+------------+
| flash_d[4]          | BIDIR     | LVCMOS33  | OUT        |
+---------------------+-----------+-----------+------------+
| flash_d[5]          | BIDIR     | LVCMOS33  | OUT        |
+---------------------+-----------+-----------+------------+
| flash_d[6]          | BIDIR     | LVCMOS33  | OUT        |
+---------------------+-----------+-----------+------------+

Removed logic
-------------

Block i2 undriven or does not drive anything - clipped.
Block GSR_INST undriven or does not drive anything - clipped.
Signal n4686 was merged into signal bus/flash_d_drive
Signal GND_net undriven or does not drive anything - clipped.
Signal VCC_net undriven or does not drive anything - clipped.
Signal add_4_1/S0 undriven or does not drive anything - clipped.
Signal add_4_1/CI undriven or does not drive anything - clipped.
Signal add_4_25/S1 undriven or does not drive anything - clipped.
Signal add_4_25/CO undriven or does not drive anything - clipped.
Block bus/i1994_1_lut was optimized away.
Block i1 was optimized away.

     

OSC Summary
-----------

OSC 1:                                     Pin/Node Value
  OSC Instance Name:                                OSCH_inst
  OSC Type:                                         OSCH
  STDBY Input:                                      NONE
  OSC Output:                              NODE     clk
  OSC Nominal Frequency (MHz):                      2.08

ASIC Components
---------------

Instance Name: OSCH_inst
         Type: OSCH

Run Time and Memory Usage
-------------------------

   Total CPU Time: 0 secs  
   Total REAL Time: 0 secs  
   Peak Memory Usage: 51 MB
        





                                    Page 9


Copyright (c) 1991-1994 by NeoCAD Inc. All rights reserved.
     Copyright (c) 1995 AT&T Corp.   All rights reserved.
     Copyright (c) 1995-2001 Lucent Technologies Inc.  All rights reserved.
     Copyright (c) 2001 Agere Systems   All rights reserved.
     Copyright (c) 2002-2024 Lattice Semiconductor Corporation,  All rights
     reserved.
