
Loading design for application trce from file romemu_programmer.ncd.
Design name: top
NCD version: 3.3
Vendor:      LATTICE
Device:      LCMXO2-1200HC
Package:     TQFP100
Performance: 4
Loading device for application trce from file 'xo2c1200.nph' in environment: C:/lscc/diamond/3.14/ispfpga.
Package Status:                     Final          Version 1.44.
Performance Hardware Data Status:   Final          Version 36.4.
Setup and Hold Report

--------------------------------------------------------------------------------
Lattice TRACE Report - Setup, Version Diamond (64-bit) 3.14.0.75.2
Mon Sep 07 23:10:02 2026

Copyright (c) 1991-1994 by NeoCAD Inc. All rights reserved.
Copyright (c) 1995 AT&T Corp.   All rights reserved.
Copyright (c) 1995-2001 Lucent Technologies Inc.  All rights reserved.
Copyright (c) 2001 Agere Systems   All rights reserved.
Copyright (c) 2002-2024 Lattice Semiconductor Corporation,  All rights reserved.

Report Information
------------------
Command line:    trce -v 10 -gt -sethld -sp 4 -sphld m -o RomEmu_programmer.twr -gui -msgset C:/Users/Admin/Documents/diy-gb-flash-cart/fpga/diamond/promote.xml RomEmu_programmer.ncd RomEmu_programmer.prf 
Design file:     romemu_programmer.ncd
Preference file: romemu_programmer.prf
Device,speed:    LCMXO2-1200HC,4
Report level:    verbose report, limited to 10 items per preference
--------------------------------------------------------------------------------

BLOCK ASYNCPATHS
BLOCK RESETPATHS
--------------------------------------------------------------------------------



================================================================================
Preference: FREQUENCY NET "clk" 53.200001 MHz ;
            4096 items scored, 0 timing errors detected.
--------------------------------------------------------------------------------


Passed: The following path meets requirements by 1.614ns

 Logical Details:  Cell type  Pin type       Cell/ASIC name  (clock net +/-)

   Source:         FF         Q              protocol/header__i11  (from clk +)
   Destination:    FF         Data in        protocol/incoming_1318  (to clk +)

   Delay:              16.835ns  (23.3% logic, 76.7% route), 8 logic levels.

 Constraint Details:

     16.835ns physical path delay protocol/SLICE_650 to SLICE_1 meets
     18.797ns delay constraint less
      0.000ns skew and
      0.348ns M_SET requirement (totaling 18.449ns) by 1.614ns

 Physical Path Details:

      Data path protocol/SLICE_650 to SLICE_1:

   Name    Fanout   Delay (ns)          Site               Resource
REG_DEL     ---     0.452     R4C17C.CLK to      R4C17C.Q0 protocol/SLICE_650 (from clk)
ROUTE         5     2.033      R4C17C.Q0 to      R4C12C.D1 protocol/header_11
CTOF_DEL    ---     0.495      R4C12C.D1 to      R4C12C.F1 protocol/SLICE_345
ROUTE         1     0.986      R4C12C.F1 to      R5C12A.A1 protocol/n17_adj_1747
CTOF_DEL    ---     0.495      R5C12A.A1 to      R5C12A.F1 protocol/SLICE_587
ROUTE         4     1.742      R5C12A.F1 to      R4C13B.A0 protocol/n10879
CTOF_DEL    ---     0.495      R4C13B.A0 to      R4C13B.F0 protocol/SLICE_590
ROUTE         1     1.562      R4C13B.F0 to      R7C13A.B0 protocol/n11868
CTOF_DEL    ---     0.495      R7C13A.B0 to      R7C13A.F0 protocol/SLICE_577
ROUTE         3     0.650      R7C13A.F0 to      R7C13A.D1 protocol/n8
CTOF_DEL    ---     0.495      R7C13A.D1 to      R7C13A.F1 protocol/SLICE_577
ROUTE         1     0.623      R7C13A.F1 to      R7C14B.D0 protocol/n11846
CTOF_DEL    ---     0.495      R7C14B.D0 to      R7C14B.F0 protocol/SLICE_575
ROUTE        42     3.506      R7C14B.F0 to      R8C15C.A1 protocol/clk_enable_191
CTOF_DEL    ---     0.495      R8C15C.A1 to      R8C15C.F1 protocol/SLICE_317
ROUTE         3     1.816      R8C15C.F1 to      R8C18B.M0 protocol/n21 (to clk)
                  --------
                   16.835   (23.3% logic, 76.7% route), 8 logic levels.

 Clock Skew Details: 

      Source Clock Path osc to protocol/SLICE_650:

   Name    Fanout   Delay (ns)          Site               Resource
ROUTE       386     3.541        OSC.OSC to     R4C17C.CLK clk
                  --------
                    3.541   (0.0% logic, 100.0% route), 0 logic levels.

      Destination Clock Path osc to SLICE_1:

   Name    Fanout   Delay (ns)          Site               Resource
ROUTE       386     3.541        OSC.OSC to     R8C18B.CLK clk
                  --------
                    3.541   (0.0% logic, 100.0% route), 0 logic levels.


Passed: The following path meets requirements by 1.772ns

 Logical Details:  Cell type  Pin type       Cell/ASIC name  (clock net +/-)

   Source:         FF         Q              protocol/header__i16  (from clk +)
   Destination:    FF         Data in        protocol/incoming_1318  (to clk +)

   Delay:              16.677ns  (23.5% logic, 76.5% route), 8 logic levels.

 Constraint Details:

     16.677ns physical path delay protocol/SLICE_605 to SLICE_1 meets
     18.797ns delay constraint less
      0.000ns skew and
      0.348ns M_SET requirement (totaling 18.449ns) by 1.772ns

 Physical Path Details:

      Data path protocol/SLICE_605 to SLICE_1:

   Name    Fanout   Delay (ns)          Site               Resource
REG_DEL     ---     0.452     R8C13B.CLK to      R8C13B.Q1 protocol/SLICE_605 (from clk)
ROUTE         5     1.875      R8C13B.Q1 to      R4C12C.B1 protocol/header_16
CTOF_DEL    ---     0.495      R4C12C.B1 to      R4C12C.F1 protocol/SLICE_345
ROUTE         1     0.986      R4C12C.F1 to      R5C12A.A1 protocol/n17_adj_1747
CTOF_DEL    ---     0.495      R5C12A.A1 to      R5C12A.F1 protocol/SLICE_587
ROUTE         4     1.742      R5C12A.F1 to      R4C13B.A0 protocol/n10879
CTOF_DEL    ---     0.495      R4C13B.A0 to      R4C13B.F0 protocol/SLICE_590
ROUTE         1     1.562      R4C13B.F0 to      R7C13A.B0 protocol/n11868
CTOF_DEL    ---     0.495      R7C13A.B0 to      R7C13A.F0 protocol/SLICE_577
ROUTE         3     0.650      R7C13A.F0 to      R7C13A.D1 protocol/n8
CTOF_DEL    ---     0.495      R7C13A.D1 to      R7C13A.F1 protocol/SLICE_577
ROUTE         1     0.623      R7C13A.F1 to      R7C14B.D0 protocol/n11846
CTOF_DEL    ---     0.495      R7C14B.D0 to      R7C14B.F0 protocol/SLICE_575
ROUTE        42     3.506      R7C14B.F0 to      R8C15C.A1 protocol/clk_enable_191
CTOF_DEL    ---     0.495      R8C15C.A1 to      R8C15C.F1 protocol/SLICE_317
ROUTE         3     1.816      R8C15C.F1 to      R8C18B.M0 protocol/n21 (to clk)
                  --------
                   16.677   (23.5% logic, 76.5% route), 8 logic levels.

 Clock Skew Details: 

      Source Clock Path osc to protocol/SLICE_605:

   Name    Fanout   Delay (ns)          Site               Resource
ROUTE       386     3.541        OSC.OSC to     R8C13B.CLK clk
                  --------
                    3.541   (0.0% logic, 100.0% route), 0 logic levels.

      Destination Clock Path osc to SLICE_1:

   Name    Fanout   Delay (ns)          Site               Resource
ROUTE       386     3.541        OSC.OSC to     R8C18B.CLK clk
                  --------
                    3.541   (0.0% logic, 100.0% route), 0 logic levels.


Passed: The following path meets requirements by 1.808ns

 Logical Details:  Cell type  Pin type       Cell/ASIC name  (clock net +/-)

   Source:         FF         Q              protocol/header__i11  (from clk +)
   Destination:    FF         Data in        protocol/block_crc_i11  (to clk +)
                   FF                        protocol/block_crc_i10

   Delay:              16.707ns  (23.4% logic, 76.6% route), 8 logic levels.

 Constraint Details:

     16.707ns physical path delay protocol/SLICE_650 to protocol/SLICE_276 meets
     18.797ns delay constraint less
      0.000ns skew and
      0.282ns CE_SET requirement (totaling 18.515ns) by 1.808ns

 Physical Path Details:

      Data path protocol/SLICE_650 to protocol/SLICE_276:

   Name    Fanout   Delay (ns)          Site               Resource
REG_DEL     ---     0.452     R4C17C.CLK to      R4C17C.Q0 protocol/SLICE_650 (from clk)
ROUTE         5     2.033      R4C17C.Q0 to      R4C12C.D1 protocol/header_11
CTOF_DEL    ---     0.495      R4C12C.D1 to      R4C12C.F1 protocol/SLICE_345
ROUTE         1     0.986      R4C12C.F1 to      R5C12A.A1 protocol/n17_adj_1747
CTOF_DEL    ---     0.495      R5C12A.A1 to      R5C12A.F1 protocol/SLICE_587
ROUTE         4     1.742      R5C12A.F1 to      R4C13B.A0 protocol/n10879
CTOF_DEL    ---     0.495      R4C13B.A0 to      R4C13B.F0 protocol/SLICE_590
ROUTE         1     1.562      R4C13B.F0 to      R7C13A.B0 protocol/n11868
CTOF_DEL    ---     0.495      R7C13A.B0 to      R7C13A.F0 protocol/SLICE_577
ROUTE         3     0.650      R7C13A.F0 to      R7C13A.D1 protocol/n8
CTOF_DEL    ---     0.495      R7C13A.D1 to      R7C13A.F1 protocol/SLICE_577
ROUTE         1     0.623      R7C13A.F1 to      R7C14B.D0 protocol/n11846
CTOF_DEL    ---     0.495      R7C14B.D0 to      R7C14B.F0 protocol/SLICE_575
ROUTE        42     3.543      R7C14B.F0 to      R7C14B.B1 protocol/clk_enable_191
CTOF_DEL    ---     0.495      R7C14B.B1 to      R7C14B.F1 protocol/SLICE_575
ROUTE         8     1.651      R7C14B.F1 to      R3C16B.CE protocol/clk_enable_486 (to clk)
                  --------
                   16.707   (23.4% logic, 76.6% route), 8 logic levels.

 Clock Skew Details: 

      Source Clock Path osc to protocol/SLICE_650:

   Name    Fanout   Delay (ns)          Site               Resource
ROUTE       386     3.541        OSC.OSC to     R4C17C.CLK clk
                  --------
                    3.541   (0.0% logic, 100.0% route), 0 logic levels.

      Destination Clock Path osc to protocol/SLICE_276:

   Name    Fanout   Delay (ns)          Site               Resource
ROUTE       386     3.541        OSC.OSC to     R3C16B.CLK clk
                  --------
                    3.541   (0.0% logic, 100.0% route), 0 logic levels.


Passed: The following path meets requirements by 1.808ns

 Logical Details:  Cell type  Pin type       Cell/ASIC name  (clock net +/-)

   Source:         FF         Q              protocol/header__i11  (from clk +)
   Destination:    FF         Data in        protocol/block_crc_i9  (to clk +)
                   FF                        protocol/block_crc_i8

   Delay:              16.707ns  (23.4% logic, 76.6% route), 8 logic levels.

 Constraint Details:

     16.707ns physical path delay protocol/SLICE_650 to protocol/SLICE_275 meets
     18.797ns delay constraint less
      0.000ns skew and
      0.282ns CE_SET requirement (totaling 18.515ns) by 1.808ns

 Physical Path Details:

      Data path protocol/SLICE_650 to protocol/SLICE_275:

   Name    Fanout   Delay (ns)          Site               Resource
REG_DEL     ---     0.452     R4C17C.CLK to      R4C17C.Q0 protocol/SLICE_650 (from clk)
ROUTE         5     2.033      R4C17C.Q0 to      R4C12C.D1 protocol/header_11
CTOF_DEL    ---     0.495      R4C12C.D1 to      R4C12C.F1 protocol/SLICE_345
ROUTE         1     0.986      R4C12C.F1 to      R5C12A.A1 protocol/n17_adj_1747
CTOF_DEL    ---     0.495      R5C12A.A1 to      R5C12A.F1 protocol/SLICE_587
ROUTE         4     1.742      R5C12A.F1 to      R4C13B.A0 protocol/n10879
CTOF_DEL    ---     0.495      R4C13B.A0 to      R4C13B.F0 protocol/SLICE_590
ROUTE         1     1.562      R4C13B.F0 to      R7C13A.B0 protocol/n11868
CTOF_DEL    ---     0.495      R7C13A.B0 to      R7C13A.F0 protocol/SLICE_577
ROUTE         3     0.650      R7C13A.F0 to      R7C13A.D1 protocol/n8
CTOF_DEL    ---     0.495      R7C13A.D1 to      R7C13A.F1 protocol/SLICE_577
ROUTE         1     0.623      R7C13A.F1 to      R7C14B.D0 protocol/n11846
CTOF_DEL    ---     0.495      R7C14B.D0 to      R7C14B.F0 protocol/SLICE_575
ROUTE        42     3.543      R7C14B.F0 to      R7C14B.B1 protocol/clk_enable_191
CTOF_DEL    ---     0.495      R7C14B.B1 to      R7C14B.F1 protocol/SLICE_575
ROUTE         8     1.651      R7C14B.F1 to      R3C16C.CE protocol/clk_enable_486 (to clk)
                  --------
                   16.707   (23.4% logic, 76.6% route), 8 logic levels.

 Clock Skew Details: 

      Source Clock Path osc to protocol/SLICE_650:

   Name    Fanout   Delay (ns)          Site               Resource
ROUTE       386     3.541        OSC.OSC to     R4C17C.CLK clk
                  --------
                    3.541   (0.0% logic, 100.0% route), 0 logic levels.

      Destination Clock Path osc to protocol/SLICE_275:

   Name    Fanout   Delay (ns)          Site               Resource
ROUTE       386     3.541        OSC.OSC to     R3C16C.CLK clk
                  --------
                    3.541   (0.0% logic, 100.0% route), 0 logic levels.


Passed: The following path meets requirements by 1.848ns

 Logical Details:  Cell type  Pin type       Cell/ASIC name  (clock net +/-)

   Source:         FF         Q              protocol/bits__i13  (from clk +)
   Destination:    FF         Data in        protocol/status_crc_i0_i12  (to clk +)

   Delay:              16.783ns  (32.8% logic, 67.2% route), 11 logic levels.

 Constraint Details:

     16.783ns physical path delay protocol/SLICE_135 to protocol/SLICE_418 meets
     18.797ns delay constraint less
      0.000ns skew and
      0.166ns DIN_SET requirement (totaling 18.631ns) by 1.848ns

 Physical Path Details:

      Data path protocol/SLICE_135 to protocol/SLICE_418:

   Name    Fanout   Delay (ns)          Site               Resource
REG_DEL     ---     0.452     R8C21D.CLK to      R8C21D.Q0 protocol/SLICE_135 (from clk)
ROUTE         9     1.990      R8C21D.Q0 to      R8C15A.B1 bits_13
CTOF_DEL    ---     0.495      R8C15A.B1 to      R8C15A.F1 protocol/SLICE_352
ROUTE         1     0.766      R8C15A.F1 to      R8C13A.C1 protocol/n12_adj_1769
CTOF_DEL    ---     0.495      R8C13A.C1 to      R8C13A.F1 protocol/SLICE_584
ROUTE         8     1.610      R8C13A.F1 to      R5C11A.D1 protocol/n5235
CTOF_DEL    ---     0.495      R5C11A.D1 to      R5C11A.F1 protocol/SLICE_467
ROUTE        28     1.328      R5C11A.F1 to      R5C18B.C1 n11861
CTOF_DEL    ---     0.495      R5C18B.C1 to      R5C18B.F1 SLICE_515
ROUTE         5     1.316      R5C18B.F1 to      R3C18B.A0 protocol/n405
CTOF_DEL    ---     0.495      R3C18B.A0 to      R3C18B.F0 protocol/SLICE_596
ROUTE         4     0.592      R3C18B.F0 to      R3C18A.M0 protocol/n11198
MTOOFX_DEL  ---     0.376      R3C18A.M0 to    R3C18A.OFX0 protocol/mux_1020_i1/SLICE_504
ROUTE         1     0.958    R3C18A.OFX0 to      R5C18C.D1 protocol/n2158
CTOOFX_DEL  ---     0.721      R5C18C.D1 to    R5C18C.OFX0 protocol/mux_856_i1/SLICE_499
ROUTE         1     0.958    R5C18C.OFX0 to      R5C16B.D1 protocol/n1732
CTOF_DEL    ---     0.495      R5C16B.D1 to      R5C16B.F1 protocol/SLICE_647
ROUTE         2     0.753      R5C16B.F1 to      R5C17C.C0 protocol/next_tx_0
CTOF_DEL    ---     0.495      R5C17C.C0 to      R5C17C.F0 protocol/SLICE_583
ROUTE         3     1.003      R5C17C.F0 to      R5C19A.A0 protocol/n3752
CTOF_DEL    ---     0.495      R5C19A.A0 to      R5C19A.F0 protocol/SLICE_418
ROUTE         1     0.000      R5C19A.F0 to     R5C19A.DI0 protocol/n4183 (to clk)
                  --------
                   16.783   (32.8% logic, 67.2% route), 11 logic levels.

 Clock Skew Details: 

      Source Clock Path osc to protocol/SLICE_135:

   Name    Fanout   Delay (ns)          Site               Resource
ROUTE       386     3.541        OSC.OSC to     R8C21D.CLK clk
                  --------
                    3.541   (0.0% logic, 100.0% route), 0 logic levels.

      Destination Clock Path osc to protocol/SLICE_418:

   Name    Fanout   Delay (ns)          Site               Resource
ROUTE       386     3.541        OSC.OSC to     R5C19A.CLK clk
                  --------
                    3.541   (0.0% logic, 100.0% route), 0 logic levels.


Passed: The following path meets requirements by 1.876ns

 Logical Details:  Cell type  Pin type       Cell/ASIC name  (clock net +/-)

   Source:         FF         Q              protocol/bits__i13  (from clk +)
   Destination:    FF         Data in        protocol/status_crc_i0_i0  (to clk +)

   Delay:              16.755ns  (32.9% logic, 67.1% route), 11 logic levels.

 Constraint Details:

     16.755ns physical path delay protocol/SLICE_135 to protocol/SLICE_412 meets
     18.797ns delay constraint less
      0.000ns skew and
      0.166ns DIN_SET requirement (totaling 18.631ns) by 1.876ns

 Physical Path Details:

      Data path protocol/SLICE_135 to protocol/SLICE_412:

   Name    Fanout   Delay (ns)          Site               Resource
REG_DEL     ---     0.452     R8C21D.CLK to      R8C21D.Q0 protocol/SLICE_135 (from clk)
ROUTE         9     1.990      R8C21D.Q0 to      R8C15A.B1 bits_13
CTOF_DEL    ---     0.495      R8C15A.B1 to      R8C15A.F1 protocol/SLICE_352
ROUTE         1     0.766      R8C15A.F1 to      R8C13A.C1 protocol/n12_adj_1769
CTOF_DEL    ---     0.495      R8C13A.C1 to      R8C13A.F1 protocol/SLICE_584
ROUTE         8     1.610      R8C13A.F1 to      R5C11A.D1 protocol/n5235
CTOF_DEL    ---     0.495      R5C11A.D1 to      R5C11A.F1 protocol/SLICE_467
ROUTE        28     1.328      R5C11A.F1 to      R5C18B.C1 n11861
CTOF_DEL    ---     0.495      R5C18B.C1 to      R5C18B.F1 SLICE_515
ROUTE         5     1.316      R5C18B.F1 to      R3C18B.A0 protocol/n405
CTOF_DEL    ---     0.495      R3C18B.A0 to      R3C18B.F0 protocol/SLICE_596
ROUTE         4     0.592      R3C18B.F0 to      R3C18A.M0 protocol/n11198
MTOOFX_DEL  ---     0.376      R3C18A.M0 to    R3C18A.OFX0 protocol/mux_1020_i1/SLICE_504
ROUTE         1     0.958    R3C18A.OFX0 to      R5C18C.D1 protocol/n2158
CTOOFX_DEL  ---     0.721      R5C18C.D1 to    R5C18C.OFX0 protocol/mux_856_i1/SLICE_499
ROUTE         1     0.958    R5C18C.OFX0 to      R5C16B.D1 protocol/n1732
CTOF_DEL    ---     0.495      R5C16B.D1 to      R5C16B.F1 protocol/SLICE_647
ROUTE         2     0.753      R5C16B.F1 to      R5C17C.C0 protocol/next_tx_0
CTOF_DEL    ---     0.495      R5C17C.C0 to      R5C17C.F0 protocol/SLICE_583
ROUTE         3     0.975      R5C17C.F0 to      R4C18A.D0 protocol/n3752
CTOF_DEL    ---     0.495      R4C18A.D0 to      R4C18A.F0 protocol/SLICE_412
ROUTE         1     0.000      R4C18A.F0 to     R4C18A.DI0 protocol/n4195 (to clk)
                  --------
                   16.755   (32.9% logic, 67.1% route), 11 logic levels.

 Clock Skew Details: 

      Source Clock Path osc to protocol/SLICE_135:

   Name    Fanout   Delay (ns)          Site               Resource
ROUTE       386     3.541        OSC.OSC to     R8C21D.CLK clk
                  --------
                    3.541   (0.0% logic, 100.0% route), 0 logic levels.

      Destination Clock Path osc to protocol/SLICE_412:

   Name    Fanout   Delay (ns)          Site               Resource
ROUTE       386     3.541        OSC.OSC to     R4C18A.CLK clk
                  --------
                    3.541   (0.0% logic, 100.0% route), 0 logic levels.


Passed: The following path meets requirements by 1.895ns

 Logical Details:  Cell type  Pin type       Cell/ASIC name  (clock net +/-)

   Source:         FF         Q              flash/state_FSM_i3  (from clk +)
   Destination:    FF         Data in        protocol/status_crc_i0_i12  (to clk +)

   Delay:              16.736ns  (38.8% logic, 61.2% route), 13 logic levels.

 Constraint Details:

     16.736ns physical path delay flash/SLICE_169 to protocol/SLICE_418 meets
     18.797ns delay constraint less
      0.000ns skew and
      0.166ns DIN_SET requirement (totaling 18.631ns) by 1.895ns

 Physical Path Details:

      Data path flash/SLICE_169 to protocol/SLICE_418:

   Name    Fanout   Delay (ns)          Site               Resource
REG_DEL     ---     0.452      R5C7D.CLK to       R5C7D.Q0 flash/SLICE_169 (from clk)
ROUTE        12     1.011       R5C7D.Q0 to       R4C7A.A1 clk_enable_129
CTOF_DEL    ---     0.495       R4C7A.A1 to       R4C7A.F1 flash/SLICE_206
ROUTE         1     0.958       R4C7A.F1 to      R4C10D.D1 flash/n11887
CTOF_DEL    ---     0.495      R4C10D.D1 to      R4C10D.F1 SLICE_281
ROUTE         1     0.436      R4C10D.F1 to      R4C10D.C0 flash/n13_adj_1774
CTOF_DEL    ---     0.495      R4C10D.C0 to      R4C10D.F0 SLICE_281
ROUTE         6     1.498      R4C10D.F0 to      R3C14C.D1 active
CTOF_DEL    ---     0.495      R3C14C.D1 to      R3C14C.F1 protocol/SLICE_608
ROUTE         1     0.436      R3C14C.F1 to      R3C14C.C0 protocol/n24_adj_1761
CTOF_DEL    ---     0.495      R3C14C.C0 to      R3C14C.F0 protocol/SLICE_608
ROUTE         1     1.157      R3C14C.F0 to      R3C18B.D1 protocol/n30_adj_1758
CTOF_DEL    ---     0.495      R3C18B.D1 to      R3C18B.F1 protocol/SLICE_596
ROUTE         7     0.477      R3C18B.F1 to      R3C18B.C0 protocol/n10914
CTOF_DEL    ---     0.495      R3C18B.C0 to      R3C18B.F0 protocol/SLICE_596
ROUTE         4     0.592      R3C18B.F0 to      R3C18A.M0 protocol/n11198
MTOOFX_DEL  ---     0.376      R3C18A.M0 to    R3C18A.OFX0 protocol/mux_1020_i1/SLICE_504
ROUTE         1     0.958    R3C18A.OFX0 to      R5C18C.D1 protocol/n2158
CTOOFX_DEL  ---     0.721      R5C18C.D1 to    R5C18C.OFX0 protocol/mux_856_i1/SLICE_499
ROUTE         1     0.958    R5C18C.OFX0 to      R5C16B.D1 protocol/n1732
CTOF_DEL    ---     0.495      R5C16B.D1 to      R5C16B.F1 protocol/SLICE_647
ROUTE         2     0.753      R5C16B.F1 to      R5C17C.C0 protocol/next_tx_0
CTOF_DEL    ---     0.495      R5C17C.C0 to      R5C17C.F0 protocol/SLICE_583
ROUTE         3     1.003      R5C17C.F0 to      R5C19A.A0 protocol/n3752
CTOF_DEL    ---     0.495      R5C19A.A0 to      R5C19A.F0 protocol/SLICE_418
ROUTE         1     0.000      R5C19A.F0 to     R5C19A.DI0 protocol/n4183 (to clk)
                  --------
                   16.736   (38.8% logic, 61.2% route), 13 logic levels.

 Clock Skew Details: 

      Source Clock Path osc to flash/SLICE_169:

   Name    Fanout   Delay (ns)          Site               Resource
ROUTE       386     3.541        OSC.OSC to      R5C7D.CLK clk
                  --------
                    3.541   (0.0% logic, 100.0% route), 0 logic levels.

      Destination Clock Path osc to protocol/SLICE_418:

   Name    Fanout   Delay (ns)          Site               Resource
ROUTE       386     3.541        OSC.OSC to     R5C19A.CLK clk
                  --------
                    3.541   (0.0% logic, 100.0% route), 0 logic levels.


Passed: The following path meets requirements by 1.899ns

 Logical Details:  Cell type  Pin type       Cell/ASIC name  (clock net +/-)

   Source:         FF         Q              protocol/completed__i3  (from clk +)
   Destination:    FF         Data in        protocol/status_crc_i0_i15  (to clk +)

   Delay:              16.732ns  (46.5% logic, 53.5% route), 19 logic levels.

 Constraint Details:

     16.732ns physical path delay protocol/SLICE_146 to protocol/SLICE_419 meets
     18.797ns delay constraint less
      0.000ns skew and
      0.166ns DIN_SET requirement (totaling 18.631ns) by 1.899ns

 Physical Path Details:

      Data path protocol/SLICE_146 to protocol/SLICE_419:

   Name    Fanout   Delay (ns)          Site               Resource
REG_DEL     ---     0.452    R10C17C.CLK to     R10C17C.Q0 protocol/SLICE_146 (from clk)
ROUTE         4     1.717     R10C17C.Q0 to      R9C19B.A1 completed_3
C1TOFCO_DE  ---     0.889      R9C19B.A1 to     R9C19B.FCO protocol/SLICE_77
ROUTE         1     0.000     R9C19B.FCO to     R9C19C.FCI protocol/n10157
FCITOFCO_D  ---     0.162     R9C19C.FCI to     R9C19C.FCO protocol/SLICE_76
ROUTE         1     0.000     R9C19C.FCO to     R9C19D.FCI protocol/n10158
FCITOFCO_D  ---     0.162     R9C19D.FCI to     R9C19D.FCO protocol/SLICE_75
ROUTE         1     0.000     R9C19D.FCO to     R9C20A.FCI protocol/n10159
FCITOFCO_D  ---     0.162     R9C20A.FCI to     R9C20A.FCO protocol/SLICE_74
ROUTE         1     0.000     R9C20A.FCO to     R9C20B.FCI protocol/n10160
FCITOFCO_D  ---     0.162     R9C20B.FCI to     R9C20B.FCO protocol/SLICE_71
ROUTE         1     0.000     R9C20B.FCO to     R9C20C.FCI protocol/n10161
FCITOFCO_D  ---     0.162     R9C20C.FCI to     R9C20C.FCO protocol/SLICE_69
ROUTE         1     0.000     R9C20C.FCO to     R9C20D.FCI protocol/n10162
FCITOFCO_D  ---     0.162     R9C20D.FCI to     R9C20D.FCO protocol/SLICE_67
ROUTE         1     0.000     R9C20D.FCO to     R9C21A.FCI protocol/n10163
FCITOF0_DE  ---     0.585     R9C21A.FCI to      R9C21A.F0 protocol/SLICE_63
ROUTE         1     1.299      R9C21A.F0 to     R10C20A.A1 protocol/n2404
C1TOFCO_DE  ---     0.889     R10C20A.A1 to    R10C20A.FCO protocol/SLICE_140
ROUTE         1     0.000    R10C20A.FCO to    R10C20B.FCI protocol/n10022
FCITOFCO_D  ---     0.162    R10C20B.FCI to    R10C20B.FCO protocol/SLICE_129
ROUTE         1     0.000    R10C20B.FCO to    R10C20C.FCI protocol/n10023
FCITOFCO_D  ---     0.162    R10C20C.FCI to    R10C20C.FCO protocol/SLICE_125
ROUTE         1     0.000    R10C20C.FCO to    R10C20D.FCI protocol/n10024
FCITOFCO_D  ---     0.162    R10C20D.FCI to    R10C20D.FCO protocol/SLICE_123
ROUTE         1     0.000    R10C20D.FCO to    R10C21A.FCI protocol/n10025
FCITOF0_DE  ---     0.585    R10C21A.FCI to     R10C21A.F0 protocol/SLICE_115
ROUTE         8     2.333     R10C21A.F0 to      R4C15D.A1 protocol/n475
CTOF_DEL    ---     0.495      R4C15D.A1 to      R4C15D.F1 protocol/SLICE_607
ROUTE         1     0.436      R4C15D.F1 to      R4C15D.C0 protocol/n486
CTOF_DEL    ---     0.495      R4C15D.C0 to      R4C15D.F0 protocol/SLICE_607
ROUTE         1     1.460      R4C15D.F0 to      R5C19C.D1 protocol/next_tx_7_N_633_7
CTOOFX_DEL  ---     0.721      R5C19C.D1 to    R5C19C.OFX0 protocol/mux_856_i8/SLICE_497
ROUTE         5     1.021    R5C19C.OFX0 to      R4C19A.A1 protocol/n1725
CTOOFX_DEL  ---     0.721      R4C19A.A1 to    R4C19A.OFX0 protocol/i9344/SLICE_501
ROUTE         3     0.681    R4C19A.OFX0 to      R4C19C.D1 protocol/n3650
CTOF_DEL    ---     0.495      R4C19C.D1 to      R4C19C.F1 protocol/SLICE_419
ROUTE         1     0.000      R4C19C.F1 to     R4C19C.DI1 protocol/n4180 (to clk)
                  --------
                   16.732   (46.5% logic, 53.5% route), 19 logic levels.

 Clock Skew Details: 

      Source Clock Path osc to protocol/SLICE_146:

   Name    Fanout   Delay (ns)          Site               Resource
ROUTE       386     3.541        OSC.OSC to    R10C17C.CLK clk
                  --------
                    3.541   (0.0% logic, 100.0% route), 0 logic levels.

      Destination Clock Path osc to protocol/SLICE_419:

   Name    Fanout   Delay (ns)          Site               Resource
ROUTE       386     3.541        OSC.OSC to     R4C19C.CLK clk
                  --------
                    3.541   (0.0% logic, 100.0% route), 0 logic levels.


Passed: The following path meets requirements by 1.899ns

 Logical Details:  Cell type  Pin type       Cell/ASIC name  (clock net +/-)

   Source:         FF         Q              protocol/completed__i3  (from clk +)
   Destination:    FF         Data in        protocol/status_crc_i0_i15  (to clk +)

   Delay:              16.732ns  (46.5% logic, 53.5% route), 19 logic levels.

 Constraint Details:

     16.732ns physical path delay protocol/SLICE_146 to protocol/SLICE_419 meets
     18.797ns delay constraint less
      0.000ns skew and
      0.166ns DIN_SET requirement (totaling 18.631ns) by 1.899ns

 Physical Path Details:

      Data path protocol/SLICE_146 to protocol/SLICE_419:

   Name    Fanout   Delay (ns)          Site               Resource
REG_DEL     ---     0.452    R10C17C.CLK to     R10C17C.Q0 protocol/SLICE_146 (from clk)
ROUTE         4     1.717     R10C17C.Q0 to      R9C19B.A1 completed_3
C1TOFCO_DE  ---     0.889      R9C19B.A1 to     R9C19B.FCO protocol/SLICE_77
ROUTE         1     0.000     R9C19B.FCO to     R9C19C.FCI protocol/n10157
FCITOFCO_D  ---     0.162     R9C19C.FCI to     R9C19C.FCO protocol/SLICE_76
ROUTE         1     0.000     R9C19C.FCO to     R9C19D.FCI protocol/n10158
FCITOFCO_D  ---     0.162     R9C19D.FCI to     R9C19D.FCO protocol/SLICE_75
ROUTE         1     0.000     R9C19D.FCO to     R9C20A.FCI protocol/n10159
FCITOFCO_D  ---     0.162     R9C20A.FCI to     R9C20A.FCO protocol/SLICE_74
ROUTE         1     0.000     R9C20A.FCO to     R9C20B.FCI protocol/n10160
FCITOFCO_D  ---     0.162     R9C20B.FCI to     R9C20B.FCO protocol/SLICE_71
ROUTE         1     0.000     R9C20B.FCO to     R9C20C.FCI protocol/n10161
FCITOFCO_D  ---     0.162     R9C20C.FCI to     R9C20C.FCO protocol/SLICE_69
ROUTE         1     0.000     R9C20C.FCO to     R9C20D.FCI protocol/n10162
FCITOFCO_D  ---     0.162     R9C20D.FCI to     R9C20D.FCO protocol/SLICE_67
ROUTE         1     0.000     R9C20D.FCO to     R9C21A.FCI protocol/n10163
FCITOF0_DE  ---     0.585     R9C21A.FCI to      R9C21A.F0 protocol/SLICE_63
ROUTE         1     1.299      R9C21A.F0 to     R10C20A.A1 protocol/n2404
C1TOFCO_DE  ---     0.889     R10C20A.A1 to    R10C20A.FCO protocol/SLICE_140
ROUTE         1     0.000    R10C20A.FCO to    R10C20B.FCI protocol/n10022
FCITOFCO_D  ---     0.162    R10C20B.FCI to    R10C20B.FCO protocol/SLICE_129
ROUTE         1     0.000    R10C20B.FCO to    R10C20C.FCI protocol/n10023
FCITOFCO_D  ---     0.162    R10C20C.FCI to    R10C20C.FCO protocol/SLICE_125
ROUTE         1     0.000    R10C20C.FCO to    R10C20D.FCI protocol/n10024
FCITOFCO_D  ---     0.162    R10C20D.FCI to    R10C20D.FCO protocol/SLICE_123
ROUTE         1     0.000    R10C20D.FCO to    R10C21A.FCI protocol/n10025
FCITOF0_DE  ---     0.585    R10C21A.FCI to     R10C21A.F0 protocol/SLICE_115
ROUTE         8     2.333     R10C21A.F0 to      R4C15D.A1 protocol/n475
CTOF_DEL    ---     0.495      R4C15D.A1 to      R4C15D.F1 protocol/SLICE_607
ROUTE         1     0.436      R4C15D.F1 to      R4C15D.C0 protocol/n486
CTOF_DEL    ---     0.495      R4C15D.C0 to      R4C15D.F0 protocol/SLICE_607
ROUTE         1     1.460      R4C15D.F0 to      R5C19C.D1 protocol/next_tx_7_N_633_7
CTOOFX_DEL  ---     0.721      R5C19C.D1 to    R5C19C.OFX0 protocol/mux_856_i8/SLICE_497
ROUTE         5     1.021    R5C19C.OFX0 to      R4C19A.A0 protocol/n1725
CTOOFX_DEL  ---     0.721      R4C19A.A0 to    R4C19A.OFX0 protocol/i9344/SLICE_501
ROUTE         3     0.681    R4C19A.OFX0 to      R4C19C.D1 protocol/n3650
CTOF_DEL    ---     0.495      R4C19C.D1 to      R4C19C.F1 protocol/SLICE_419
ROUTE         1     0.000      R4C19C.F1 to     R4C19C.DI1 protocol/n4180 (to clk)
                  --------
                   16.732   (46.5% logic, 53.5% route), 19 logic levels.

 Clock Skew Details: 

      Source Clock Path osc to protocol/SLICE_146:

   Name    Fanout   Delay (ns)          Site               Resource
ROUTE       386     3.541        OSC.OSC to    R10C17C.CLK clk
                  --------
                    3.541   (0.0% logic, 100.0% route), 0 logic levels.

      Destination Clock Path osc to protocol/SLICE_419:

   Name    Fanout   Delay (ns)          Site               Resource
ROUTE       386     3.541        OSC.OSC to     R4C19C.CLK clk
                  --------
                    3.541   (0.0% logic, 100.0% route), 0 logic levels.


Passed: The following path meets requirements by 1.902ns

 Logical Details:  Cell type  Pin type       Cell/ASIC name  (clock net +/-)

   Source:         FF         Q              protocol/completed__i3  (from clk +)
   Destination:    FF         Data in        protocol/status_crc_i0_i3  (to clk +)

   Delay:              16.729ns  (46.5% logic, 53.5% route), 19 logic levels.

 Constraint Details:

     16.729ns physical path delay protocol/SLICE_146 to protocol/SLICE_413 meets
     18.797ns delay constraint less
      0.000ns skew and
      0.166ns DIN_SET requirement (totaling 18.631ns) by 1.902ns

 Physical Path Details:

      Data path protocol/SLICE_146 to protocol/SLICE_413:

   Name    Fanout   Delay (ns)          Site               Resource
REG_DEL     ---     0.452    R10C17C.CLK to     R10C17C.Q0 protocol/SLICE_146 (from clk)
ROUTE         4     1.717     R10C17C.Q0 to      R9C19B.A1 completed_3
C1TOFCO_DE  ---     0.889      R9C19B.A1 to     R9C19B.FCO protocol/SLICE_77
ROUTE         1     0.000     R9C19B.FCO to     R9C19C.FCI protocol/n10157
FCITOFCO_D  ---     0.162     R9C19C.FCI to     R9C19C.FCO protocol/SLICE_76
ROUTE         1     0.000     R9C19C.FCO to     R9C19D.FCI protocol/n10158
FCITOFCO_D  ---     0.162     R9C19D.FCI to     R9C19D.FCO protocol/SLICE_75
ROUTE         1     0.000     R9C19D.FCO to     R9C20A.FCI protocol/n10159
FCITOFCO_D  ---     0.162     R9C20A.FCI to     R9C20A.FCO protocol/SLICE_74
ROUTE         1     0.000     R9C20A.FCO to     R9C20B.FCI protocol/n10160
FCITOFCO_D  ---     0.162     R9C20B.FCI to     R9C20B.FCO protocol/SLICE_71
ROUTE         1     0.000     R9C20B.FCO to     R9C20C.FCI protocol/n10161
FCITOFCO_D  ---     0.162     R9C20C.FCI to     R9C20C.FCO protocol/SLICE_69
ROUTE         1     0.000     R9C20C.FCO to     R9C20D.FCI protocol/n10162
FCITOFCO_D  ---     0.162     R9C20D.FCI to     R9C20D.FCO protocol/SLICE_67
ROUTE         1     0.000     R9C20D.FCO to     R9C21A.FCI protocol/n10163
FCITOF0_DE  ---     0.585     R9C21A.FCI to      R9C21A.F0 protocol/SLICE_63
ROUTE         1     1.299      R9C21A.F0 to     R10C20A.A1 protocol/n2404
C1TOFCO_DE  ---     0.889     R10C20A.A1 to    R10C20A.FCO protocol/SLICE_140
ROUTE         1     0.000    R10C20A.FCO to    R10C20B.FCI protocol/n10022
FCITOFCO_D  ---     0.162    R10C20B.FCI to    R10C20B.FCO protocol/SLICE_129
ROUTE         1     0.000    R10C20B.FCO to    R10C20C.FCI protocol/n10023
FCITOFCO_D  ---     0.162    R10C20C.FCI to    R10C20C.FCO protocol/SLICE_125
ROUTE         1     0.000    R10C20C.FCO to    R10C20D.FCI protocol/n10024
FCITOFCO_D  ---     0.162    R10C20D.FCI to    R10C20D.FCO protocol/SLICE_123
ROUTE         1     0.000    R10C20D.FCO to    R10C21A.FCI protocol/n10025
FCITOF0_DE  ---     0.585    R10C21A.FCI to     R10C21A.F0 protocol/SLICE_115
ROUTE         8     2.333     R10C21A.F0 to      R4C15D.A1 protocol/n475
CTOF_DEL    ---     0.495      R4C15D.A1 to      R4C15D.F1 protocol/SLICE_607
ROUTE         1     0.436      R4C15D.F1 to      R4C15D.C0 protocol/n486
CTOF_DEL    ---     0.495      R4C15D.C0 to      R4C15D.F0 protocol/SLICE_607
ROUTE         1     1.460      R4C15D.F0 to      R5C19C.D1 protocol/next_tx_7_N_633_7
CTOOFX_DEL  ---     0.721      R5C19C.D1 to    R5C19C.OFX0 protocol/mux_856_i8/SLICE_497
ROUTE         5     1.021    R5C19C.OFX0 to      R4C19A.A1 protocol/n1725
CTOOFX_DEL  ---     0.721      R4C19A.A1 to    R4C19A.OFX0 protocol/i9344/SLICE_501
ROUTE         3     0.678    R4C19A.OFX0 to      R4C20B.D1 protocol/n3650
CTOF_DEL    ---     0.495      R4C20B.D1 to      R4C20B.F1 protocol/SLICE_413
ROUTE         1     0.000      R4C20B.F1 to     R4C20B.DI1 protocol/n4192 (to clk)
                  --------
                   16.729   (46.5% logic, 53.5% route), 19 logic levels.

 Clock Skew Details: 

      Source Clock Path osc to protocol/SLICE_146:

   Name    Fanout   Delay (ns)          Site               Resource
ROUTE       386     3.541        OSC.OSC to    R10C17C.CLK clk
                  --------
                    3.541   (0.0% logic, 100.0% route), 0 logic levels.

      Destination Clock Path osc to protocol/SLICE_413:

   Name    Fanout   Delay (ns)          Site               Resource
ROUTE       386     3.541        OSC.OSC to     R4C20B.CLK clk
                  --------
                    3.541   (0.0% logic, 100.0% route), 0 logic levels.

Report:   58.197MHz is the maximum frequency for this preference.

Report Summary
--------------
----------------------------------------------------------------------------
Preference                              |   Constraint|       Actual|Levels
----------------------------------------------------------------------------
                                        |             |             |
FREQUENCY NET "clk" 53.200001 MHz ;     |   53.200 MHz|   58.197 MHz|   8  
                                        |             |             |
----------------------------------------------------------------------------


All preferences were met.


Clock Domains Analysis
------------------------

Found 1 clocks:

Clock Domain: clk   Source: osc.OSC   Loads: 386
   Covered under: FREQUENCY NET "clk" 53.200001 MHz ;


Timing summary (Setup):
---------------

Timing errors: 0  Score: 0
Cumulative negative slack: 0

Constraints cover 112506 paths, 1 nets, and 4929 connections (99.74% coverage)

--------------------------------------------------------------------------------
Lattice TRACE Report - Hold, Version Diamond (64-bit) 3.14.0.75.2
Mon Sep 07 23:10:03 2026

Copyright (c) 1991-1994 by NeoCAD Inc. All rights reserved.
Copyright (c) 1995 AT&T Corp.   All rights reserved.
Copyright (c) 1995-2001 Lucent Technologies Inc.  All rights reserved.
Copyright (c) 2001 Agere Systems   All rights reserved.
Copyright (c) 2002-2024 Lattice Semiconductor Corporation,  All rights reserved.

Report Information
------------------
Command line:    trce -v 10 -gt -sethld -sp 4 -sphld m -o RomEmu_programmer.twr -gui -msgset C:/Users/Admin/Documents/diy-gb-flash-cart/fpga/diamond/promote.xml RomEmu_programmer.ncd RomEmu_programmer.prf 
Design file:     romemu_programmer.ncd
Preference file: romemu_programmer.prf
Device,speed:    LCMXO2-1200HC,m
Report level:    verbose report, limited to 10 items per preference
--------------------------------------------------------------------------------

BLOCK ASYNCPATHS
BLOCK RESETPATHS
--------------------------------------------------------------------------------



================================================================================
Preference: FREQUENCY NET "clk" 53.200001 MHz ;
            4096 items scored, 0 timing errors detected.
--------------------------------------------------------------------------------


Passed: The following path meets requirements by 0.287ns

 Logical Details:  Cell type  Pin type       Cell/ASIC name  (clock net +/-)

   Source:         FF         Q              flash/result__i2  (from clk +)
   Destination:    DP8KC      Port           protocol/outgoing0(ASIC)  (to clk +)

   Delay:               0.392ns  (33.9% logic, 66.1% route), 1 logic levels.

 Constraint Details:

      0.392ns physical path delay flash/SLICE_472 to protocol/outgoing0 meets
      0.051ns DATA_HLD and
      0.000ns delay constraint less
     -0.054ns skew requirement (totaling 0.105ns) by 0.287ns

 Physical Path Details:

      Data path flash/SLICE_472 to protocol/outgoing0:

   Name    Fanout   Delay (ns)          Site               Resource
REG_DEL     ---     0.133     R4C10B.CLK to      R4C10B.Q0 flash/SLICE_472 (from clk)
ROUTE         5     0.259      R4C10B.Q0 to EBR_R6C10.DIA2 result_2 (to clk)
                  --------
                    0.392   (33.9% logic, 66.1% route), 1 logic levels.

 Clock Skew Details: 

      Source Clock Path osc to flash/SLICE_472:

   Name    Fanout   Delay (ns)          Site               Resource
ROUTE       386     1.216        OSC.OSC to     R4C10B.CLK clk
                  --------
                    1.216   (0.0% logic, 100.0% route), 0 logic levels.

      Destination Clock Path osc to protocol/outgoing0:

   Name    Fanout   Delay (ns)          Site               Resource
ROUTE       386     1.270        OSC.OSC to EBR_R6C10.CLKA clk
                  --------
                    1.270   (0.0% logic, 100.0% route), 0 logic levels.


Passed: The following path meets requirements by 0.304ns

 Logical Details:  Cell type  Pin type       Cell/ASIC name  (clock net +/-)

   Source:         FF         Q              protocol/version_reply__i11  (from clk +)
   Destination:    FF         Data in        protocol/version_reply__i15  (to clk +)

   Delay:               0.285ns  (46.7% logic, 53.3% route), 1 logic levels.

 Constraint Details:

      0.285ns physical path delay SLICE_463 to SLICE_463 meets
     -0.019ns M_HLD and
      0.000ns delay constraint less
      0.000ns skew requirement (totaling -0.019ns) by 0.304ns

 Physical Path Details:

      Data path SLICE_463 to SLICE_463:

   Name    Fanout   Delay (ns)          Site               Resource
REG_DEL     ---     0.133     R10C8C.CLK to      R10C8C.Q1 SLICE_463 (from clk)
ROUTE         1     0.152      R10C8C.Q1 to      R10C8C.M0 protocol/version_reply_40 (to clk)
                  --------
                    0.285   (46.7% logic, 53.3% route), 1 logic levels.

 Clock Skew Details: 

      Source Clock Path osc to SLICE_463:

   Name    Fanout   Delay (ns)          Site               Resource
ROUTE       386     1.216        OSC.OSC to     R10C8C.CLK clk
                  --------
                    1.216   (0.0% logic, 100.0% route), 0 logic levels.

      Destination Clock Path osc to SLICE_463:

   Name    Fanout   Delay (ns)          Site               Resource
ROUTE       386     1.216        OSC.OSC to     R10C8C.CLK clk
                  --------
                    1.216   (0.0% logic, 100.0% route), 0 logic levels.


Passed: The following path meets requirements by 0.304ns

 Logical Details:  Cell type  Pin type       Cell/ASIC name  (clock net +/-)

   Source:         FF         Q              r0  (from clk +)
   Destination:    FF         Data in        r1  (to clk +)

   Delay:               0.285ns  (46.7% logic, 53.3% route), 1 logic levels.

 Constraint Details:

      0.285ns physical path delay SLICE_468 to SLICE_468 meets
     -0.019ns M_HLD and
      0.000ns delay constraint less
      0.000ns skew requirement (totaling -0.019ns) by 0.304ns

 Physical Path Details:

      Data path SLICE_468 to SLICE_468:

   Name    Fanout   Delay (ns)          Site               Resource
REG_DEL     ---     0.133      R2C5B.CLK to       R2C5B.Q0 SLICE_468 (from clk)
ROUTE         1     0.152       R2C5B.Q0 to       R2C5B.M1 ready_0 (to clk)
                  --------
                    0.285   (46.7% logic, 53.3% route), 1 logic levels.

 Clock Skew Details: 

      Source Clock Path osc to SLICE_468:

   Name    Fanout   Delay (ns)          Site               Resource
ROUTE       386     1.216        OSC.OSC to      R2C5B.CLK clk
                  --------
                    1.216   (0.0% logic, 100.0% route), 0 logic levels.

      Destination Clock Path osc to SLICE_468:

   Name    Fanout   Delay (ns)          Site               Resource
ROUTE       386     1.216        OSC.OSC to      R2C5B.CLK clk
                  --------
                    1.216   (0.0% logic, 100.0% route), 0 logic levels.


Passed: The following path meets requirements by 0.304ns

 Logical Details:  Cell type  Pin type       Cell/ASIC name  (clock net +/-)

   Source:         FF         Q              r2  (from clk +)
   Destination:    FF         Data in        r3  (to clk +)

   Delay:               0.285ns  (46.7% logic, 53.3% route), 1 logic levels.

 Constraint Details:

      0.285ns physical path delay SLICE_469 to SLICE_469 meets
     -0.019ns M_HLD and
      0.000ns delay constraint less
      0.000ns skew requirement (totaling -0.019ns) by 0.304ns

 Physical Path Details:

      Data path SLICE_469 to SLICE_469:

   Name    Fanout   Delay (ns)          Site               Resource
REG_DEL     ---     0.133     R7C12A.CLK to      R7C12A.Q0 SLICE_469 (from clk)
ROUTE         1     0.152      R7C12A.Q0 to      R7C12A.M1 ready_2 (to clk)
                  --------
                    0.285   (46.7% logic, 53.3% route), 1 logic levels.

 Clock Skew Details: 

      Source Clock Path osc to SLICE_469:

   Name    Fanout   Delay (ns)          Site               Resource
ROUTE       386     1.216        OSC.OSC to     R7C12A.CLK clk
                  --------
                    1.216   (0.0% logic, 100.0% route), 0 logic levels.

      Destination Clock Path osc to SLICE_469:

   Name    Fanout   Delay (ns)          Site               Resource
ROUTE       386     1.216        OSC.OSC to     R7C12A.CLK clk
                  --------
                    1.216   (0.0% logic, 100.0% route), 0 logic levels.


Passed: The following path meets requirements by 0.304ns

 Logical Details:  Cell type  Pin type       Cell/ASIC name  (clock net +/-)

   Source:         FF         Q              protocol/version_reply__i2  (from clk +)
   Destination:    FF         Data in        protocol/version_reply__i3  (to clk +)

   Delay:               0.285ns  (46.7% logic, 53.3% route), 1 logic levels.

 Constraint Details:

      0.285ns physical path delay protocol/SLICE_456 to protocol/SLICE_456 meets
     -0.019ns M_HLD and
      0.000ns delay constraint less
      0.000ns skew requirement (totaling -0.019ns) by 0.304ns

 Physical Path Details:

      Data path protocol/SLICE_456 to protocol/SLICE_456:

   Name    Fanout   Delay (ns)          Site               Resource
REG_DEL     ---     0.133     R4C11B.CLK to      R4C11B.Q0 protocol/SLICE_456 (from clk)
ROUTE         1     0.152      R4C11B.Q0 to      R4C11B.M1 protocol/version_reply_10 (to clk)
                  --------
                    0.285   (46.7% logic, 53.3% route), 1 logic levels.

 Clock Skew Details: 

      Source Clock Path osc to protocol/SLICE_456:

   Name    Fanout   Delay (ns)          Site               Resource
ROUTE       386     1.216        OSC.OSC to     R4C11B.CLK clk
                  --------
                    1.216   (0.0% logic, 100.0% route), 0 logic levels.

      Destination Clock Path osc to protocol/SLICE_456:

   Name    Fanout   Delay (ns)          Site               Resource
ROUTE       386     1.216        OSC.OSC to     R4C11B.CLK clk
                  --------
                    1.216   (0.0% logic, 100.0% route), 0 logic levels.


Passed: The following path meets requirements by 0.304ns

 Logical Details:  Cell type  Pin type       Cell/ASIC name  (clock net +/-)

   Source:         FF         Q              flash/bus_addr__i19  (from clk +)
   Destination:    FF         Data in        flash/bus/flash_a__i20  (to clk +)

   Delay:               0.285ns  (46.7% logic, 53.3% route), 1 logic levels.

 Constraint Details:

      0.285ns physical path delay flash/SLICE_196 to flash/SLICE_560 meets
     -0.019ns M_HLD and
      0.000ns delay constraint less
      0.000ns skew requirement (totaling -0.019ns) by 0.304ns

 Physical Path Details:

      Data path flash/SLICE_196 to flash/SLICE_560:

   Name    Fanout   Delay (ns)          Site               Resource
REG_DEL     ---     0.133      R7C7C.CLK to       R7C7C.Q1 flash/SLICE_196 (from clk)
ROUTE         1     0.152       R7C7C.Q1 to       R7C7D.M0 flash/bus_addr_19 (to clk)
                  --------
                    0.285   (46.7% logic, 53.3% route), 1 logic levels.

 Clock Skew Details: 

      Source Clock Path osc to flash/SLICE_196:

   Name    Fanout   Delay (ns)          Site               Resource
ROUTE       386     1.216        OSC.OSC to      R7C7C.CLK clk
                  --------
                    1.216   (0.0% logic, 100.0% route), 0 logic levels.

      Destination Clock Path osc to flash/SLICE_560:

   Name    Fanout   Delay (ns)          Site               Resource
ROUTE       386     1.216        OSC.OSC to      R7C7D.CLK clk
                  --------
                    1.216   (0.0% logic, 100.0% route), 0 logic levels.


Passed: The following path meets requirements by 0.304ns

 Logical Details:  Cell type  Pin type       Cell/ASIC name  (clock net +/-)

   Source:         FF         Q              protocol/cs_sync_i0  (from clk +)
   Destination:    FF         Data in        protocol/cs_sync_i1  (to clk +)

   Delay:               0.285ns  (46.7% logic, 53.3% route), 1 logic levels.

 Constraint Details:

      0.285ns physical path delay protocol/SLICE_140 to protocol/SLICE_140 meets
     -0.019ns M_HLD and
      0.000ns delay constraint less
      0.000ns skew requirement (totaling -0.019ns) by 0.304ns

 Physical Path Details:

      Data path protocol/SLICE_140 to protocol/SLICE_140:

   Name    Fanout   Delay (ns)          Site               Resource
REG_DEL     ---     0.133    R10C20A.CLK to     R10C20A.Q0 protocol/SLICE_140 (from clk)
ROUTE         1     0.152     R10C20A.Q0 to     R10C20A.M1 protocol/cs_sync_0 (to clk)
                  --------
                    0.285   (46.7% logic, 53.3% route), 1 logic levels.

 Clock Skew Details: 

      Source Clock Path osc to protocol/SLICE_140:

   Name    Fanout   Delay (ns)          Site               Resource
ROUTE       386     1.216        OSC.OSC to    R10C20A.CLK clk
                  --------
                    1.216   (0.0% logic, 100.0% route), 0 logic levels.

      Destination Clock Path osc to protocol/SLICE_140:

   Name    Fanout   Delay (ns)          Site               Resource
ROUTE       386     1.216        OSC.OSC to    R10C20A.CLK clk
                  --------
                    1.216   (0.0% logic, 100.0% route), 0 logic levels.


Passed: The following path meets requirements by 0.304ns

 Logical Details:  Cell type  Pin type       Cell/ASIC name  (clock net +/-)

   Source:         FF         Q              protocol/version_reply__i6  (from clk +)
   Destination:    FF         Data in        protocol/version_reply__i9  (to clk +)

   Delay:               0.285ns  (46.7% logic, 53.3% route), 1 logic levels.

 Constraint Details:

      0.285ns physical path delay protocol/SLICE_459 to protocol/SLICE_459 meets
     -0.019ns M_HLD and
      0.000ns delay constraint less
      0.000ns skew requirement (totaling -0.019ns) by 0.304ns

 Physical Path Details:

      Data path protocol/SLICE_459 to protocol/SLICE_459:

   Name    Fanout   Delay (ns)          Site               Resource
REG_DEL     ---     0.133     R8C11C.CLK to      R8C11C.Q1 protocol/SLICE_459 (from clk)
ROUTE         1     0.152      R8C11C.Q1 to      R8C11C.M0 protocol/version_reply_26 (to clk)
                  --------
                    0.285   (46.7% logic, 53.3% route), 1 logic levels.

 Clock Skew Details: 

      Source Clock Path osc to protocol/SLICE_459:

   Name    Fanout   Delay (ns)          Site               Resource
ROUTE       386     1.216        OSC.OSC to     R8C11C.CLK clk
                  --------
                    1.216   (0.0% logic, 100.0% route), 0 logic levels.

      Destination Clock Path osc to protocol/SLICE_459:

   Name    Fanout   Delay (ns)          Site               Resource
ROUTE       386     1.216        OSC.OSC to     R8C11C.CLK clk
                  --------
                    1.216   (0.0% logic, 100.0% route), 0 logic levels.


Passed: The following path meets requirements by 0.304ns

 Logical Details:  Cell type  Pin type       Cell/ASIC name  (clock net +/-)

   Source:         FF         Q              flash/bus_addr__i20  (from clk +)
   Destination:    FF         Data in        flash/bus/flash_a__i21  (to clk +)

   Delay:               0.285ns  (46.7% logic, 53.3% route), 1 logic levels.

 Constraint Details:

      0.285ns physical path delay flash/SLICE_197 to flash/SLICE_560 meets
     -0.019ns M_HLD and
      0.000ns delay constraint less
      0.000ns skew requirement (totaling -0.019ns) by 0.304ns

 Physical Path Details:

      Data path flash/SLICE_197 to flash/SLICE_560:

   Name    Fanout   Delay (ns)          Site               Resource
REG_DEL     ---     0.133      R7C7A.CLK to       R7C7A.Q0 flash/SLICE_197 (from clk)
ROUTE         1     0.152       R7C7A.Q0 to       R7C7D.M1 flash/bus_addr_20 (to clk)
                  --------
                    0.285   (46.7% logic, 53.3% route), 1 logic levels.

 Clock Skew Details: 

      Source Clock Path osc to flash/SLICE_197:

   Name    Fanout   Delay (ns)          Site               Resource
ROUTE       386     1.216        OSC.OSC to      R7C7A.CLK clk
                  --------
                    1.216   (0.0% logic, 100.0% route), 0 logic levels.

      Destination Clock Path osc to flash/SLICE_560:

   Name    Fanout   Delay (ns)          Site               Resource
ROUTE       386     1.216        OSC.OSC to      R7C7D.CLK clk
                  --------
                    1.216   (0.0% logic, 100.0% route), 0 logic levels.


Passed: The following path meets requirements by 0.306ns

 Logical Details:  Cell type  Pin type       Cell/ASIC name  (clock net +/-)

   Source:         FF         Q              protocol/rx_shift__i3  (from clk +)
   Destination:    FF         Data in        protocol/rx_shift__i4  (to clk +)

   Delay:               0.287ns  (46.3% logic, 53.7% route), 1 logic levels.

 Constraint Details:

      0.287ns physical path delay SLICE_8 to SLICE_7 meets
     -0.019ns M_HLD and
      0.000ns delay constraint less
      0.000ns skew requirement (totaling -0.019ns) by 0.306ns

 Physical Path Details:

      Data path SLICE_8 to SLICE_7:

   Name    Fanout   Delay (ns)          Site               Resource
REG_DEL     ---     0.133      R2C8A.CLK to       R2C8A.Q1 SLICE_8 (from clk)
ROUTE         9     0.154       R2C8A.Q1 to       R2C8B.M0 protocol/rx_shift_3 (to clk)
                  --------
                    0.287   (46.3% logic, 53.7% route), 1 logic levels.

 Clock Skew Details: 

      Source Clock Path osc to SLICE_8:

   Name    Fanout   Delay (ns)          Site               Resource
ROUTE       386     1.216        OSC.OSC to      R2C8A.CLK clk
                  --------
                    1.216   (0.0% logic, 100.0% route), 0 logic levels.

      Destination Clock Path osc to SLICE_7:

   Name    Fanout   Delay (ns)          Site               Resource
ROUTE       386     1.216        OSC.OSC to      R2C8B.CLK clk
                  --------
                    1.216   (0.0% logic, 100.0% route), 0 logic levels.

Report Summary
--------------
----------------------------------------------------------------------------
Preference(MIN Delays)                  |   Constraint|       Actual|Levels
----------------------------------------------------------------------------
                                        |             |             |
FREQUENCY NET "clk" 53.200001 MHz ;     |     0.000 ns|     0.287 ns|   1  
                                        |             |             |
----------------------------------------------------------------------------


All preferences were met.


Clock Domains Analysis
------------------------

Found 1 clocks:

Clock Domain: clk   Source: osc.OSC   Loads: 386
   Covered under: FREQUENCY NET "clk" 53.200001 MHz ;


Timing summary (Hold):
---------------

Timing errors: 0  Score: 0
Cumulative negative slack: 0

Constraints cover 112506 paths, 1 nets, and 4929 connections (99.74% coverage)



Timing summary (Setup and Hold):
---------------

Timing errors: 0 (setup), 0 (hold)
Score: 0 (setup), 0 (hold)
Cumulative negative slack: 0 (0+0)
--------------------------------------------------------------------------------

--------------------------------------------------------------------------------

