
synthesis -f "RomEmu_v1_0_lattice.synproj"
synthesis:  version Diamond (64-bit) 3.14.0.75.2

Copyright (c) 1991-1994 by NeoCAD Inc. All rights reserved.
Copyright (c) 1995 AT&T Corp.   All rights reserved.
Copyright (c) 1995-2001 Lucent Technologies Inc.  All rights reserved.
Copyright (c) 2001 Agere Systems   All rights reserved.
Copyright (c) 2002-2024 Lattice Semiconductor Corporation,  All rights reserved.
Wed Sep 02 21:50:39 2026


Command Line:  synthesis -f RomEmu_v1_0_lattice.synproj -gui 

    <postMsg mid="35002000" type="Info"    dynamic="0" navigation="0"  />
Synthesis options:
The -a option is MachXO2.
The -s option is 4.
The -t option is TQFP100.
The -d option is LCMXO2-1200HC.
Using package TQFP100.
Using performance grade 4.
                                                          

##########################################################

### Lattice Family : MachXO2

### Device  : LCMXO2-1200HC

### Package : TQFP100

### Speed   : 4

##########################################################

                                                          

    <postMsg mid="35001781" type="Info"    dynamic="0" navigation="0"  />
Optimization goal = Balanced
Top-level module name = top.
Target frequency = 200.000000 MHz.
Maximum fanout = 1000.
Timing path count = 3
BRAM utilization = 100.000000 %
DSP usage = true
DSP utilization = 100.000000 %
fsm_encoding_style = auto
resolve_mixed_drivers = 0
fix_gated_clocks = 1

Mux style = Auto
Use Carry Chain = true
carry_chain_length = 0
Loop Limit = 1950.
Use IO Insertion = TRUE
Use IO Reg = AUTO

Resource Sharing = TRUE
Propagate Constants = TRUE
Remove Duplicate Registers = TRUE
force_gsr = auto
ROM style = auto
RAM style = auto
The -comp option is FALSE.
The -syn option is FALSE.
-p C:/Users/Admin/Documents/FPGA/Projects/ROM_emu (searchpath added)
-p C:/lscc/diamond/3.14/ispfpga/xo2c00/data (searchpath added)
-p C:/Users/Admin/Documents/FPGA/Projects/ROM_emu/v1_0 (searchpath added)
-p C:/Users/Admin/Documents/FPGA/Projects/ROM_emu (searchpath added)
Verilog design file = C:/Users/Admin/Documents/FPGA/Projects/ROM_emu/top.v
NGD file = RomEmu_v1_0.ngd
-sdc option: SDC file input not used.
-lpf option: Output file option is ON.
Hardtimer checking is enabled (default). The -dt option is not used.
The -r option is OFF. [ Remove LOC Properties is OFF. ]
Technology check ok...

Analyzing Verilog file C:/lscc/diamond/3.14/ispfpga/userware/NT/SYNTHESIS_HEADERS/machxo2.v. VERI-1482
Compile design.
Compile Design Begin
Analyzing Verilog file c:/users/admin/documents/fpga/projects/rom_emu/top.v. VERI-1482
Analyzing Verilog file C:/lscc/diamond/3.14/ispfpga/userware/NT/SYNTHESIS_HEADERS/machxo2.v. VERI-1482
Top module name (Verilog): top
    <postMsg mid="35901018" type="Info"    dynamic="2" navigation="2" arg0="c:/users/admin/documents/fpga/projects/rom_emu/top.v(1): " arg1="top" arg2="c:/users/admin/documents/fpga/projects/rom_emu/top.v" arg3="1"  />
Last elaborated design is top()
Loading NGL library 'C:/lscc/diamond/3.14/ispfpga/xo2c00a/data/xo2alib.ngl'...
Loading NGL library 'C:/lscc/diamond/3.14/ispfpga/xo2c00/data/xo2clib.ngl'...
Loading NGL library 'C:/lscc/diamond/3.14/ispfpga/mg5g00/data/mg5glib.ngl'...
Loading NGL library 'C:/lscc/diamond/3.14/ispfpga/or5g00/data/orc5glib.ngl'...
Loading device for application map from file 'xo2c1200.nph' in environment: C:/lscc/diamond/3.14/ispfpga.
Package Status:                     Final          Version 1.44.
Top-level module name = top.



GSR will not be inferred because no asynchronous signal was found in the netlist.
Applying 200.000000 MHz constraint to all clocks

    <postMsg mid="35001611" type="Warning" dynamic="0" navigation="0"  />
Results of NGD DRC are available in top_drc.log.
Loading NGL library 'C:/lscc/diamond/3.14/ispfpga/xo2c00a/data/xo2alib.ngl'...
Loading NGL library 'C:/lscc/diamond/3.14/ispfpga/xo2c00/data/xo2clib.ngl'...
Loading NGL library 'C:/lscc/diamond/3.14/ispfpga/mg5g00/data/mg5glib.ngl'...
Loading NGL library 'C:/lscc/diamond/3.14/ispfpga/or5g00/data/orc5glib.ngl'...


Running DRC...

    <postMsg mid="1166052" type="Warning" dynamic="2" navigation="1" arg0="logical" arg1="GND_net" arg2="GND_net"  />
    <postMsg mid="1163101" type="Warning" dynamic="1" navigation="0" arg0="1"  />

Design Results:
    146 blocks expanded
completed the first expansion
All blocks are expanded and NGD expansion is successful.
Writing NGD file RomEmu_v1_0.ngd.

################### Begin Area Report (top)######################
Number of register bits => 0 of 1520 (0 % )
GSR => 1
IB => 17
L6MUX21 => 5
LUT4 => 85
OB => 10
PFUMX => 25
################### End Area Report ##################

################### Begin BlackBox Report ######################
TSALL => 1
################### End BlackBox Report ##################

################### Begin Clock Report ######################
Clock Nets
Number of Clocks: 0
Clock Enable Nets
Number of Clock Enables: 0
Top 0 highest fanout Clock Enables:
Highest fanout non-clock nets
Top 10 highest fanout non-clock nets:
  Net : gb_a_c_2, loads : 51
  Net : gb_a_c_1, loads : 51
  Net : gb_a_c_3, loads : 49
  Net : gb_a_c_0, loads : 49
  Net : gb_a_c_4, loads : 37
  Net : gb_a_c_5, loads : 18
  Net : gb_a_c_6, loads : 8
  Net : n1145, loads : 6
  Net : gb_a_c_15, loads : 4
  Net : n14, loads : 3
################### End Clock Report ##################

Peak Memory Usage: 1245.602  MB

--------------------------------------------------------------
Elapsed CPU time for LSE flow : 13.344  secs
--------------------------------------------------------------

map -a "MachXO2" -p LCMXO2-1200HC -t TQFP100 -s 4 -oc Commercial   "RomEmu_v1_0.ngd" -o "RomEmu_v1_0_map.ncd" -pr "RomEmu_v1_0.prf" -mp "RomEmu_v1_0.mrp" -lpf "C:/Users/Admin/Documents/FPGA/Projects/ROM_emu/v1_0/RomEmu_v1_0.lpf" -lpf "C:/Users/Admin/Documents/FPGA/Projects/ROM_emu/RomEmu.lpf"  -c 0           
map:  version Diamond (64-bit) 3.14.0.75.2

Copyright (c) 1991-1994 by NeoCAD Inc. All rights reserved.
Copyright (c) 1995 AT&T Corp.   All rights reserved.
Copyright (c) 1995-2001 Lucent Technologies Inc.  All rights reserved.
Copyright (c) 2001 Agere Systems   All rights reserved.
Copyright (c) 2002-2024 Lattice Semiconductor Corporation,  All rights reserved.
   Process the file: RomEmu_v1_0.ngd
   Picdevice="LCMXO2-1200HC"

   Pictype="TQFP100"

   Picspeed=4

   Remove unused logic

   Do not produce over sized NCDs.

Part used: LCMXO2-1200HCTQFP100, Performance used: 4.

Loading device for application map from file 'xo2c1200.nph' in environment: C:/lscc/diamond/3.14/ispfpga.
Package Status:                     Final          Version 1.44.

Running general design DRC...

Removing unused logic...

Optimizing...




Design Summary:
   Number of registers:      0 out of  1520 (0%)
      PFU registers:            0 out of  1280 (0%)
      PIO registers:            0 out of   240 (0%)
   Number of SLICEs:        43 out of   640 (7%)
      SLICEs as Logic/ROM:     43 out of   640 (7%)
      SLICEs as RAM:            0 out of   480 (0%)
      SLICEs as Carry:          0 out of   640 (0%)
   Number of LUT4s:         86 out of  1280 (7%)
      Number used as logic LUTs:         86
      Number used as distributed RAM:     0
      Number used as ripple logic:        0
      Number used as shift registers:     0
   Number of PIO sites used: 27 + 4(JTAG) out of 80 (39%)
   Number of block RAMs:  0 out of 7 (0%)
   Number of GSRs:        0 out of 1 (0%)
   EFB used :        No
   JTAG used :       No
   Readback used :   No
   Oscillator used : No
   Startup used :    No
   POR :             On
   Bandgap :         On
   Number of Power Controller:  0 out of 1 (0%)
   Number of Dynamic Bank Controller (BCINRD):  0 out of 4 (0%)
   Number of Dynamic Bank Controller (BCLVDSO):  0 out of 1 (0%)
   Number of DCCA:  0 out of 8 (0%)
   Number of DCMA:  0 out of 2 (0%)
   Number of PLLs:  0 out of 1 (0%)
   Number of DQSDLLs:  0 out of 2 (0%)
   Number of CLKDIVC:  0 out of 4 (0%)
   Number of ECLKSYNCA:  0 out of 4 (0%)
   Number of ECLKBRIDGECS:  0 out of 2 (0%)
   Notes:-
      1. Total number of LUT4s = (Number of logic LUT4s) + 2*(Number of distributed RAMs) + 2*(Number of ripple logic)
      2. Number of logic LUT4s does not include count of distributed RAM and ripple logic.
   Number of clocks:  0
   Number of Clock Enables:  0
   Number of LSRs:  0
   Number of nets driven by tri-state buffers:  0
   Top 10 highest fanout non-clock nets:
     Net gb_a_c_1: 50 loads
     Net gb_a_c_2: 50 loads
     Net gb_a_c_0: 49 loads
     Net gb_a_c_3: 48 loads
     Net gb_a_c_4: 37 loads
     Net gb_a_c_5: 18 loads
     Net gb_a_c_6: 8 loads
     Net n1145: 6 loads
     Net gb_a_c_15: 4 loads
     Net n13: 3 loads
 

   Number of warnings:  0
   Number of errors:    0



Total CPU Time: 0 secs  
Total REAL Time: 0 secs  
Peak Memory Usage: 43 MB

Dumping design to file RomEmu_v1_0_map.ncd.

ncd2vdb "RomEmu_v1_0_map.ncd" ".vdbs/RomEmu_v1_0_map.vdb"

Loading device for application ncd2vdb from file 'xo2c1200.nph' in environment: C:/lscc/diamond/3.14/ispfpga.

trce -f "RomEmu_v1_0.mt" -o "RomEmu_v1_0.tw1" "RomEmu_v1_0_map.ncd" "RomEmu_v1_0.prf"
trce:  version Diamond (64-bit) 3.14.0.75.2

Copyright (c) 1991-1994 by NeoCAD Inc. All rights reserved.
Copyright (c) 1995 AT&T Corp.   All rights reserved.
Copyright (c) 1995-2001 Lucent Technologies Inc.  All rights reserved.
Copyright (c) 2001 Agere Systems   All rights reserved.
Copyright (c) 2002-2024 Lattice Semiconductor Corporation,  All rights reserved.

Loading design for application trce from file romemu_v1_0_map.ncd.
Design name: top
NCD version: 3.3
Vendor:      LATTICE
Device:      LCMXO2-1200HC
Package:     TQFP100
Performance: 4
Loading device for application trce from file 'xo2c1200.nph' in environment: C:/lscc/diamond/3.14/ispfpga.
Package Status:                     Final          Version 1.44.
Performance Hardware Data Status:   Final          Version 36.4.
Setup and Hold Report

--------------------------------------------------------------------------------
Lattice TRACE Report - Setup, Version Diamond (64-bit) 3.14.0.75.2
Wed Sep 02 21:50:53 2026

Copyright (c) 1991-1994 by NeoCAD Inc. All rights reserved.
Copyright (c) 1995 AT&T Corp.   All rights reserved.
Copyright (c) 1995-2001 Lucent Technologies Inc.  All rights reserved.
Copyright (c) 2001 Agere Systems   All rights reserved.
Copyright (c) 2002-2024 Lattice Semiconductor Corporation,  All rights reserved.

Report Information
------------------
Command line:    trce -v 1 -gt -mapchkpnt 0 -sethld -o RomEmu_v1_0.tw1 -gui RomEmu_v1_0_map.ncd RomEmu_v1_0.prf 
Design file:     romemu_v1_0_map.ncd
Preference file: romemu_v1_0.prf
Device,speed:    LCMXO2-1200HC,4
Report level:    verbose report, limited to 1 item per preference
--------------------------------------------------------------------------------

BLOCK ASYNCPATHS
BLOCK RESETPATHS
--------------------------------------------------------------------------------



Timing summary (Setup):
---------------

Timing errors: 0  Score: 0
Cumulative negative slack: 0

Constraints cover 345 paths, 85 nets, and 352 connections (100.00% coverage)

--------------------------------------------------------------------------------

Total CPU Time: 0 secs 
Total REAL Time: 0 secs 
Peak Memory Usage: 46 MB

