synthesis:  version Diamond (64-bit) 3.14.0.75.2

Copyright (c) 1991-1994 by NeoCAD Inc. All rights reserved.
Copyright (c) 1995 AT&T Corp.   All rights reserved.
Copyright (c) 1995-2001 Lucent Technologies Inc.  All rights reserved.
Copyright (c) 2001 Agere Systems   All rights reserved.
Copyright (c) 2002-2024 Lattice Semiconductor Corporation,  All rights reserved.
Sun Sep 06 23:23:04 2026


Command Line:  synthesis -f RomEmu_flash_bringup_lattice.synproj -gui -msgset C:/Users/Admin/Documents/diy-gb-flash-cart/fpga/diamond/promote.xml 

Synthesis options:
The -a option is MachXO2.
The -s option is 4.
The -t option is TQFP100.
The -d option is LCMXO2-1200HC.
Using package TQFP100.
Using performance grade 4.
                                                          

##########################################################

### Lattice Family : MachXO2

### Device  : LCMXO2-1200HC

### Package : TQFP100

### Speed   : 4

##########################################################

                                                          

INFO - synthesis: User-Selected Strategy Settings
Optimization goal = Area
Top-level module name = top.
Target frequency = 1.000000 MHz.
Maximum fanout = 1000.
Timing path count = 3
BRAM utilization = 100.000000 %
DSP usage = true
DSP utilization = 100.000000 %
fsm_encoding_style = auto
resolve_mixed_drivers = 0
fix_gated_clocks = 1

Mux style = Auto
Use Carry Chain = true
carry_chain_length = 0
Loop Limit = 1950.
Use IO Insertion = TRUE
Use IO Reg = AUTO

Resource Sharing = TRUE
Propagate Constants = TRUE
Remove Duplicate Registers = TRUE
force_gsr = auto
ROM style = auto
RAM style = auto
The -comp option is FALSE.
The -syn option is FALSE.
-p C:/Users/Admin/Documents/diy-gb-flash-cart/fpga/diamond (searchpath added)
-p C:/lscc/diamond/3.14/ispfpga/xo2c00/data (searchpath added)
-p C:/Users/Admin/Documents/diy-gb-flash-cart/fpga/diamond/flash_bringup (searchpath added)
-p C:/Users/Admin/Documents/diy-gb-flash-cart/fpga/diamond (searchpath added)
Verilog design file = C:/Users/Admin/Documents/diy-gb-flash-cart/fpga/targets/flash_bringup/top.v
Verilog design file = C:/Users/Admin/Documents/diy-gb-flash-cart/fpga/rtl/mx29_bus.v
NGD file = RomEmu_flash_bringup.ngd
-sdc option: SDC file input not used.
-lpf option: Output file option is ON.
Hardtimer checking is enabled (default). The -dt option is not used.
The -r option is OFF. [ Remove LOC Properties is OFF. ]
Technology check ok...

Analyzing Verilog file C:/lscc/diamond/3.14/ispfpga/userware/NT/SYNTHESIS_HEADERS/machxo2.v. VERI-1482
Compile design.
Compile Design Begin
Analyzing Verilog file c:/users/admin/documents/diy-gb-flash-cart/fpga/targets/flash_bringup/top.v. VERI-1482
Analyzing Verilog file c:/users/admin/documents/diy-gb-flash-cart/fpga/rtl/mx29_bus.v. VERI-1482
Analyzing Verilog file C:/lscc/diamond/3.14/ispfpga/userware/NT/SYNTHESIS_HEADERS/machxo2.v. VERI-1482
Top module name (Verilog): top
INFO - synthesis: c:/users/admin/documents/diy-gb-flash-cart/fpga/targets/flash_bringup/top.v(1): compiling module top. VERI-1018
INFO - synthesis: C:/lscc/diamond/3.14/ispfpga/userware/NT/SYNTHESIS_HEADERS/machxo2.v(1793): compiling module OSCH. VERI-1018
INFO - synthesis: C:/lscc/diamond/3.14/ispfpga/userware/NT/SYNTHESIS_HEADERS/machxo2.v(278): compiling module FD1S3AX. VERI-1018
INFO - synthesis: c:/users/admin/documents/diy-gb-flash-cart/fpga/rtl/mx29_bus.v(15): compiling module mx29_bus. VERI-1018
Loading NGL library 'C:/lscc/diamond/3.14/ispfpga/xo2c00a/data/xo2alib.ngl'...
Loading NGL library 'C:/lscc/diamond/3.14/ispfpga/xo2c00/data/xo2clib.ngl'...
Loading NGL library 'C:/lscc/diamond/3.14/ispfpga/mg5g00/data/mg5glib.ngl'...
Loading NGL library 'C:/lscc/diamond/3.14/ispfpga/or5g00/data/orc5glib.ngl'...
Loading device for application map from file 'xo2c1200.nph' in environment: C:/lscc/diamond/3.14/ispfpga.
Package Status:                     Final          Version 1.44.
Top-level module name = top.
INFO - synthesis: Extracted state machine for register '\bus/state' with one-hot encoding
original encoding -> new encoding (one-hot encoding)

 0000 -> 0000000001

 0001 -> 0000000010

 0010 -> 0000000100

 0011 -> 0000001000

 0100 -> 0000010000

 0101 -> 0000100000

 0110 -> 0001000000

 0111 -> 0010000000

 1000 -> 0100000000

 1001 -> 1000000000

INFO - synthesis: Extracted state machine for register 'state' with one-hot encoding
original encoding -> new encoding (one-hot encoding)

 00000000 -> 00000000000000000000000000000001

 00000001 -> 00000000000000000000000000000010

 00000010 -> 00000000000000000000000000000100

 00000011 -> 00000000000000000000000000001000

 00000100 -> 00000000000000000000000000010000

 00000101 -> 00000000000000000000000000100000

 00000110 -> 00000000000000000000000001000000

 00000111 -> 00000000000000000000000010000000

 00001000 -> 00000000000000000000000100000000

 00001001 -> 00000000000000000000001000000000

 00001010 -> 00000000000000000000010000000000

 00001011 -> 00000000000000000000100000000000

 00001100 -> 00000000000000000001000000000000

 00001101 -> 00000000000000000010000000000000

 00001110 -> 00000000000000000100000000000000

 00010100 -> 00000000000000001000000000000000

 00010101 -> 00000000000000010000000000000000

 00010110 -> 00000000000000100000000000000000

 00010111 -> 00000000000001000000000000000000

 00011000 -> 00000000000010000000000000000000

 00011110 -> 00000000000100000000000000000000

 00011111 -> 00000000001000000000000000000000

 00100000 -> 00000000010000000000000000000000

 00100001 -> 00000000100000000000000000000000

 00100010 -> 00000001000000000000000000000000

 00100011 -> 00000010000000000000000000000000

 00100100 -> 00000100000000000000000000000000

 00100101 -> 00001000000000000000000000000000

 00100110 -> 00010000000000000000000000000000

 00100111 -> 00100000000000000000000000000000

 11111010 -> 01000000000000000000000000000000

 11111011 -> 10000000000000000000000000000000




GSR will not be inferred because no asynchronous signal was found in the netlist.
INFO - synthesis: Register \bus/rdata__i7 of type IFS1P3IX will not be replicated.
INFO - synthesis: Register \bus/rdata__i6 of type IFS1P3IX will not be replicated.
INFO - synthesis: Register \bus/rdata__i5 of type IFS1P3IX will not be replicated.
INFO - synthesis: Register \bus/rdata__i4 of type IFS1P3IX will not be replicated.
INFO - synthesis: Register \bus/rdata__i3 of type IFS1P3IX will not be replicated.
INFO - synthesis: Register \bus/rdata__i2 of type IFS1P3IX will not be replicated.
INFO - synthesis: Register \bus/rdata__i1 of type IFS1P3IX will not be replicated.
INFO - synthesis: Register \bus/rdata__i0 of type IFS1P3IX will not be replicated.
Applying 1.000000 MHz constraint to all clocks

Results of NGD DRC are available in top_drc.log.
Loading NGL library 'C:/lscc/diamond/3.14/ispfpga/xo2c00a/data/xo2alib.ngl'...
Loading NGL library 'C:/lscc/diamond/3.14/ispfpga/xo2c00/data/xo2clib.ngl'...
Loading NGL library 'C:/lscc/diamond/3.14/ispfpga/mg5g00/data/mg5glib.ngl'...
Loading NGL library 'C:/lscc/diamond/3.14/ispfpga/or5g00/data/orc5glib.ngl'...
All blocks are expanded and NGD expansion is successful.
Writing NGD file RomEmu_flash_bringup.ngd.

################### Begin Area Report (top)######################
Number of register bits => 209 of 1520 (13 % )
BB => 8
CCU2D => 26
FD1P3IX => 82
FD1S3AX => 4
FD1S3IX => 109
FD1S3JX => 2
GSR => 1
IFS1P3IX => 8
LUT4 => 566
OB => 27
OFS1P3IX => 1
OFS1P3JX => 3
OSCH => 1
PFUMX => 14
################### End Area Report ##################

################### Begin BlackBox Report ######################
TSALL => 1
################### End BlackBox Report ##################

################### Begin Clock Report ######################
Clock Nets
Number of Clocks: 1
  Net : clk, loads : 209
Clock Enable Nets
Number of Clock Enables: 15
Top 10 highest fanout Clock Enables:
  Net : clk_enable_24, loads : 29
  Net : clk_enable_93, loads : 24
  Net : bus/clk_enable_70, loads : 22
  Net : bus/clk_enable_20, loads : 8
  Net : clk_enable_45, loads : 8
  Net : clk_enable_18, loads : 4
  Net : clk_enable_31, loads : 1
  Net : bus/clk_enable_19, loads : 1
  Net : bus/clk_enable_46, loads : 1
  Net : clk_enable_15, loads : 1
Highest fanout non-clock nets
Top 10 highest fanout non-clock nets:
  Net : startup_ready_3__N_290, loads : 177
  Net : bus/bus_busy, loads : 98
  Net : cmd_step_0, loads : 54
  Net : test_index_0, loads : 47
  Net : bus/bus_done, loads : 46
  Net : test_index_4, loads : 41
  Net : test_pass_N_275, loads : 39
  Net : test_index_3, loads : 38
  Net : test_pass_N_267, loads : 31
  Net : n5_adj_460, loads : 30
################### End Clock Report ##################

Timing Report Summary
--------------
--------------------------------------------------------------------------------
Constraint                              |   Constraint|       Actual|Levels
--------------------------------------------------------------------------------
                                        |             |             |
create_clock -period 1000.000000 -name  |             |             |
clk0 [get_nets clk]                     |    1.000 MHz|   58.401 MHz|    10  
                                        |             |             |
--------------------------------------------------------------------------------


All constraints were met.


Peak Memory Usage: 80.738  MB

--------------------------------------------------------------
Elapsed CPU time for LSE flow : 2.297  secs
--------------------------------------------------------------
